14:53:22 **** Incremental Build of configuration Debug for project BareMetal_GPIO_Serial ****
make -j12 all 
arm-none-eabi-gcc "../Core/Src/main.c" -mcpu=cortex-m0plus -std=gnu11 -g3 -DDEBUG -DUSE_HAL_DRIVER -DSTM32G0B1xx -c -I../Core/Inc -I../Drivers/STM32G0xx_HAL_Driver/Inc -I../Drivers/STM32G0xx_HAL_Driver/Inc/Legacy -I../Drivers/CMSIS/Device/ST/STM32G0xx/Include -I../Drivers/CMSIS/Include -O0 -ffunction-sections -fdata-sections -Wall -fstack-usage -fcyclomatic-complexity -MMD -MP -MF"Core/Src/main.d" -MT"Core/Src/main.o" --specs=nano.specs -mfloat-abi=soft -mthumb -o "Core/Src/main.o"
arm-none-eabi-gcc -o "BareMetal_GPIO_Serial.elf" @"objects.list"   -mcpu=cortex-m0plus -T"C:\Users\ramekp\Desktop\STM32_Projects\Version_1_19\Full_Done\BareMetal_GPIO_Serial\BareMetal_GPIO_Serial\STM32G0B1RETX_FLASH.ld" --specs=nosys.specs -Wl,-Map="BareMetal_GPIO_Serial.map" -Wl,--gc-sections -static --specs=nano.specs -mfloat-abi=soft -mthumb -Wl,--start-group -lc -lm -Wl,--end-group
Finished building target: BareMetal_GPIO_Serial.elf
 
arm-none-eabi-size  BareMetal_GPIO_Serial.elf 
arm-none-eabi-objdump -h -S BareMetal_GPIO_Serial.elf  > "BareMetal_GPIO_Serial.list"
   text	   data	    bss	    dec	    hex	filename
  16104	     12	   1860	  17976	   4638	BareMetal_GPIO_Serial.elf
Finished building: default.size.stdout
 
Finished building: BareMetal_GPIO_Serial.list
 
14:53:28 **** Incremental Build of configuration Debug for project BareMetal_GPIO_Serial ****
make -j12 all 
arm-none-eabi-size  BareMetal_GPIO_Serial.elf 
   text	   data	    bss	    dec	    hex	filename
  16104	     12	   1860	  17976	   4638	BareMetal_GPIO_Serial.elf
Finished building: default.size.stdout
 
