19:29:36 **** Build of configuration Debug for project BareMetal_Serial_RS485_Board2_Bidirectional_Serial_Loopback ****
make -j12 all 
arm-none-eabi-gcc "../Drivers/STM32G0xx_HAL_Driver/Src/stm32g0xx_hal.c" -mcpu=cortex-m0plus -std=gnu11 -g3 -DDEBUG -DUSE_HAL_DRIVER -DSTM32G0B1xx -c -I../Core/Inc -I../Drivers/STM32G0xx_HAL_Driver/Inc -I../Drivers/STM32G0xx_HAL_Driver/Inc/Legacy -I../Drivers/CMSIS/Device/ST/STM32G0xx/Include -I../Drivers/CMSIS/Include -O0 -ffunction-sections -fdata-sections -Wall -fstack-usage -fcyclomatic-complexity -MMD -MP -MF"Drivers/STM32G0xx_HAL_Driver/Src/stm32g0xx_hal.d" -MT"Drivers/STM32G0xx_HAL_Driver/Src/stm32g0xx_hal.o" --specs=nano.specs -mfloat-abi=soft -mthumb -o "Drivers/STM32G0xx_HAL_Driver/Src/stm32g0xx_hal.o"
arm-none-eabi-gcc "../Drivers/STM32G0xx_HAL_Driver/Src/stm32g0xx_hal_cortex.c" -mcpu=cortex-m0plus -std=gnu11 -g3 -DDEBUG -DUSE_HAL_DRIVER -DSTM32G0B1xx -c -I../Core/Inc -I../Drivers/STM32G0xx_HAL_Driver/Inc -I../Drivers/STM32G0xx_HAL_Driver/Inc/Legacy -I../Drivers/CMSIS/Device/ST/STM32G0xx/Include -I../Drivers/CMSIS/Include -O0 -ffunction-sections -fdata-sections -Wall -fstack-usage -fcyclomatic-complexity -MMD -MP -MF"Drivers/STM32G0xx_HAL_Driver/Src/stm32g0xx_hal_cortex.d" -MT"Drivers/STM32G0xx_HAL_Driver/Src/stm32g0xx_hal_cortex.o" --specs=nano.specs -mfloat-abi=soft -mthumb -o "Drivers/STM32G0xx_HAL_Driver/Src/stm32g0xx_hal_cortex.o"
arm-none-eabi-gcc "../Drivers/STM32G0xx_HAL_Driver/Src/stm32g0xx_hal_dma.c" -mcpu=cortex-m0plus -std=gnu11 -g3 -DDEBUG -DUSE_HAL_DRIVER -DSTM32G0B1xx -c -I../Core/Inc -I../Drivers/STM32G0xx_HAL_Driver/Inc -I../Drivers/STM32G0xx_HAL_Driver/Inc/Legacy -I../Drivers/CMSIS/Device/ST/STM32G0xx/Include -I../Drivers/CMSIS/Include -O0 -ffunction-sections -fdata-sections -Wall -fstack-usage -fcyclomatic-complexity -MMD -MP -MF"Drivers/STM32G0xx_HAL_Driver/Src/stm32g0xx_hal_dma.d" -MT"Drivers/STM32G0xx_HAL_Driver/Src/stm32g0xx_hal_dma.o" --specs=nano.specs -mfloat-abi=soft -mthumb -o "Drivers/STM32G0xx_HAL_Driver/Src/stm32g0xx_hal_dma.o"
arm-none-eabi-gcc "../Drivers/STM32G0xx_HAL_Driver/Src/stm32g0xx_hal_dma_ex.c" -mcpu=cortex-m0plus -std=gnu11 -g3 -DDEBUG -DUSE_HAL_DRIVER -DSTM32G0B1xx -c -I../Core/Inc -I../Drivers/STM32G0xx_HAL_Driver/Inc -I../Drivers/STM32G0xx_HAL_Driver/Inc/Legacy -I../Drivers/CMSIS/Device/ST/STM32G0xx/Include -I../Drivers/CMSIS/Include -O0 -ffunction-sections -fdata-sections -Wall -fstack-usage -fcyclomatic-complexity -MMD -MP -MF"Drivers/STM32G0xx_HAL_Driver/Src/stm32g0xx_hal_dma_ex.d" -MT"Drivers/STM32G0xx_HAL_Driver/Src/stm32g0xx_hal_dma_ex.o" --specs=nano.specs -mfloat-abi=soft -mthumb -o "Drivers/STM32G0xx_HAL_Driver/Src/stm32g0xx_hal_dma_ex.o"
arm-none-eabi-gcc "../Drivers/STM32G0xx_HAL_Driver/Src/stm32g0xx_hal_exti.c" -mcpu=cortex-m0plus -std=gnu11 -g3 -DDEBUG -DUSE_HAL_DRIVER -DSTM32G0B1xx -c -I../Core/Inc -I../Drivers/STM32G0xx_HAL_Driver/Inc -I../Drivers/STM32G0xx_HAL_Driver/Inc/Legacy -I../Drivers/CMSIS/Device/ST/STM32G0xx/Include -I../Drivers/CMSIS/Include -O0 -ffunction-sections -fdata-sections -Wall -fstack-usage -fcyclomatic-complexity -MMD -MP -MF"Drivers/STM32G0xx_HAL_Driver/Src/stm32g0xx_hal_exti.d" -MT"Drivers/STM32G0xx_HAL_Driver/Src/stm32g0xx_hal_exti.o" --specs=nano.specs -mfloat-abi=soft -mthumb -o "Drivers/STM32G0xx_HAL_Driver/Src/stm32g0xx_hal_exti.o"
arm-none-eabi-gcc "../Drivers/STM32G0xx_HAL_Driver/Src/stm32g0xx_hal_flash.c" -mcpu=cortex-m0plus -std=gnu11 -g3 -DDEBUG -DUSE_HAL_DRIVER -DSTM32G0B1xx -c -I../Core/Inc -I../Drivers/STM32G0xx_HAL_Driver/Inc -I../Drivers/STM32G0xx_HAL_Driver/Inc/Legacy -I../Drivers/CMSIS/Device/ST/STM32G0xx/Include -I../Drivers/CMSIS/Include -O0 -ffunction-sections -fdata-sections -Wall -fstack-usage -fcyclomatic-complexity -MMD -MP -MF"Drivers/STM32G0xx_HAL_Driver/Src/stm32g0xx_hal_flash.d" -MT"Drivers/STM32G0xx_HAL_Driver/Src/stm32g0xx_hal_flash.o" --specs=nano.specs -mfloat-abi=soft -mthumb -o "Drivers/STM32G0xx_HAL_Driver/Src/stm32g0xx_hal_flash.o"
arm-none-eabi-gcc "../Drivers/STM32G0xx_HAL_Driver/Src/stm32g0xx_hal_flash_ex.c" -mcpu=cortex-m0plus -std=gnu11 -g3 -DDEBUG -DUSE_HAL_DRIVER -DSTM32G0B1xx -c -I../Core/Inc -I../Drivers/STM32G0xx_HAL_Driver/Inc -I../Drivers/STM32G0xx_HAL_Driver/Inc/Legacy -I../Drivers/CMSIS/Device/ST/STM32G0xx/Include -I../Drivers/CMSIS/Include -O0 -ffunction-sections -fdata-sections -Wall -fstack-usage -fcyclomatic-complexity -MMD -MP -MF"Drivers/STM32G0xx_HAL_Driver/Src/stm32g0xx_hal_flash_ex.d" -MT"Drivers/STM32G0xx_HAL_Driver/Src/stm32g0xx_hal_flash_ex.o" --specs=nano.specs -mfloat-abi=soft -mthumb -o "Drivers/STM32G0xx_HAL_Driver/Src/stm32g0xx_hal_flash_ex.o"
arm-none-eabi-gcc "../Drivers/STM32G0xx_HAL_Driver/Src/stm32g0xx_hal_gpio.c" -mcpu=cortex-m0plus -std=gnu11 -g3 -DDEBUG -DUSE_HAL_DRIVER -DSTM32G0B1xx -c -I../Core/Inc -I../Drivers/STM32G0xx_HAL_Driver/Inc -I../Drivers/STM32G0xx_HAL_Driver/Inc/Legacy -I../Drivers/CMSIS/Device/ST/STM32G0xx/Include -I../Drivers/CMSIS/Include -O0 -ffunction-sections -fdata-sections -Wall -fstack-usage -fcyclomatic-complexity -MMD -MP -MF"Drivers/STM32G0xx_HAL_Driver/Src/stm32g0xx_hal_gpio.d" -MT"Drivers/STM32G0xx_HAL_Driver/Src/stm32g0xx_hal_gpio.o" --specs=nano.specs -mfloat-abi=soft -mthumb -o "Drivers/STM32G0xx_HAL_Driver/Src/stm32g0xx_hal_gpio.o"
arm-none-eabi-gcc "../Drivers/STM32G0xx_HAL_Driver/Src/stm32g0xx_hal_pwr.c" -mcpu=cortex-m0plus -std=gnu11 -g3 -DDEBUG -DUSE_HAL_DRIVER -DSTM32G0B1xx -c -I../Core/Inc -I../Drivers/STM32G0xx_HAL_Driver/Inc -I../Drivers/STM32G0xx_HAL_Driver/Inc/Legacy -I../Drivers/CMSIS/Device/ST/STM32G0xx/Include -I../Drivers/CMSIS/Include -O0 -ffunction-sections -fdata-sections -Wall -fstack-usage -fcyclomatic-complexity -MMD -MP -MF"Drivers/STM32G0xx_HAL_Driver/Src/stm32g0xx_hal_pwr.d" -MT"Drivers/STM32G0xx_HAL_Driver/Src/stm32g0xx_hal_pwr.o" --specs=nano.specs -mfloat-abi=soft -mthumb -o "Drivers/STM32G0xx_HAL_Driver/Src/stm32g0xx_hal_pwr.o"
arm-none-eabi-gcc "../Drivers/STM32G0xx_HAL_Driver/Src/stm32g0xx_hal_pwr_ex.c" -mcpu=cortex-m0plus -std=gnu11 -g3 -DDEBUG -DUSE_HAL_DRIVER -DSTM32G0B1xx -c -I../Core/Inc -I../Drivers/STM32G0xx_HAL_Driver/Inc -I../Drivers/STM32G0xx_HAL_Driver/Inc/Legacy -I../Drivers/CMSIS/Device/ST/STM32G0xx/Include -I../Drivers/CMSIS/Include -O0 -ffunction-sections -fdata-sections -Wall -fstack-usage -fcyclomatic-complexity -MMD -MP -MF"Drivers/STM32G0xx_HAL_Driver/Src/stm32g0xx_hal_pwr_ex.d" -MT"Drivers/STM32G0xx_HAL_Driver/Src/stm32g0xx_hal_pwr_ex.o" --specs=nano.specs -mfloat-abi=soft -mthumb -o "Drivers/STM32G0xx_HAL_Driver/Src/stm32g0xx_hal_pwr_ex.o"
arm-none-eabi-gcc "../Drivers/STM32G0xx_HAL_Driver/Src/stm32g0xx_hal_rcc.c" -mcpu=cortex-m0plus -std=gnu11 -g3 -DDEBUG -DUSE_HAL_DRIVER -DSTM32G0B1xx -c -I../Core/Inc -I../Drivers/STM32G0xx_HAL_Driver/Inc -I../Drivers/STM32G0xx_HAL_Driver/Inc/Legacy -I../Drivers/CMSIS/Device/ST/STM32G0xx/Include -I../Drivers/CMSIS/Include -O0 -ffunction-sections -fdata-sections -Wall -fstack-usage -fcyclomatic-complexity -MMD -MP -MF"Drivers/STM32G0xx_HAL_Driver/Src/stm32g0xx_hal_rcc.d" -MT"Drivers/STM32G0xx_HAL_Driver/Src/stm32g0xx_hal_rcc.o" --specs=nano.specs -mfloat-abi=soft -mthumb -o "Drivers/STM32G0xx_HAL_Driver/Src/stm32g0xx_hal_rcc.o"
arm-none-eabi-gcc "../Drivers/STM32G0xx_HAL_Driver/Src/stm32g0xx_hal_rcc_ex.c" -mcpu=cortex-m0plus -std=gnu11 -g3 -DDEBUG -DUSE_HAL_DRIVER -DSTM32G0B1xx -c -I../Core/Inc -I../Drivers/STM32G0xx_HAL_Driver/Inc -I../Drivers/STM32G0xx_HAL_Driver/Inc/Legacy -I../Drivers/CMSIS/Device/ST/STM32G0xx/Include -I../Drivers/CMSIS/Include -O0 -ffunction-sections -fdata-sections -Wall -fstack-usage -fcyclomatic-complexity -MMD -MP -MF"Drivers/STM32G0xx_HAL_Driver/Src/stm32g0xx_hal_rcc_ex.d" -MT"Drivers/STM32G0xx_HAL_Driver/Src/stm32g0xx_hal_rcc_ex.o" --specs=nano.specs -mfloat-abi=soft -mthumb -o "Drivers/STM32G0xx_HAL_Driver/Src/stm32g0xx_hal_rcc_ex.o"
arm-none-eabi-gcc "../Drivers/STM32G0xx_HAL_Driver/Src/stm32g0xx_hal_uart.c" -mcpu=cortex-m0plus -std=gnu11 -g3 -DDEBUG -DUSE_HAL_DRIVER -DSTM32G0B1xx -c -I../Core/Inc -I../Drivers/STM32G0xx_HAL_Driver/Inc -I../Drivers/STM32G0xx_HAL_Driver/Inc/Legacy -I../Drivers/CMSIS/Device/ST/STM32G0xx/Include -I../Drivers/CMSIS/Include -O0 -ffunction-sections -fdata-sections -Wall -fstack-usage -fcyclomatic-complexity -MMD -MP -MF"Drivers/STM32G0xx_HAL_Driver/Src/stm32g0xx_hal_uart.d" -MT"Drivers/STM32G0xx_HAL_Driver/Src/stm32g0xx_hal_uart.o" --specs=nano.specs -mfloat-abi=soft -mthumb -o "Drivers/STM32G0xx_HAL_Driver/Src/stm32g0xx_hal_uart.o"
arm-none-eabi-gcc "../Drivers/STM32G0xx_HAL_Driver/Src/stm32g0xx_hal_uart_ex.c" -mcpu=cortex-m0plus -std=gnu11 -g3 -DDEBUG -DUSE_HAL_DRIVER -DSTM32G0B1xx -c -I../Core/Inc -I../Drivers/STM32G0xx_HAL_Driver/Inc -I../Drivers/STM32G0xx_HAL_Driver/Inc/Legacy -I../Drivers/CMSIS/Device/ST/STM32G0xx/Include -I../Drivers/CMSIS/Include -O0 -ffunction-sections -fdata-sections -Wall -fstack-usage -fcyclomatic-complexity -MMD -MP -MF"Drivers/STM32G0xx_HAL_Driver/Src/stm32g0xx_hal_uart_ex.d" -MT"Drivers/STM32G0xx_HAL_Driver/Src/stm32g0xx_hal_uart_ex.o" --specs=nano.specs -mfloat-abi=soft -mthumb -o "Drivers/STM32G0xx_HAL_Driver/Src/stm32g0xx_hal_uart_ex.o"
arm-none-eabi-gcc "../Drivers/STM32G0xx_HAL_Driver/Src/stm32g0xx_ll_rcc.c" -mcpu=cortex-m0plus -std=gnu11 -g3 -DDEBUG -DUSE_HAL_DRIVER -DSTM32G0B1xx -c -I../Core/Inc -I../Drivers/STM32G0xx_HAL_Driver/Inc -I../Drivers/STM32G0xx_HAL_Driver/Inc/Legacy -I../Drivers/CMSIS/Device/ST/STM32G0xx/Include -I../Drivers/CMSIS/Include -O0 -ffunction-sections -fdata-sections -Wall -fstack-usage -fcyclomatic-complexity -MMD -MP -MF"Drivers/STM32G0xx_HAL_Driver/Src/stm32g0xx_ll_rcc.d" -MT"Drivers/STM32G0xx_HAL_Driver/Src/stm32g0xx_ll_rcc.o" --specs=nano.specs -mfloat-abi=soft -mthumb -o "Drivers/STM32G0xx_HAL_Driver/Src/stm32g0xx_ll_rcc.o"
arm-none-eabi-gcc -mcpu=cortex-m0plus -g3 -DDEBUG -c -x assembler-with-cpp -MMD -MP -MF"Core/Startup/startup_stm32g0b1retx.d" -MT"Core/Startup/startup_stm32g0b1retx.o" --specs=nano.specs -mfloat-abi=soft -mthumb -o "Core/Startup/startup_stm32g0b1retx.o" "../Core/Startup/startup_stm32g0b1retx.s"
arm-none-eabi-gcc "../Core/Src/gpio.c" -mcpu=cortex-m0plus -std=gnu11 -g3 -DDEBUG -DUSE_HAL_DRIVER -DSTM32G0B1xx -c -I../Core/Inc -I../Drivers/STM32G0xx_HAL_Driver/Inc -I../Drivers/STM32G0xx_HAL_Driver/Inc/Legacy -I../Drivers/CMSIS/Device/ST/STM32G0xx/Include -I../Drivers/CMSIS/Include -O0 -ffunction-sections -fdata-sections -Wall -fstack-usage -fcyclomatic-complexity -MMD -MP -MF"Core/Src/gpio.d" -MT"Core/Src/gpio.o" --specs=nano.specs -mfloat-abi=soft -mthumb -o "Core/Src/gpio.o"
arm-none-eabi-gcc "../Core/Src/main.c" -mcpu=cortex-m0plus -std=gnu11 -g3 -DDEBUG -DUSE_HAL_DRIVER -DSTM32G0B1xx -c -I../Core/Inc -I../Drivers/STM32G0xx_HAL_Driver/Inc -I../Drivers/STM32G0xx_HAL_Driver/Inc/Legacy -I../Drivers/CMSIS/Device/ST/STM32G0xx/Include -I../Drivers/CMSIS/Include -O0 -ffunction-sections -fdata-sections -Wall -fstack-usage -fcyclomatic-complexity -MMD -MP -MF"Core/Src/main.d" -MT"Core/Src/main.o" --specs=nano.specs -mfloat-abi=soft -mthumb -o "Core/Src/main.o"
arm-none-eabi-gcc "../Core/Src/stm32g0xx_hal_msp.c" -mcpu=cortex-m0plus -std=gnu11 -g3 -DDEBUG -DUSE_HAL_DRIVER -DSTM32G0B1xx -c -I../Core/Inc -I../Drivers/STM32G0xx_HAL_Driver/Inc -I../Drivers/STM32G0xx_HAL_Driver/Inc/Legacy -I../Drivers/CMSIS/Device/ST/STM32G0xx/Include -I../Drivers/CMSIS/Include -O0 -ffunction-sections -fdata-sections -Wall -fstack-usage -fcyclomatic-complexity -MMD -MP -MF"Core/Src/stm32g0xx_hal_msp.d" -MT"Core/Src/stm32g0xx_hal_msp.o" --specs=nano.specs -mfloat-abi=soft -mthumb -o "Core/Src/stm32g0xx_hal_msp.o"
arm-none-eabi-gcc "../Core/Src/stm32g0xx_it.c" -mcpu=cortex-m0plus -std=gnu11 -g3 -DDEBUG -DUSE_HAL_DRIVER -DSTM32G0B1xx -c -I../Core/Inc -I../Drivers/STM32G0xx_HAL_Driver/Inc -I../Drivers/STM32G0xx_HAL_Driver/Inc/Legacy -I../Drivers/CMSIS/Device/ST/STM32G0xx/Include -I../Drivers/CMSIS/Include -O0 -ffunction-sections -fdata-sections -Wall -fstack-usage -fcyclomatic-complexity -MMD -MP -MF"Core/Src/stm32g0xx_it.d" -MT"Core/Src/stm32g0xx_it.o" --specs=nano.specs -mfloat-abi=soft -mthumb -o "Core/Src/stm32g0xx_it.o"
arm-none-eabi-gcc "../Core/Src/syscalls.c" -mcpu=cortex-m0plus -std=gnu11 -g3 -DDEBUG -DUSE_HAL_DRIVER -DSTM32G0B1xx -c -I../Core/Inc -I../Drivers/STM32G0xx_HAL_Driver/Inc -I../Drivers/STM32G0xx_HAL_Driver/Inc/Legacy -I../Drivers/CMSIS/Device/ST/STM32G0xx/Include -I../Drivers/CMSIS/Include -O0 -ffunction-sections -fdata-sections -Wall -fstack-usage -fcyclomatic-complexity -MMD -MP -MF"Core/Src/syscalls.d" -MT"Core/Src/syscalls.o" --specs=nano.specs -mfloat-abi=soft -mthumb -o "Core/Src/syscalls.o"
arm-none-eabi-gcc "../Core/Src/sysmem.c" -mcpu=cortex-m0plus -std=gnu11 -g3 -DDEBUG -DUSE_HAL_DRIVER -DSTM32G0B1xx -c -I../Core/Inc -I../Drivers/STM32G0xx_HAL_Driver/Inc -I../Drivers/STM32G0xx_HAL_Driver/Inc/Legacy -I../Drivers/CMSIS/Device/ST/STM32G0xx/Include -I../Drivers/CMSIS/Include -O0 -ffunction-sections -fdata-sections -Wall -fstack-usage -fcyclomatic-complexity -MMD -MP -MF"Core/Src/sysmem.d" -MT"Core/Src/sysmem.o" --specs=nano.specs -mfloat-abi=soft -mthumb -o "Core/Src/sysmem.o"
arm-none-eabi-gcc "../Core/Src/system_stm32g0xx.c" -mcpu=cortex-m0plus -std=gnu11 -g3 -DDEBUG -DUSE_HAL_DRIVER -DSTM32G0B1xx -c -I../Core/Inc -I../Drivers/STM32G0xx_HAL_Driver/Inc -I../Drivers/STM32G0xx_HAL_Driver/Inc/Legacy -I../Drivers/CMSIS/Device/ST/STM32G0xx/Include -I../Drivers/CMSIS/Include -O0 -ffunction-sections -fdata-sections -Wall -fstack-usage -fcyclomatic-complexity -MMD -MP -MF"Core/Src/system_stm32g0xx.d" -MT"Core/Src/system_stm32g0xx.o" --specs=nano.specs -mfloat-abi=soft -mthumb -o "Core/Src/system_stm32g0xx.o"
arm-none-eabi-gcc "../Core/Src/usart.c" -mcpu=cortex-m0plus -std=gnu11 -g3 -DDEBUG -DUSE_HAL_DRIVER -DSTM32G0B1xx -c -I../Core/Inc -I../Drivers/STM32G0xx_HAL_Driver/Inc -I../Drivers/STM32G0xx_HAL_Driver/Inc/Legacy -I../Drivers/CMSIS/Device/ST/STM32G0xx/Include -I../Drivers/CMSIS/Include -O0 -ffunction-sections -fdata-sections -Wall -fstack-usage -fcyclomatic-complexity -MMD -MP -MF"Core/Src/usart.d" -MT"Core/Src/usart.o" --specs=nano.specs -mfloat-abi=soft -mthumb -o "Core/Src/usart.o"
arm-none-eabi-gcc -o "BareMetal_Serial_RS485_Board2_Bidirectional_Serial_Loopback.elf" @"objects.list"   -mcpu=cortex-m0plus -T"C:\Users\ramekp\Desktop\STM32_Projects\Version_1_19\BareMetal_Serial_RS485_Board2_Bidirectional_Serial_Loopback\BareMetal_Serial_RS485_Board2_Bidirectional_Serial_Loopback\STM32G0B1RETX_FLASH.ld" --specs=nosys.specs -Wl,-Map="BareMetal_Serial_RS485_Board2_Bidirectional_Serial_Loopback.map" -Wl,--gc-sections -static --specs=nano.specs -mfloat-abi=soft -mthumb -Wl,--start-group -lc -lm -Wl,--end-group
Finished building target: BareMetal_Serial_RS485_Board2_Bidirectional_Serial_Loopback.elf
 
arm-none-eabi-size  BareMetal_Serial_RS485_Board2_Bidirectional_Serial_Loopback.elf 
arm-none-eabi-objdump -h -S BareMetal_Serial_RS485_Board2_Bidirectional_Serial_Loopback.elf  > "BareMetal_Serial_RS485_Board2_Bidirectional_Serial_Loopback.list"
   text	   data	    bss	    dec	    hex	filename
  12136	     12	   2012	  14160	   3750	BareMetal_Serial_RS485_Board2_Bidirectional_Serial_Loopback.elf
Finished building: default.size.stdout
 
Finished building: BareMetal_Serial_RS485_Board2_Bidirectional_Serial_Loopback.list
 
19:31:39 **** Incremental Build of configuration Debug for project BareMetal_Serial_RS485_Board2_Bidirectional_Serial_Loopback ****
make -j12 all 
arm-none-eabi-gcc "../Core/Src/main.c" -mcpu=cortex-m0plus -std=gnu11 -g3 -DDEBUG -DUSE_HAL_DRIVER -DSTM32G0B1xx -c -I../Core/Inc -I../Drivers/STM32G0xx_HAL_Driver/Inc -I../Drivers/STM32G0xx_HAL_Driver/Inc/Legacy -I../Drivers/CMSIS/Device/ST/STM32G0xx/Include -I../Drivers/CMSIS/Include -O0 -ffunction-sections -fdata-sections -Wall -fstack-usage -fcyclomatic-complexity -MMD -MP -MF"Core/Src/main.d" -MT"Core/Src/main.o" --specs=nano.specs -mfloat-abi=soft -mthumb -o "Core/Src/main.o"
arm-none-eabi-gcc -o "BareMetal_Serial_RS485_Board2_Bidirectional_Serial_Loopback.elf" @"objects.list"   -mcpu=cortex-m0plus -T"C:\Users\ramekp\Desktop\STM32_Projects\Version_1_19\BareMetal_Serial_RS485_Board2_Bidirectional_Serial_Loopback\BareMetal_Serial_RS485_Board2_Bidirectional_Serial_Loopback\STM32G0B1RETX_FLASH.ld" --specs=nosys.specs -Wl,-Map="BareMetal_Serial_RS485_Board2_Bidirectional_Serial_Loopback.map" -Wl,--gc-sections -static --specs=nano.specs -mfloat-abi=soft -mthumb -Wl,--start-group -lc -lm -Wl,--end-group
Finished building target: BareMetal_Serial_RS485_Board2_Bidirectional_Serial_Loopback.elf
 
arm-none-eabi-size  BareMetal_Serial_RS485_Board2_Bidirectional_Serial_Loopback.elf 
arm-none-eabi-objdump -h -S BareMetal_Serial_RS485_Board2_Bidirectional_Serial_Loopback.elf  > "BareMetal_Serial_RS485_Board2_Bidirectional_Serial_Loopback.list"
   text	   data	    bss	    dec	    hex	filename
  12136	     12	   2012	  14160	   3750	BareMetal_Serial_RS485_Board2_Bidirectional_Serial_Loopback.elf
Finished building: default.size.stdout
 
Finished building: BareMetal_Serial_RS485_Board2_Bidirectional_Serial_Loopback.list
 
19:32:26 **** Incremental Build of configuration Debug for project BareMetal_Serial_RS485_Board2_Bidirectional_Serial_Loopback ****
make -j12 all 
arm-none-eabi-gcc "../Core/Src/main.c" -mcpu=cortex-m0plus -std=gnu11 -g3 -DDEBUG -DUSE_HAL_DRIVER -DSTM32G0B1xx -c -I../Core/Inc -I../Drivers/STM32G0xx_HAL_Driver/Inc -I../Drivers/STM32G0xx_HAL_Driver/Inc/Legacy -I../Drivers/CMSIS/Device/ST/STM32G0xx/Include -I../Drivers/CMSIS/Include -O0 -ffunction-sections -fdata-sections -Wall -fstack-usage -fcyclomatic-complexity -MMD -MP -MF"Core/Src/main.d" -MT"Core/Src/main.o" --specs=nano.specs -mfloat-abi=soft -mthumb -o "Core/Src/main.o"
../Core/Src/main.c: In function 'uart2_print':
../Core/Src/main.c:28:55: warning: implicit declaration of function 'strlen' [-Wimplicit-function-declaration]
   28 |     HAL_UART_Transmit(&huart2, (uint8_t*)s, (uint16_t)strlen(s), 50U);
      |                                                       ^~~~~~
../Core/Src/main.c:4:1: note: include '<string.h>' or provide a declaration of 'strlen'
    3 | #include "gpio.h"
  +++ |+#include <string.h>
    4 | 
../Core/Src/main.c:28:55: warning: incompatible implicit declaration of built-in function 'strlen' [-Wbuiltin-declaration-mismatch]
   28 |     HAL_UART_Transmit(&huart2, (uint8_t*)s, (uint16_t)strlen(s), 50U);
      |                                                       ^~~~~~
../Core/Src/main.c:28:55: note: include '<string.h>' or provide a declaration of 'strlen'
arm-none-eabi-gcc -o "BareMetal_Serial_RS485_Board2_Bidirectional_Serial_Loopback.elf" @"objects.list"   -mcpu=cortex-m0plus -T"C:\Users\ramekp\Desktop\STM32_Projects\Version_1_19\BareMetal_Serial_RS485_Board2_Bidirectional_Serial_Loopback\BareMetal_Serial_RS485_Board2_Bidirectional_Serial_Loopback\STM32G0B1RETX_FLASH.ld" --specs=nosys.specs -Wl,-Map="BareMetal_Serial_RS485_Board2_Bidirectional_Serial_Loopback.map" -Wl,--gc-sections -static --specs=nano.specs -mfloat-abi=soft -mthumb -Wl,--start-group -lc -lm -Wl,--end-group
Finished building target: BareMetal_Serial_RS485_Board2_Bidirectional_Serial_Loopback.elf
 
arm-none-eabi-size  BareMetal_Serial_RS485_Board2_Bidirectional_Serial_Loopback.elf 
arm-none-eabi-objdump -h -S BareMetal_Serial_RS485_Board2_Bidirectional_Serial_Loopback.elf  > "BareMetal_Serial_RS485_Board2_Bidirectional_Serial_Loopback.list"
   text	   data	    bss	    dec	    hex	filename
  12564	     12	   2012	  14588	   38fc	BareMetal_Serial_RS485_Board2_Bidirectional_Serial_Loopback.elf
Finished building: default.size.stdout
 
Finished building: BareMetal_Serial_RS485_Board2_Bidirectional_Serial_Loopback.list
 
19:32:43 **** Incremental Build of configuration Debug for project BareMetal_Serial_RS485_Board2_Bidirectional_Serial_Loopback ****
make -j12 all 
arm-none-eabi-gcc "../Core/Src/main.c" -mcpu=cortex-m0plus -std=gnu11 -g3 -DDEBUG -DUSE_HAL_DRIVER -DSTM32G0B1xx -c -I../Core/Inc -I../Drivers/STM32G0xx_HAL_Driver/Inc -I../Drivers/STM32G0xx_HAL_Driver/Inc/Legacy -I../Drivers/CMSIS/Device/ST/STM32G0xx/Include -I../Drivers/CMSIS/Include -O0 -ffunction-sections -fdata-sections -Wall -fstack-usage -fcyclomatic-complexity -MMD -MP -MF"Core/Src/main.d" -MT"Core/Src/main.o" --specs=nano.specs -mfloat-abi=soft -mthumb -o "Core/Src/main.o"
arm-none-eabi-gcc -o "BareMetal_Serial_RS485_Board2_Bidirectional_Serial_Loopback.elf" @"objects.list"   -mcpu=cortex-m0plus -T"C:\Users\ramekp\Desktop\STM32_Projects\Version_1_19\BareMetal_Serial_RS485_Board2_Bidirectional_Serial_Loopback\BareMetal_Serial_RS485_Board2_Bidirectional_Serial_Loopback\STM32G0B1RETX_FLASH.ld" --specs=nosys.specs -Wl,-Map="BareMetal_Serial_RS485_Board2_Bidirectional_Serial_Loopback.map" -Wl,--gc-sections -static --specs=nano.specs -mfloat-abi=soft -mthumb -Wl,--start-group -lc -lm -Wl,--end-group
Finished building target: BareMetal_Serial_RS485_Board2_Bidirectional_Serial_Loopback.elf
 
arm-none-eabi-size  BareMetal_Serial_RS485_Board2_Bidirectional_Serial_Loopback.elf 
arm-none-eabi-objdump -h -S BareMetal_Serial_RS485_Board2_Bidirectional_Serial_Loopback.elf  > "BareMetal_Serial_RS485_Board2_Bidirectional_Serial_Loopback.list"
   text	   data	    bss	    dec	    hex	filename
  12564	     12	   2012	  14588	   38fc	BareMetal_Serial_RS485_Board2_Bidirectional_Serial_Loopback.elf
Finished building: default.size.stdout
 
Finished building: BareMetal_Serial_RS485_Board2_Bidirectional_Serial_Loopback.list
 
19:32:54 **** Incremental Build of configuration Debug for project BareMetal_Serial_RS485_Board2_Bidirectional_Serial_Loopback ****
make -j12 all 
arm-none-eabi-size  BareMetal_Serial_RS485_Board2_Bidirectional_Serial_Loopback.elf 
   text	   data	    bss	    dec	    hex	filename
  12564	     12	   2012	  14588	   38fc	BareMetal_Serial_RS485_Board2_Bidirectional_Serial_Loopback.elf
Finished building: default.size.stdout
 
19:36:12 **** Incremental Build of configuration Debug for project BareMetal_Serial_RS485_Board2_Bidirectional_Serial_Loopback ****
make -j12 all 
arm-none-eabi-gcc "../Core/Src/main.c" -mcpu=cortex-m0plus -std=gnu11 -g3 -DDEBUG -DUSE_HAL_DRIVER -DSTM32G0B1xx -c -I../Core/Inc -I../Drivers/STM32G0xx_HAL_Driver/Inc -I../Drivers/STM32G0xx_HAL_Driver/Inc/Legacy -I../Drivers/CMSIS/Device/ST/STM32G0xx/Include -I../Drivers/CMSIS/Include -O0 -ffunction-sections -fdata-sections -Wall -fstack-usage -fcyclomatic-complexity -MMD -MP -MF"Core/Src/main.d" -MT"Core/Src/main.o" --specs=nano.specs -mfloat-abi=soft -mthumb -o "Core/Src/main.o"
arm-none-eabi-gcc -o "BareMetal_Serial_RS485_Board2_Bidirectional_Serial_Loopback.elf" @"objects.list"   -mcpu=cortex-m0plus -T"C:\Users\ramekp\Desktop\STM32_Projects\Version_1_19\BareMetal_Serial_RS485_Board2_Bidirectional_Serial_Loopback\BareMetal_Serial_RS485_Board2_Bidirectional_Serial_Loopback\STM32G0B1RETX_FLASH.ld" --specs=nosys.specs -Wl,-Map="BareMetal_Serial_RS485_Board2_Bidirectional_Serial_Loopback.map" -Wl,--gc-sections -static --specs=nano.specs -mfloat-abi=soft -mthumb -Wl,--start-group -lc -lm -Wl,--end-group
Finished building target: BareMetal_Serial_RS485_Board2_Bidirectional_Serial_Loopback.elf
 
arm-none-eabi-size  BareMetal_Serial_RS485_Board2_Bidirectional_Serial_Loopback.elf 
arm-none-eabi-objdump -h -S BareMetal_Serial_RS485_Board2_Bidirectional_Serial_Loopback.elf  > "BareMetal_Serial_RS485_Board2_Bidirectional_Serial_Loopback.list"
   text	   data	    bss	    dec	    hex	filename
  13460	     12	   2012	  15484	   3c7c	BareMetal_Serial_RS485_Board2_Bidirectional_Serial_Loopback.elf
Finished building: default.size.stdout
 
Finished building: BareMetal_Serial_RS485_Board2_Bidirectional_Serial_Loopback.list
 
19:36:18 **** Incremental Build of configuration Debug for project BareMetal_Serial_RS485_Board2_Bidirectional_Serial_Loopback ****
make -j12 all 
arm-none-eabi-size  BareMetal_Serial_RS485_Board2_Bidirectional_Serial_Loopback.elf 
   text	   data	    bss	    dec	    hex	filename
  13460	     12	   2012	  15484	   3c7c	BareMetal_Serial_RS485_Board2_Bidirectional_Serial_Loopback.elf
Finished building: default.size.stdout
 
09:50:34 **** Incremental Build of configuration Debug for project BareMetal_Serial_RS485_Board2_Bidirectional_Serial_Loopback ****
make -j12 all 
arm-none-eabi-gcc "../Core/Src/main.c" -mcpu=cortex-m0plus -std=gnu11 -g3 -DDEBUG -DUSE_HAL_DRIVER -DSTM32G0B1xx -c -I../Core/Inc -I../Drivers/STM32G0xx_HAL_Driver/Inc -I../Drivers/STM32G0xx_HAL_Driver/Inc/Legacy -I../Drivers/CMSIS/Device/ST/STM32G0xx/Include -I../Drivers/CMSIS/Include -O0 -ffunction-sections -fdata-sections -Wall -fstack-usage -fcyclomatic-complexity -MMD -MP -MF"Core/Src/main.d" -MT"Core/Src/main.o" --specs=nano.specs -mfloat-abi=soft -mthumb -o "Core/Src/main.o"
arm-none-eabi-gcc -o "BareMetal_Serial_RS485_Board2_Bidirectional_Serial_Loopback.elf" @"objects.list"   -mcpu=cortex-m0plus -T"C:\Users\ramekp\Desktop\STM32_Projects\Version_1_19\BareMetal_Serial_RS485_Board2_Bidirectional_Serial_Loopback\BareMetal_Serial_RS485_Board2_Bidirectional_Serial_Loopback\STM32G0B1RETX_FLASH.ld" --specs=nosys.specs -Wl,-Map="BareMetal_Serial_RS485_Board2_Bidirectional_Serial_Loopback.map" -Wl,--gc-sections -static --specs=nano.specs -mfloat-abi=soft -mthumb -Wl,--start-group -lc -lm -Wl,--end-group
Finished building target: BareMetal_Serial_RS485_Board2_Bidirectional_Serial_Loopback.elf
 
arm-none-eabi-size  BareMetal_Serial_RS485_Board2_Bidirectional_Serial_Loopback.elf 
arm-none-eabi-objdump -h -S BareMetal_Serial_RS485_Board2_Bidirectional_Serial_Loopback.elf  > "BareMetal_Serial_RS485_Board2_Bidirectional_Serial_Loopback.list"
   text	   data	    bss	    dec	    hex	filename
  13472	     12	   2012	  15496	   3c88	BareMetal_Serial_RS485_Board2_Bidirectional_Serial_Loopback.elf
Finished building: default.size.stdout
 
Finished building: BareMetal_Serial_RS485_Board2_Bidirectional_Serial_Loopback.list
 
09:50:46 **** Incremental Build of configuration Debug for project BareMetal_Serial_RS485_Board2_Bidirectional_Serial_Loopback ****
make -j12 all 
arm-none-eabi-size  BareMetal_Serial_RS485_Board2_Bidirectional_Serial_Loopback.elf 
   text	   data	    bss	    dec	    hex	filename
  13472	     12	   2012	  15496	   3c88	BareMetal_Serial_RS485_Board2_Bidirectional_Serial_Loopback.elf
Finished building: default.size.stdout
 
09:52:24 **** Incremental Build of configuration Debug for project BareMetal_Serial_RS485_Board2_Bidirectional_Serial_Loopback ****
make -j12 all 
arm-none-eabi-size  BareMetal_Serial_RS485_Board2_Bidirectional_Serial_Loopback.elf 
   text	   data	    bss	    dec	    hex	filename
  13472	     12	   2012	  15496	   3c88	BareMetal_Serial_RS485_Board2_Bidirectional_Serial_Loopback.elf
Finished building: default.size.stdout
 
09:52:31 **** Incremental Build of configuration Debug for project BareMetal_Serial_RS485_Board2_Bidirectional_Serial_Loopback ****
make -j12 all 
arm-none-eabi-size  BareMetal_Serial_RS485_Board2_Bidirectional_Serial_Loopback.elf 
   text	   data	    bss	    dec	    hex	filename
  13472	     12	   2012	  15496	   3c88	BareMetal_Serial_RS485_Board2_Bidirectional_Serial_Loopback.elf
Finished building: default.size.stdout
 
10:05:22 **** Incremental Build of configuration Debug for project BareMetal_Serial_RS485_Board2_Bidirectional_Serial_Loopback ****
make -j12 all 
arm-none-eabi-gcc "../Core/Src/main.c" -mcpu=cortex-m0plus -std=gnu11 -g3 -DDEBUG -DUSE_HAL_DRIVER -DSTM32G0B1xx -c -I../Core/Inc -I../Drivers/STM32G0xx_HAL_Driver/Inc -I../Drivers/STM32G0xx_HAL_Driver/Inc/Legacy -I../Drivers/CMSIS/Device/ST/STM32G0xx/Include -I../Drivers/CMSIS/Include -O0 -ffunction-sections -fdata-sections -Wall -fstack-usage -fcyclomatic-complexity -MMD -MP -MF"Core/Src/main.d" -MT"Core/Src/main.o" --specs=nano.specs -mfloat-abi=soft -mthumb -o "Core/Src/main.o"
../Core/Src/main.c:34:13: warning: 'uart6_print' defined but not used [-Wunused-function]
   34 | static void uart6_print(const char* s) {
      |             ^~~~~~~~~~~
../Core/Src/main.c: In function 'uart4_receive':
../Core/Src/main.c:54:57: warning: '
   ' directive writing 2 bytes into a region of size 1 [-Wformat-overflow=]
   54 |             sprintf(debug_byte, "Received byte: 0x%02X\r\n", buffer[index]);
      |                                                       ~~^~
../Core/Src/main.c:54:13: note: 'sprintf' output 22 bytes into a destination of size 20
   54 |             sprintf(debug_byte, "Received byte: 0x%02X\r\n", buffer[index]);
      |             ^~~~~~~~~~~~~~~~~~~~~~~~~~~~~~~~~~~~~~~~~~~~~~~~~~~~~~~~~~~~~~~
arm-none-eabi-gcc -o "BareMetal_Serial_RS485_Board2_Bidirectional_Serial_Loopback.elf" @"objects.list"   -mcpu=cortex-m0plus -T"C:\Users\ramekp\Desktop\STM32_Projects\Version_1_19\BareMetal_Serial_RS485_Board2_Bidirectional_Serial_Loopback\BareMetal_Serial_RS485_Board2_Bidirectional_Serial_Loopback\STM32G0B1RETX_FLASH.ld" --specs=nosys.specs -Wl,-Map="BareMetal_Serial_RS485_Board2_Bidirectional_Serial_Loopback.map" -Wl,--gc-sections -static --specs=nano.specs -mfloat-abi=soft -mthumb -Wl,--start-group -lc -lm -Wl,--end-group
Finished building target: BareMetal_Serial_RS485_Board2_Bidirectional_Serial_Loopback.elf
 
arm-none-eabi-size  BareMetal_Serial_RS485_Board2_Bidirectional_Serial_Loopback.elf 
arm-none-eabi-objdump -h -S BareMetal_Serial_RS485_Board2_Bidirectional_Serial_Loopback.elf  > "BareMetal_Serial_RS485_Board2_Bidirectional_Serial_Loopback.list"
   text	   data	    bss	    dec	    hex	filename
  16396	     92	   2348	  18836	   4994	BareMetal_Serial_RS485_Board2_Bidirectional_Serial_Loopback.elf
Finished building: default.size.stdout
 
Finished building: BareMetal_Serial_RS485_Board2_Bidirectional_Serial_Loopback.list
 
10:06:14 **** Incremental Build of configuration Debug for project BareMetal_Serial_RS485_Board2_Bidirectional_Serial_Loopback ****
make -j12 all 
arm-none-eabi-gcc "../Core/Src/main.c" -mcpu=cortex-m0plus -std=gnu11 -g3 -DDEBUG -DUSE_HAL_DRIVER -DSTM32G0B1xx -c -I../Core/Inc -I../Drivers/STM32G0xx_HAL_Driver/Inc -I../Drivers/STM32G0xx_HAL_Driver/Inc/Legacy -I../Drivers/CMSIS/Device/ST/STM32G0xx/Include -I../Drivers/CMSIS/Include -O0 -ffunction-sections -fdata-sections -Wall -fstack-usage -fcyclomatic-complexity -MMD -MP -MF"Core/Src/main.d" -MT"Core/Src/main.o" --specs=nano.specs -mfloat-abi=soft -mthumb -o "Core/Src/main.o"
../Core/Src/main.c: In function 'uart4_receive':
../Core/Src/main.c:50:57: warning: '
   ' directive writing 2 bytes into a region of size 1 [-Wformat-overflow=]
   50 |             sprintf(debug_byte, "Received byte: 0x%02X\r\n", buffer[index]);
      |                                                       ~~^~
../Core/Src/main.c:50:13: note: 'sprintf' output 22 bytes into a destination of size 20
   50 |             sprintf(debug_byte, "Received byte: 0x%02X\r\n", buffer[index]);
      |             ^~~~~~~~~~~~~~~~~~~~~~~~~~~~~~~~~~~~~~~~~~~~~~~~~~~~~~~~~~~~~~~
arm-none-eabi-gcc -o "BareMetal_Serial_RS485_Board2_Bidirectional_Serial_Loopback.elf" @"objects.list"   -mcpu=cortex-m0plus -T"C:\Users\ramekp\Desktop\STM32_Projects\Version_1_19\BareMetal_Serial_RS485_Board2_Bidirectional_Serial_Loopback\BareMetal_Serial_RS485_Board2_Bidirectional_Serial_Loopback\STM32G0B1RETX_FLASH.ld" --specs=nosys.specs -Wl,-Map="BareMetal_Serial_RS485_Board2_Bidirectional_Serial_Loopback.map" -Wl,--gc-sections -static --specs=nano.specs -mfloat-abi=soft -mthumb -Wl,--start-group -lc -lm -Wl,--end-group
Finished building target: BareMetal_Serial_RS485_Board2_Bidirectional_Serial_Loopback.elf
 
arm-none-eabi-size  BareMetal_Serial_RS485_Board2_Bidirectional_Serial_Loopback.elf 
arm-none-eabi-objdump -h -S BareMetal_Serial_RS485_Board2_Bidirectional_Serial_Loopback.elf  > "BareMetal_Serial_RS485_Board2_Bidirectional_Serial_Loopback.list"
   text	   data	    bss	    dec	    hex	filename
  16396	     92	   2348	  18836	   4994	BareMetal_Serial_RS485_Board2_Bidirectional_Serial_Loopback.elf
Finished building: default.size.stdout
 
Finished building: BareMetal_Serial_RS485_Board2_Bidirectional_Serial_Loopback.list
 
10:06:24 **** Incremental Build of configuration Debug for project BareMetal_Serial_RS485_Board2_Bidirectional_Serial_Loopback ****
make -j12 all 
arm-none-eabi-gcc "../Core/Src/main.c" -mcpu=cortex-m0plus -std=gnu11 -g3 -DDEBUG -DUSE_HAL_DRIVER -DSTM32G0B1xx -c -I../Core/Inc -I../Drivers/STM32G0xx_HAL_Driver/Inc -I../Drivers/STM32G0xx_HAL_Driver/Inc/Legacy -I../Drivers/CMSIS/Device/ST/STM32G0xx/Include -I../Drivers/CMSIS/Include -O0 -ffunction-sections -fdata-sections -Wall -fstack-usage -fcyclomatic-complexity -MMD -MP -MF"Core/Src/main.d" -MT"Core/Src/main.o" --specs=nano.specs -mfloat-abi=soft -mthumb -o "Core/Src/main.o"
arm-none-eabi-gcc -o "BareMetal_Serial_RS485_Board2_Bidirectional_Serial_Loopback.elf" @"objects.list"   -mcpu=cortex-m0plus -T"C:\Users\ramekp\Desktop\STM32_Projects\Version_1_19\BareMetal_Serial_RS485_Board2_Bidirectional_Serial_Loopback\BareMetal_Serial_RS485_Board2_Bidirectional_Serial_Loopback\STM32G0B1RETX_FLASH.ld" --specs=nosys.specs -Wl,-Map="BareMetal_Serial_RS485_Board2_Bidirectional_Serial_Loopback.map" -Wl,--gc-sections -static --specs=nano.specs -mfloat-abi=soft -mthumb -Wl,--start-group -lc -lm -Wl,--end-group
Finished building target: BareMetal_Serial_RS485_Board2_Bidirectional_Serial_Loopback.elf
 
arm-none-eabi-size  BareMetal_Serial_RS485_Board2_Bidirectional_Serial_Loopback.elf 
arm-none-eabi-objdump -h -S BareMetal_Serial_RS485_Board2_Bidirectional_Serial_Loopback.elf  > "BareMetal_Serial_RS485_Board2_Bidirectional_Serial_Loopback.list"
   text	   data	    bss	    dec	    hex	filename
  16396	     92	   2348	  18836	   4994	BareMetal_Serial_RS485_Board2_Bidirectional_Serial_Loopback.elf
Finished building: default.size.stdout
 
Finished building: BareMetal_Serial_RS485_Board2_Bidirectional_Serial_Loopback.list
 
10:06:31 **** Incremental Build of configuration Debug for project BareMetal_Serial_RS485_Board2_Bidirectional_Serial_Loopback ****
make -j12 all 
arm-none-eabi-size  BareMetal_Serial_RS485_Board2_Bidirectional_Serial_Loopback.elf 
   text	   data	    bss	    dec	    hex	filename
  16396	     92	   2348	  18836	   4994	BareMetal_Serial_RS485_Board2_Bidirectional_Serial_Loopback.elf
Finished building: default.size.stdout
 
10:16:07 **** Incremental Build of configuration Debug for project BareMetal_Serial_RS485_Board2_Bidirectional_Serial_Loopback ****
make -j12 all 
arm-none-eabi-gcc "../Core/Src/main.c" -mcpu=cortex-m0plus -std=gnu11 -g3 -DDEBUG -DUSE_HAL_DRIVER -DSTM32G0B1xx -c -I../Core/Inc -I../Drivers/STM32G0xx_HAL_Driver/Inc -I../Drivers/STM32G0xx_HAL_Driver/Inc/Legacy -I../Drivers/CMSIS/Device/ST/STM32G0xx/Include -I../Drivers/CMSIS/Include -O0 -ffunction-sections -fdata-sections -Wall -fstack-usage -fcyclomatic-complexity -MMD -MP -MF"Core/Src/main.d" -MT"Core/Src/main.o" --specs=nano.specs -mfloat-abi=soft -mthumb -o "Core/Src/main.o"
../Core/Src/main.c: In function 'uart4_receive':
../Core/Src/main.c:48:57: warning: '
   ' directive writing 2 bytes into a region of size 1 [-Wformat-overflow=]
   48 |             sprintf(debug_byte, "Received byte: 0x%02X\r\n", buffer[index]);
      |                                                       ~~^~
../Core/Src/main.c:48:13: note: 'sprintf' output 22 bytes into a destination of size 20
   48 |             sprintf(debug_byte, "Received byte: 0x%02X\r\n", buffer[index]);
      |             ^~~~~~~~~~~~~~~~~~~~~~~~~~~~~~~~~~~~~~~~~~~~~~~~~~~~~~~~~~~~~~~
arm-none-eabi-gcc -o "BareMetal_Serial_RS485_Board2_Bidirectional_Serial_Loopback.elf" @"objects.list"   -mcpu=cortex-m0plus -T"C:\Users\ramekp\Desktop\STM32_Projects\Version_1_19\BareMetal_Serial_RS485_Board2_Bidirectional_Serial_Loopback\BareMetal_Serial_RS485_Board2_Bidirectional_Serial_Loopback\STM32G0B1RETX_FLASH.ld" --specs=nosys.specs -Wl,-Map="BareMetal_Serial_RS485_Board2_Bidirectional_Serial_Loopback.map" -Wl,--gc-sections -static --specs=nano.specs -mfloat-abi=soft -mthumb -Wl,--start-group -lc -lm -Wl,--end-group
Finished building target: BareMetal_Serial_RS485_Board2_Bidirectional_Serial_Loopback.elf
 
arm-none-eabi-size  BareMetal_Serial_RS485_Board2_Bidirectional_Serial_Loopback.elf 
arm-none-eabi-objdump -h -S BareMetal_Serial_RS485_Board2_Bidirectional_Serial_Loopback.elf  > "BareMetal_Serial_RS485_Board2_Bidirectional_Serial_Loopback.list"
   text	   data	    bss	    dec	    hex	filename
  16364	     92	   2348	  18804	   4974	BareMetal_Serial_RS485_Board2_Bidirectional_Serial_Loopback.elf
Finished building: default.size.stdout
 
Finished building: BareMetal_Serial_RS485_Board2_Bidirectional_Serial_Loopback.list
 
10:16:22 **** Incremental Build of configuration Debug for project BareMetal_Serial_RS485_Board2_Bidirectional_Serial_Loopback ****
make -j12 all 
arm-none-eabi-gcc "../Core/Src/main.c" -mcpu=cortex-m0plus -std=gnu11 -g3 -DDEBUG -DUSE_HAL_DRIVER -DSTM32G0B1xx -c -I../Core/Inc -I../Drivers/STM32G0xx_HAL_Driver/Inc -I../Drivers/STM32G0xx_HAL_Driver/Inc/Legacy -I../Drivers/CMSIS/Device/ST/STM32G0xx/Include -I../Drivers/CMSIS/Include -O0 -ffunction-sections -fdata-sections -Wall -fstack-usage -fcyclomatic-complexity -MMD -MP -MF"Core/Src/main.d" -MT"Core/Src/main.o" --specs=nano.specs -mfloat-abi=soft -mthumb -o "Core/Src/main.o"
arm-none-eabi-gcc -o "BareMetal_Serial_RS485_Board2_Bidirectional_Serial_Loopback.elf" @"objects.list"   -mcpu=cortex-m0plus -T"C:\Users\ramekp\Desktop\STM32_Projects\Version_1_19\BareMetal_Serial_RS485_Board2_Bidirectional_Serial_Loopback\BareMetal_Serial_RS485_Board2_Bidirectional_Serial_Loopback\STM32G0B1RETX_FLASH.ld" --specs=nosys.specs -Wl,-Map="BareMetal_Serial_RS485_Board2_Bidirectional_Serial_Loopback.map" -Wl,--gc-sections -static --specs=nano.specs -mfloat-abi=soft -mthumb -Wl,--start-group -lc -lm -Wl,--end-group
Finished building target: BareMetal_Serial_RS485_Board2_Bidirectional_Serial_Loopback.elf
 
arm-none-eabi-size  BareMetal_Serial_RS485_Board2_Bidirectional_Serial_Loopback.elf 
arm-none-eabi-objdump -h -S BareMetal_Serial_RS485_Board2_Bidirectional_Serial_Loopback.elf  > "BareMetal_Serial_RS485_Board2_Bidirectional_Serial_Loopback.list"
   text	   data	    bss	    dec	    hex	filename
  16364	     92	   2348	  18804	   4974	BareMetal_Serial_RS485_Board2_Bidirectional_Serial_Loopback.elf
Finished building: default.size.stdout
 
Finished building: BareMetal_Serial_RS485_Board2_Bidirectional_Serial_Loopback.list
 
10:16:29 **** Incremental Build of configuration Debug for project BareMetal_Serial_RS485_Board2_Bidirectional_Serial_Loopback ****
make -j12 all 
arm-none-eabi-size  BareMetal_Serial_RS485_Board2_Bidirectional_Serial_Loopback.elf 
   text	   data	    bss	    dec	    hex	filename
  16364	     92	   2348	  18804	   4974	BareMetal_Serial_RS485_Board2_Bidirectional_Serial_Loopback.elf
Finished building: default.size.stdout
 
10:30:31 **** Incremental Build of configuration Debug for project BareMetal_Serial_RS485_Board2_Bidirectional_Serial_Loopback ****
make -j12 all 
arm-none-eabi-gcc "../Core/Src/main.c" -mcpu=cortex-m0plus -std=gnu11 -g3 -DDEBUG -DUSE_HAL_DRIVER -DSTM32G0B1xx -c -I../Core/Inc -I../Drivers/STM32G0xx_HAL_Driver/Inc -I../Drivers/STM32G0xx_HAL_Driver/Inc/Legacy -I../Drivers/CMSIS/Device/ST/STM32G0xx/Include -I../Drivers/CMSIS/Include -O0 -ffunction-sections -fdata-sections -Wall -fstack-usage -fcyclomatic-complexity -MMD -MP -MF"Core/Src/main.d" -MT"Core/Src/main.o" --specs=nano.specs -mfloat-abi=soft -mthumb -o "Core/Src/main.o"
../Core/Src/main.c: In function 'uart4_receive':
../Core/Src/main.c:56:56: warning: ' (' directive writing 2 bytes into a region of size 1 [-Wformat-overflow=]
   56 |             sprintf(debug_byte, "Received byte: 0x%02X (%c)\r\n", buffer[index],
      |                                                       ~^
../Core/Src/main.c:56:13: note: 'sprintf' output 26 bytes into a destination of size 20
   56 |             sprintf(debug_byte, "Received byte: 0x%02X (%c)\r\n", buffer[index],
      |             ^~~~~~~~~~~~~~~~~~~~~~~~~~~~~~~~~~~~~~~~~~~~~~~~~~~~~~~~~~~~~~~~~~~~
   57 |                    (buffer[index] >= 32 && buffer[index] <= 126) ? buffer[index] : '.');
      |                    ~~~~~~~~~~~~~~~~~~~~~~~~~~~~~~~~~~~~~~~~~~~~~~~~~~~~~~~~~~~~~~~~~~~~
arm-none-eabi-gcc -o "BareMetal_Serial_RS485_Board2_Bidirectional_Serial_Loopback.elf" @"objects.list"   -mcpu=cortex-m0plus -T"C:\Users\ramekp\Desktop\STM32_Projects\Version_1_19\BareMetal_Serial_RS485_Board2_Bidirectional_Serial_Loopback\BareMetal_Serial_RS485_Board2_Bidirectional_Serial_Loopback\STM32G0B1RETX_FLASH.ld" --specs=nosys.specs -Wl,-Map="BareMetal_Serial_RS485_Board2_Bidirectional_Serial_Loopback.map" -Wl,--gc-sections -static --specs=nano.specs -mfloat-abi=soft -mthumb -Wl,--start-group -lc -lm -Wl,--end-group
Finished building target: BareMetal_Serial_RS485_Board2_Bidirectional_Serial_Loopback.elf
 
arm-none-eabi-size  BareMetal_Serial_RS485_Board2_Bidirectional_Serial_Loopback.elf 
arm-none-eabi-objdump -h -S BareMetal_Serial_RS485_Board2_Bidirectional_Serial_Loopback.elf  > "BareMetal_Serial_RS485_Board2_Bidirectional_Serial_Loopback.list"
   text	   data	    bss	    dec	    hex	filename
  16392	     92	   2348	  18832	   4990	BareMetal_Serial_RS485_Board2_Bidirectional_Serial_Loopback.elf
Finished building: default.size.stdout
 
Finished building: BareMetal_Serial_RS485_Board2_Bidirectional_Serial_Loopback.list
 
10:30:52 **** Incremental Build of configuration Debug for project BareMetal_Serial_RS485_Board2_Bidirectional_Serial_Loopback ****
make -j12 all 
arm-none-eabi-gcc "../Core/Src/main.c" -mcpu=cortex-m0plus -std=gnu11 -g3 -DDEBUG -DUSE_HAL_DRIVER -DSTM32G0B1xx -c -I../Core/Inc -I../Drivers/STM32G0xx_HAL_Driver/Inc -I../Drivers/STM32G0xx_HAL_Driver/Inc/Legacy -I../Drivers/CMSIS/Device/ST/STM32G0xx/Include -I../Drivers/CMSIS/Include -O0 -ffunction-sections -fdata-sections -Wall -fstack-usage -fcyclomatic-complexity -MMD -MP -MF"Core/Src/main.d" -MT"Core/Src/main.o" --specs=nano.specs -mfloat-abi=soft -mthumb -o "Core/Src/main.o"
arm-none-eabi-gcc -o "BareMetal_Serial_RS485_Board2_Bidirectional_Serial_Loopback.elf" @"objects.list"   -mcpu=cortex-m0plus -T"C:\Users\ramekp\Desktop\STM32_Projects\Version_1_19\BareMetal_Serial_RS485_Board2_Bidirectional_Serial_Loopback\BareMetal_Serial_RS485_Board2_Bidirectional_Serial_Loopback\STM32G0B1RETX_FLASH.ld" --specs=nosys.specs -Wl,-Map="BareMetal_Serial_RS485_Board2_Bidirectional_Serial_Loopback.map" -Wl,--gc-sections -static --specs=nano.specs -mfloat-abi=soft -mthumb -Wl,--start-group -lc -lm -Wl,--end-group
Finished building target: BareMetal_Serial_RS485_Board2_Bidirectional_Serial_Loopback.elf
 
arm-none-eabi-size  BareMetal_Serial_RS485_Board2_Bidirectional_Serial_Loopback.elf 
arm-none-eabi-objdump -h -S BareMetal_Serial_RS485_Board2_Bidirectional_Serial_Loopback.elf  > "BareMetal_Serial_RS485_Board2_Bidirectional_Serial_Loopback.list"
   text	   data	    bss	    dec	    hex	filename
  16392	     92	   2348	  18832	   4990	BareMetal_Serial_RS485_Board2_Bidirectional_Serial_Loopback.elf
Finished building: default.size.stdout
 
Finished building: BareMetal_Serial_RS485_Board2_Bidirectional_Serial_Loopback.list
 
10:35:55 **** Incremental Build of configuration Debug for project BareMetal_Serial_RS485_Board2_Bidirectional_Serial_Loopback ****
make -j12 all 
arm-none-eabi-size  BareMetal_Serial_RS485_Board2_Bidirectional_Serial_Loopback.elf 
   text	   data	    bss	    dec	    hex	filename
  16392	     92	   2348	  18832	   4990	BareMetal_Serial_RS485_Board2_Bidirectional_Serial_Loopback.elf
Finished building: default.size.stdout
 
10:36:01 **** Incremental Build of configuration Debug for project BareMetal_Serial_RS485_Board2_Bidirectional_Serial_Loopback ****
make -j12 all 
arm-none-eabi-size  BareMetal_Serial_RS485_Board2_Bidirectional_Serial_Loopback.elf 
   text	   data	    bss	    dec	    hex	filename
  16392	     92	   2348	  18832	   4990	BareMetal_Serial_RS485_Board2_Bidirectional_Serial_Loopback.elf
Finished building: default.size.stdout
 
11:09:03 **** Incremental Build of configuration Debug for project BareMetal_Serial_RS485_Board2_Bidirectional_Serial_Loopback ****
make -j12 all 
arm-none-eabi-gcc "../Core/Src/main.c" -mcpu=cortex-m0plus -std=gnu11 -g3 -DDEBUG -DUSE_HAL_DRIVER -DSTM32G0B1xx -c -I../Core/Inc -I../Drivers/STM32G0xx_HAL_Driver/Inc -I../Drivers/STM32G0xx_HAL_Driver/Inc/Legacy -I../Drivers/CMSIS/Device/ST/STM32G0xx/Include -I../Drivers/CMSIS/Include -O0 -ffunction-sections -fdata-sections -Wall -fstack-usage -fcyclomatic-complexity -MMD -MP -MF"Core/Src/main.d" -MT"Core/Src/main.o" --specs=nano.specs -mfloat-abi=soft -mthumb -o "Core/Src/main.o"
arm-none-eabi-gcc -o "BareMetal_Serial_RS485_Board2_Bidirectional_Serial_Loopback.elf" @"objects.list"   -mcpu=cortex-m0plus -T"C:\Users\ramekp\Desktop\STM32_Projects\Version_1_19\BareMetal_Serial_RS485_Board2_Bidirectional_Serial_Loopback\BareMetal_Serial_RS485_Board2_Bidirectional_Serial_Loopback\STM32G0B1RETX_FLASH.ld" --specs=nosys.specs -Wl,-Map="BareMetal_Serial_RS485_Board2_Bidirectional_Serial_Loopback.map" -Wl,--gc-sections -static --specs=nano.specs -mfloat-abi=soft -mthumb -Wl,--start-group -lc -lm -Wl,--end-group
Finished building target: BareMetal_Serial_RS485_Board2_Bidirectional_Serial_Loopback.elf
 
arm-none-eabi-size  BareMetal_Serial_RS485_Board2_Bidirectional_Serial_Loopback.elf 
arm-none-eabi-objdump -h -S BareMetal_Serial_RS485_Board2_Bidirectional_Serial_Loopback.elf  > "BareMetal_Serial_RS485_Board2_Bidirectional_Serial_Loopback.list"
   text	   data	    bss	    dec	    hex	filename
  12136	     12	   2012	  14160	   3750	BareMetal_Serial_RS485_Board2_Bidirectional_Serial_Loopback.elf
Finished building: default.size.stdout
 
Finished building: BareMetal_Serial_RS485_Board2_Bidirectional_Serial_Loopback.list
 
11:10:33 **** Incremental Build of configuration Debug for project BareMetal_Serial_RS485_Board2_Bidirectional_Serial_Loopback ****
make -j12 all 
arm-none-eabi-gcc "../Core/Src/main.c" -mcpu=cortex-m0plus -std=gnu11 -g3 -DDEBUG -DUSE_HAL_DRIVER -DSTM32G0B1xx -c -I../Core/Inc -I../Drivers/STM32G0xx_HAL_Driver/Inc -I../Drivers/STM32G0xx_HAL_Driver/Inc/Legacy -I../Drivers/CMSIS/Device/ST/STM32G0xx/Include -I../Drivers/CMSIS/Include -O0 -ffunction-sections -fdata-sections -Wall -fstack-usage -fcyclomatic-complexity -MMD -MP -MF"Core/Src/main.d" -MT"Core/Src/main.o" --specs=nano.specs -mfloat-abi=soft -mthumb -o "Core/Src/main.o"
arm-none-eabi-gcc -o "BareMetal_Serial_RS485_Board2_Bidirectional_Serial_Loopback.elf" @"objects.list"   -mcpu=cortex-m0plus -T"C:\Users\ramekp\Desktop\STM32_Projects\Version_1_19\BareMetal_Serial_RS485_Board2_Bidirectional_Serial_Loopback\BareMetal_Serial_RS485_Board2_Bidirectional_Serial_Loopback\STM32G0B1RETX_FLASH.ld" --specs=nosys.specs -Wl,-Map="BareMetal_Serial_RS485_Board2_Bidirectional_Serial_Loopback.map" -Wl,--gc-sections -static --specs=nano.specs -mfloat-abi=soft -mthumb -Wl,--start-group -lc -lm -Wl,--end-group
Finished building target: BareMetal_Serial_RS485_Board2_Bidirectional_Serial_Loopback.elf
 
arm-none-eabi-size  BareMetal_Serial_RS485_Board2_Bidirectional_Serial_Loopback.elf 
arm-none-eabi-objdump -h -S BareMetal_Serial_RS485_Board2_Bidirectional_Serial_Loopback.elf  > "BareMetal_Serial_RS485_Board2_Bidirectional_Serial_Loopback.list"
   text	   data	    bss	    dec	    hex	filename
  12968	     12	   2020	  15000	   3a98	BareMetal_Serial_RS485_Board2_Bidirectional_Serial_Loopback.elf
Finished building: default.size.stdout
 
Finished building: BareMetal_Serial_RS485_Board2_Bidirectional_Serial_Loopback.list
 
11:13:43 **** Incremental Build of configuration Debug for project BareMetal_Serial_RS485_Board2_Bidirectional_Serial_Loopback ****
make -j12 all 
arm-none-eabi-gcc "../Core/Src/main.c" -mcpu=cortex-m0plus -std=gnu11 -g3 -DDEBUG -DUSE_HAL_DRIVER -DSTM32G0B1xx -c -I../Core/Inc -I../Drivers/STM32G0xx_HAL_Driver/Inc -I../Drivers/STM32G0xx_HAL_Driver/Inc/Legacy -I../Drivers/CMSIS/Device/ST/STM32G0xx/Include -I../Drivers/CMSIS/Include -O0 -ffunction-sections -fdata-sections -Wall -fstack-usage -fcyclomatic-complexity -MMD -MP -MF"Core/Src/main.d" -MT"Core/Src/main.o" --specs=nano.specs -mfloat-abi=soft -mthumb -o "Core/Src/main.o"
arm-none-eabi-gcc -o "BareMetal_Serial_RS485_Board2_Bidirectional_Serial_Loopback.elf" @"objects.list"   -mcpu=cortex-m0plus -T"C:\Users\ramekp\Desktop\STM32_Projects\Version_1_19\BareMetal_Serial_RS485_Board2_Bidirectional_Serial_Loopback\BareMetal_Serial_RS485_Board2_Bidirectional_Serial_Loopback\STM32G0B1RETX_FLASH.ld" --specs=nosys.specs -Wl,-Map="BareMetal_Serial_RS485_Board2_Bidirectional_Serial_Loopback.map" -Wl,--gc-sections -static --specs=nano.specs -mfloat-abi=soft -mthumb -Wl,--start-group -lc -lm -Wl,--end-group
Finished building target: BareMetal_Serial_RS485_Board2_Bidirectional_Serial_Loopback.elf
 
arm-none-eabi-size  BareMetal_Serial_RS485_Board2_Bidirectional_Serial_Loopback.elf 
arm-none-eabi-objdump -h -S BareMetal_Serial_RS485_Board2_Bidirectional_Serial_Loopback.elf  > "BareMetal_Serial_RS485_Board2_Bidirectional_Serial_Loopback.list"
   text	   data	    bss	    dec	    hex	filename
  13072	     12	   2020	  15104	   3b00	BareMetal_Serial_RS485_Board2_Bidirectional_Serial_Loopback.elf
Finished building: default.size.stdout
 
Finished building: BareMetal_Serial_RS485_Board2_Bidirectional_Serial_Loopback.list
 
11:13:51 **** Incremental Build of configuration Debug for project BareMetal_Serial_RS485_Board2_Bidirectional_Serial_Loopback ****
make -j12 all 
arm-none-eabi-size  BareMetal_Serial_RS485_Board2_Bidirectional_Serial_Loopback.elf 
   text	   data	    bss	    dec	    hex	filename
  13072	     12	   2020	  15104	   3b00	BareMetal_Serial_RS485_Board2_Bidirectional_Serial_Loopback.elf
Finished building: default.size.stdout
 
11:24:58 **** Incremental Build of configuration Debug for project BareMetal_Serial_RS485_Board2_Bidirectional_Serial_Loopback ****
make -j12 all 
arm-none-eabi-gcc "../Core/Src/main.c" -mcpu=cortex-m0plus -std=gnu11 -g3 -DDEBUG -DUSE_HAL_DRIVER -DSTM32G0B1xx -c -I../Core/Inc -I../Drivers/STM32G0xx_HAL_Driver/Inc -I../Drivers/STM32G0xx_HAL_Driver/Inc/Legacy -I../Drivers/CMSIS/Device/ST/STM32G0xx/Include -I../Drivers/CMSIS/Include -O0 -ffunction-sections -fdata-sections -Wall -fstack-usage -fcyclomatic-complexity -MMD -MP -MF"Core/Src/main.d" -MT"Core/Src/main.o" --specs=nano.specs -mfloat-abi=soft -mthumb -o "Core/Src/main.o"
arm-none-eabi-gcc -o "BareMetal_Serial_RS485_Board2_Bidirectional_Serial_Loopback.elf" @"objects.list"   -mcpu=cortex-m0plus -T"C:\Users\ramekp\Desktop\STM32_Projects\Version_1_19\BareMetal_Serial_RS485_Board2_Bidirectional_Serial_Loopback\BareMetal_Serial_RS485_Board2_Bidirectional_Serial_Loopback\STM32G0B1RETX_FLASH.ld" --specs=nosys.specs -Wl,-Map="BareMetal_Serial_RS485_Board2_Bidirectional_Serial_Loopback.map" -Wl,--gc-sections -static --specs=nano.specs -mfloat-abi=soft -mthumb -Wl,--start-group -lc -lm -Wl,--end-group
Finished building target: BareMetal_Serial_RS485_Board2_Bidirectional_Serial_Loopback.elf
 
arm-none-eabi-size  BareMetal_Serial_RS485_Board2_Bidirectional_Serial_Loopback.elf 
arm-none-eabi-objdump -h -S BareMetal_Serial_RS485_Board2_Bidirectional_Serial_Loopback.elf  > "BareMetal_Serial_RS485_Board2_Bidirectional_Serial_Loopback.list"
   text	   data	    bss	    dec	    hex	filename
  13744	     12	   1868	  15624	   3d08	BareMetal_Serial_RS485_Board2_Bidirectional_Serial_Loopback.elf
Finished building: default.size.stdout
 
Finished building: BareMetal_Serial_RS485_Board2_Bidirectional_Serial_Loopback.list
 
11:25:05 **** Incremental Build of configuration Debug for project BareMetal_Serial_RS485_Board2_Bidirectional_Serial_Loopback ****
make -j12 all 
arm-none-eabi-size  BareMetal_Serial_RS485_Board2_Bidirectional_Serial_Loopback.elf 
   text	   data	    bss	    dec	    hex	filename
  13744	     12	   1868	  15624	   3d08	BareMetal_Serial_RS485_Board2_Bidirectional_Serial_Loopback.elf
Finished building: default.size.stdout
 
11:49:32 **** Incremental Build of configuration Debug for project BareMetal_Serial_RS485_Board2_Bidirectional_Serial_Loopback ****
make -j12 all 
arm-none-eabi-gcc "../Core/Src/main.c" -mcpu=cortex-m0plus -std=gnu11 -g3 -DDEBUG -DUSE_HAL_DRIVER -DSTM32G0B1xx -c -I../Core/Inc -I../Drivers/STM32G0xx_HAL_Driver/Inc -I../Drivers/STM32G0xx_HAL_Driver/Inc/Legacy -I../Drivers/CMSIS/Device/ST/STM32G0xx/Include -I../Drivers/CMSIS/Include -O0 -ffunction-sections -fdata-sections -Wall -fstack-usage -fcyclomatic-complexity -MMD -MP -MF"Core/Src/main.d" -MT"Core/Src/main.o" --specs=nano.specs -mfloat-abi=soft -mthumb -o "Core/Src/main.o"
arm-none-eabi-gcc -o "BareMetal_Serial_RS485_Board2_Bidirectional_Serial_Loopback.elf" @"objects.list"   -mcpu=cortex-m0plus -T"C:\Users\ramekp\Desktop\STM32_Projects\Version_1_19\BareMetal_Serial_RS485_Board2_Bidirectional_Serial_Loopback\BareMetal_Serial_RS485_Board2_Bidirectional_Serial_Loopback\STM32G0B1RETX_FLASH.ld" --specs=nosys.specs -Wl,-Map="BareMetal_Serial_RS485_Board2_Bidirectional_Serial_Loopback.map" -Wl,--gc-sections -static --specs=nano.specs -mfloat-abi=soft -mthumb -Wl,--start-group -lc -lm -Wl,--end-group
Finished building target: BareMetal_Serial_RS485_Board2_Bidirectional_Serial_Loopback.elf
 
arm-none-eabi-size  BareMetal_Serial_RS485_Board2_Bidirectional_Serial_Loopback.elf 
arm-none-eabi-objdump -h -S BareMetal_Serial_RS485_Board2_Bidirectional_Serial_Loopback.elf  > "BareMetal_Serial_RS485_Board2_Bidirectional_Serial_Loopback.list"
   text	   data	    bss	    dec	    hex	filename
  13160	     12	   1868	  15040	   3ac0	BareMetal_Serial_RS485_Board2_Bidirectional_Serial_Loopback.elf
Finished building: default.size.stdout
 
Finished building: BareMetal_Serial_RS485_Board2_Bidirectional_Serial_Loopback.list
 
11:49:45 **** Incremental Build of configuration Debug for project BareMetal_Serial_RS485_Board2_Bidirectional_Serial_Loopback ****
make -j12 all 
arm-none-eabi-size  BareMetal_Serial_RS485_Board2_Bidirectional_Serial_Loopback.elf 
   text	   data	    bss	    dec	    hex	filename
  13160	     12	   1868	  15040	   3ac0	BareMetal_Serial_RS485_Board2_Bidirectional_Serial_Loopback.elf
Finished building: default.size.stdout
 
11:52:10 **** Incremental Build of configuration Debug for project BareMetal_Serial_RS485_Board2_Bidirectional_Serial_Loopback ****
make -j12 all 
arm-none-eabi-gcc "../Core/Src/main.c" -mcpu=cortex-m0plus -std=gnu11 -g3 -DDEBUG -DUSE_HAL_DRIVER -DSTM32G0B1xx -c -I../Core/Inc -I../Drivers/STM32G0xx_HAL_Driver/Inc -I../Drivers/STM32G0xx_HAL_Driver/Inc/Legacy -I../Drivers/CMSIS/Device/ST/STM32G0xx/Include -I../Drivers/CMSIS/Include -O0 -ffunction-sections -fdata-sections -Wall -fstack-usage -fcyclomatic-complexity -MMD -MP -MF"Core/Src/main.d" -MT"Core/Src/main.o" --specs=nano.specs -mfloat-abi=soft -mthumb -o "Core/Src/main.o"
arm-none-eabi-gcc -o "BareMetal_Serial_RS485_Board2_Bidirectional_Serial_Loopback.elf" @"objects.list"   -mcpu=cortex-m0plus -T"C:\Users\ramekp\Desktop\STM32_Projects\Version_1_19\BareMetal_Serial_RS485_Board2_Bidirectional_Serial_Loopback\BareMetal_Serial_RS485_Board2_Bidirectional_Serial_Loopback\STM32G0B1RETX_FLASH.ld" --specs=nosys.specs -Wl,-Map="BareMetal_Serial_RS485_Board2_Bidirectional_Serial_Loopback.map" -Wl,--gc-sections -static --specs=nano.specs -mfloat-abi=soft -mthumb -Wl,--start-group -lc -lm -Wl,--end-group
Finished building target: BareMetal_Serial_RS485_Board2_Bidirectional_Serial_Loopback.elf
 
arm-none-eabi-size  BareMetal_Serial_RS485_Board2_Bidirectional_Serial_Loopback.elf 
arm-none-eabi-objdump -h -S BareMetal_Serial_RS485_Board2_Bidirectional_Serial_Loopback.elf  > "BareMetal_Serial_RS485_Board2_Bidirectional_Serial_Loopback.list"
   text	   data	    bss	    dec	    hex	filename
  11324	     12	   1724	  13060	   3304	BareMetal_Serial_RS485_Board2_Bidirectional_Serial_Loopback.elf
Finished building: default.size.stdout
 
Finished building: BareMetal_Serial_RS485_Board2_Bidirectional_Serial_Loopback.list
 
11:53:31 **** Incremental Build of configuration Debug for project BareMetal_Serial_RS485_Board2_Bidirectional_Serial_Loopback ****
make -j12 all 
arm-none-eabi-gcc "../Core/Src/main.c" -mcpu=cortex-m0plus -std=gnu11 -g3 -DDEBUG -DUSE_HAL_DRIVER -DSTM32G0B1xx -c -I../Core/Inc -I../Drivers/STM32G0xx_HAL_Driver/Inc -I../Drivers/STM32G0xx_HAL_Driver/Inc/Legacy -I../Drivers/CMSIS/Device/ST/STM32G0xx/Include -I../Drivers/CMSIS/Include -O0 -ffunction-sections -fdata-sections -Wall -fstack-usage -fcyclomatic-complexity -MMD -MP -MF"Core/Src/main.d" -MT"Core/Src/main.o" --specs=nano.specs -mfloat-abi=soft -mthumb -o "Core/Src/main.o"
arm-none-eabi-gcc -o "BareMetal_Serial_RS485_Board2_Bidirectional_Serial_Loopback.elf" @"objects.list"   -mcpu=cortex-m0plus -T"C:\Users\ramekp\Desktop\STM32_Projects\Version_1_19\BareMetal_Serial_RS485_Board2_Bidirectional_Serial_Loopback\BareMetal_Serial_RS485_Board2_Bidirectional_Serial_Loopback\STM32G0B1RETX_FLASH.ld" --specs=nosys.specs -Wl,-Map="BareMetal_Serial_RS485_Board2_Bidirectional_Serial_Loopback.map" -Wl,--gc-sections -static --specs=nano.specs -mfloat-abi=soft -mthumb -Wl,--start-group -lc -lm -Wl,--end-group
Finished building target: BareMetal_Serial_RS485_Board2_Bidirectional_Serial_Loopback.elf
 
arm-none-eabi-size  BareMetal_Serial_RS485_Board2_Bidirectional_Serial_Loopback.elf 
arm-none-eabi-objdump -h -S BareMetal_Serial_RS485_Board2_Bidirectional_Serial_Loopback.elf  > "BareMetal_Serial_RS485_Board2_Bidirectional_Serial_Loopback.list"
   text	   data	    bss	    dec	    hex	filename
  13160	     12	   1868	  15040	   3ac0	BareMetal_Serial_RS485_Board2_Bidirectional_Serial_Loopback.elf
Finished building: default.size.stdout
 
Finished building: BareMetal_Serial_RS485_Board2_Bidirectional_Serial_Loopback.list
 
11:53:43 **** Incremental Build of configuration Debug for project BareMetal_Serial_RS485_Board2_Bidirectional_Serial_Loopback ****
make -j12 all 
arm-none-eabi-gcc "../Core/Src/main.c" -mcpu=cortex-m0plus -std=gnu11 -g3 -DDEBUG -DUSE_HAL_DRIVER -DSTM32G0B1xx -c -I../Core/Inc -I../Drivers/STM32G0xx_HAL_Driver/Inc -I../Drivers/STM32G0xx_HAL_Driver/Inc/Legacy -I../Drivers/CMSIS/Device/ST/STM32G0xx/Include -I../Drivers/CMSIS/Include -O0 -ffunction-sections -fdata-sections -Wall -fstack-usage -fcyclomatic-complexity -MMD -MP -MF"Core/Src/main.d" -MT"Core/Src/main.o" --specs=nano.specs -mfloat-abi=soft -mthumb -o "Core/Src/main.o"
arm-none-eabi-gcc -o "BareMetal_Serial_RS485_Board2_Bidirectional_Serial_Loopback.elf" @"objects.list"   -mcpu=cortex-m0plus -T"C:\Users\ramekp\Desktop\STM32_Projects\Version_1_19\BareMetal_Serial_RS485_Board2_Bidirectional_Serial_Loopback\BareMetal_Serial_RS485_Board2_Bidirectional_Serial_Loopback\STM32G0B1RETX_FLASH.ld" --specs=nosys.specs -Wl,-Map="BareMetal_Serial_RS485_Board2_Bidirectional_Serial_Loopback.map" -Wl,--gc-sections -static --specs=nano.specs -mfloat-abi=soft -mthumb -Wl,--start-group -lc -lm -Wl,--end-group
Finished building target: BareMetal_Serial_RS485_Board2_Bidirectional_Serial_Loopback.elf
 
arm-none-eabi-size  BareMetal_Serial_RS485_Board2_Bidirectional_Serial_Loopback.elf 
arm-none-eabi-objdump -h -S BareMetal_Serial_RS485_Board2_Bidirectional_Serial_Loopback.elf  > "BareMetal_Serial_RS485_Board2_Bidirectional_Serial_Loopback.list"
   text	   data	    bss	    dec	    hex	filename
  13160	     12	   1868	  15040	   3ac0	BareMetal_Serial_RS485_Board2_Bidirectional_Serial_Loopback.elf
Finished building: default.size.stdout
 
Finished building: BareMetal_Serial_RS485_Board2_Bidirectional_Serial_Loopback.list
 
11:53:50 **** Incremental Build of configuration Debug for project BareMetal_Serial_RS485_Board2_Bidirectional_Serial_Loopback ****
make -j12 all 
arm-none-eabi-size  BareMetal_Serial_RS485_Board2_Bidirectional_Serial_Loopback.elf 
   text	   data	    bss	    dec	    hex	filename
  13160	     12	   1868	  15040	   3ac0	BareMetal_Serial_RS485_Board2_Bidirectional_Serial_Loopback.elf
Finished building: default.size.stdout
 
11:54:36 **** Incremental Build of configuration Debug for project BareMetal_Serial_RS485_Board2_Bidirectional_Serial_Loopback ****
make -j12 all 
arm-none-eabi-gcc "../Core/Src/main.c" -mcpu=cortex-m0plus -std=gnu11 -g3 -DDEBUG -DUSE_HAL_DRIVER -DSTM32G0B1xx -c -I../Core/Inc -I../Drivers/STM32G0xx_HAL_Driver/Inc -I../Drivers/STM32G0xx_HAL_Driver/Inc/Legacy -I../Drivers/CMSIS/Device/ST/STM32G0xx/Include -I../Drivers/CMSIS/Include -O0 -ffunction-sections -fdata-sections -Wall -fstack-usage -fcyclomatic-complexity -MMD -MP -MF"Core/Src/main.d" -MT"Core/Src/main.o" --specs=nano.specs -mfloat-abi=soft -mthumb -o "Core/Src/main.o"
arm-none-eabi-gcc -o "BareMetal_Serial_RS485_Board2_Bidirectional_Serial_Loopback.elf" @"objects.list"   -mcpu=cortex-m0plus -T"C:\Users\ramekp\Desktop\STM32_Projects\Version_1_19\BareMetal_Serial_RS485_Board2_Bidirectional_Serial_Loopback\BareMetal_Serial_RS485_Board2_Bidirectional_Serial_Loopback\STM32G0B1RETX_FLASH.ld" --specs=nosys.specs -Wl,-Map="BareMetal_Serial_RS485_Board2_Bidirectional_Serial_Loopback.map" -Wl,--gc-sections -static --specs=nano.specs -mfloat-abi=soft -mthumb -Wl,--start-group -lc -lm -Wl,--end-group
Finished building target: BareMetal_Serial_RS485_Board2_Bidirectional_Serial_Loopback.elf
 
arm-none-eabi-size  BareMetal_Serial_RS485_Board2_Bidirectional_Serial_Loopback.elf 
arm-none-eabi-objdump -h -S BareMetal_Serial_RS485_Board2_Bidirectional_Serial_Loopback.elf  > "BareMetal_Serial_RS485_Board2_Bidirectional_Serial_Loopback.list"
   text	   data	    bss	    dec	    hex	filename
  13160	     12	   2020	  15192	   3b58	BareMetal_Serial_RS485_Board2_Bidirectional_Serial_Loopback.elf
Finished building: default.size.stdout
 
Finished building: BareMetal_Serial_RS485_Board2_Bidirectional_Serial_Loopback.list
 
11:59:43 **** Incremental Build of configuration Debug for project BareMetal_Serial_RS485_Board2_Bidirectional_Serial_Loopback ****
make -j12 all 
arm-none-eabi-gcc "../Core/Src/main.c" -mcpu=cortex-m0plus -std=gnu11 -g3 -DDEBUG -DUSE_HAL_DRIVER -DSTM32G0B1xx -c -I../Core/Inc -I../Drivers/STM32G0xx_HAL_Driver/Inc -I../Drivers/STM32G0xx_HAL_Driver/Inc/Legacy -I../Drivers/CMSIS/Device/ST/STM32G0xx/Include -I../Drivers/CMSIS/Include -O0 -ffunction-sections -fdata-sections -Wall -fstack-usage -fcyclomatic-complexity -MMD -MP -MF"Core/Src/main.d" -MT"Core/Src/main.o" --specs=nano.specs -mfloat-abi=soft -mthumb -o "Core/Src/main.o"
arm-none-eabi-gcc -o "BareMetal_Serial_RS485_Board2_Bidirectional_Serial_Loopback.elf" @"objects.list"   -mcpu=cortex-m0plus -T"C:\Users\ramekp\Desktop\STM32_Projects\Version_1_19\BareMetal_Serial_RS485_Board2_Bidirectional_Serial_Loopback\BareMetal_Serial_RS485_Board2_Bidirectional_Serial_Loopback\STM32G0B1RETX_FLASH.ld" --specs=nosys.specs -Wl,-Map="BareMetal_Serial_RS485_Board2_Bidirectional_Serial_Loopback.map" -Wl,--gc-sections -static --specs=nano.specs -mfloat-abi=soft -mthumb -Wl,--start-group -lc -lm -Wl,--end-group
Finished building target: BareMetal_Serial_RS485_Board2_Bidirectional_Serial_Loopback.elf
 
arm-none-eabi-size  BareMetal_Serial_RS485_Board2_Bidirectional_Serial_Loopback.elf 
arm-none-eabi-objdump -h -S BareMetal_Serial_RS485_Board2_Bidirectional_Serial_Loopback.elf  > "BareMetal_Serial_RS485_Board2_Bidirectional_Serial_Loopback.list"
   text	   data	    bss	    dec	    hex	filename
  13284	     12	   2020	  15316	   3bd4	BareMetal_Serial_RS485_Board2_Bidirectional_Serial_Loopback.elf
Finished building: default.size.stdout
 
Finished building: BareMetal_Serial_RS485_Board2_Bidirectional_Serial_Loopback.list
 
11:59:50 **** Incremental Build of configuration Debug for project BareMetal_Serial_RS485_Board2_Bidirectional_Serial_Loopback ****
make -j12 all 
arm-none-eabi-size  BareMetal_Serial_RS485_Board2_Bidirectional_Serial_Loopback.elf 
   text	   data	    bss	    dec	    hex	filename
  13284	     12	   2020	  15316	   3bd4	BareMetal_Serial_RS485_Board2_Bidirectional_Serial_Loopback.elf
Finished building: default.size.stdout
 
