Archive member included to satisfy reference by file (symbol)

C:/ST/STM32CubeIDE_1.19.0/STM32CubeIDE/plugins/com.st.stm32cube.ide.mcu.externaltools.gnu-tools-for-stm32.13.3.rel1.win32_1.0.0.202411081344/tools/bin/../lib/gcc/arm-none-eabi/13.3.1/../../../../arm-none-eabi/lib/thumb/v6-m/nofp\libc_nano.a(libc_a-exit.o)
                              C:/ST/STM32CubeIDE_1.19.0/STM32CubeIDE/plugins/com.st.stm32cube.ide.mcu.externaltools.gnu-tools-for-stm32.13.3.rel1.win32_1.0.0.202411081344/tools/bin/../lib/gcc/arm-none-eabi/13.3.1/../../../../arm-none-eabi/lib/thumb/v6-m/nofp/crt0.o (exit)
C:/ST/STM32CubeIDE_1.19.0/STM32CubeIDE/plugins/com.st.stm32cube.ide.mcu.externaltools.gnu-tools-for-stm32.13.3.rel1.win32_1.0.0.202411081344/tools/bin/../lib/gcc/arm-none-eabi/13.3.1/../../../../arm-none-eabi/lib/thumb/v6-m/nofp\libc_nano.a(libc_a-findfp.o)
                              C:/ST/STM32CubeIDE_1.19.0/STM32CubeIDE/plugins/com.st.stm32cube.ide.mcu.externaltools.gnu-tools-for-stm32.13.3.rel1.win32_1.0.0.202411081344/tools/bin/../lib/gcc/arm-none-eabi/13.3.1/../../../../arm-none-eabi/lib/thumb/v6-m/nofp\libc_nano.a(libc_a-exit.o) (__stdio_exit_handler)
C:/ST/STM32CubeIDE_1.19.0/STM32CubeIDE/plugins/com.st.stm32cube.ide.mcu.externaltools.gnu-tools-for-stm32.13.3.rel1.win32_1.0.0.202411081344/tools/bin/../lib/gcc/arm-none-eabi/13.3.1/../../../../arm-none-eabi/lib/thumb/v6-m/nofp\libc_nano.a(libc_a-fwalk.o)
                              C:/ST/STM32CubeIDE_1.19.0/STM32CubeIDE/plugins/com.st.stm32cube.ide.mcu.externaltools.gnu-tools-for-stm32.13.3.rel1.win32_1.0.0.202411081344/tools/bin/../lib/gcc/arm-none-eabi/13.3.1/../../../../arm-none-eabi/lib/thumb/v6-m/nofp\libc_nano.a(libc_a-findfp.o) (_fwalk_sglue)
C:/ST/STM32CubeIDE_1.19.0/STM32CubeIDE/plugins/com.st.stm32cube.ide.mcu.externaltools.gnu-tools-for-stm32.13.3.rel1.win32_1.0.0.202411081344/tools/bin/../lib/gcc/arm-none-eabi/13.3.1/../../../../arm-none-eabi/lib/thumb/v6-m/nofp\libc_nano.a(libc_a-stdio.o)
                              C:/ST/STM32CubeIDE_1.19.0/STM32CubeIDE/plugins/com.st.stm32cube.ide.mcu.externaltools.gnu-tools-for-stm32.13.3.rel1.win32_1.0.0.202411081344/tools/bin/../lib/gcc/arm-none-eabi/13.3.1/../../../../arm-none-eabi/lib/thumb/v6-m/nofp\libc_nano.a(libc_a-findfp.o) (__sread)
C:/ST/STM32CubeIDE_1.19.0/STM32CubeIDE/plugins/com.st.stm32cube.ide.mcu.externaltools.gnu-tools-for-stm32.13.3.rel1.win32_1.0.0.202411081344/tools/bin/../lib/gcc/arm-none-eabi/13.3.1/../../../../arm-none-eabi/lib/thumb/v6-m/nofp\libc_nano.a(libc_a-memset.o)
                              C:/ST/STM32CubeIDE_1.19.0/STM32CubeIDE/plugins/com.st.stm32cube.ide.mcu.externaltools.gnu-tools-for-stm32.13.3.rel1.win32_1.0.0.202411081344/tools/bin/../lib/gcc/arm-none-eabi/13.3.1/../../../../arm-none-eabi/lib/thumb/v6-m/nofp/crt0.o (memset)
C:/ST/STM32CubeIDE_1.19.0/STM32CubeIDE/plugins/com.st.stm32cube.ide.mcu.externaltools.gnu-tools-for-stm32.13.3.rel1.win32_1.0.0.202411081344/tools/bin/../lib/gcc/arm-none-eabi/13.3.1/../../../../arm-none-eabi/lib/thumb/v6-m/nofp\libc_nano.a(libc_a-closer.o)
                              C:/ST/STM32CubeIDE_1.19.0/STM32CubeIDE/plugins/com.st.stm32cube.ide.mcu.externaltools.gnu-tools-for-stm32.13.3.rel1.win32_1.0.0.202411081344/tools/bin/../lib/gcc/arm-none-eabi/13.3.1/../../../../arm-none-eabi/lib/thumb/v6-m/nofp\libc_nano.a(libc_a-stdio.o) (_close_r)
C:/ST/STM32CubeIDE_1.19.0/STM32CubeIDE/plugins/com.st.stm32cube.ide.mcu.externaltools.gnu-tools-for-stm32.13.3.rel1.win32_1.0.0.202411081344/tools/bin/../lib/gcc/arm-none-eabi/13.3.1/../../../../arm-none-eabi/lib/thumb/v6-m/nofp\libc_nano.a(libc_a-reent.o)
                              C:/ST/STM32CubeIDE_1.19.0/STM32CubeIDE/plugins/com.st.stm32cube.ide.mcu.externaltools.gnu-tools-for-stm32.13.3.rel1.win32_1.0.0.202411081344/tools/bin/../lib/gcc/arm-none-eabi/13.3.1/../../../../arm-none-eabi/lib/thumb/v6-m/nofp\libc_nano.a(libc_a-closer.o) (errno)
C:/ST/STM32CubeIDE_1.19.0/STM32CubeIDE/plugins/com.st.stm32cube.ide.mcu.externaltools.gnu-tools-for-stm32.13.3.rel1.win32_1.0.0.202411081344/tools/bin/../lib/gcc/arm-none-eabi/13.3.1/../../../../arm-none-eabi/lib/thumb/v6-m/nofp\libc_nano.a(libc_a-impure.o)
                              C:/ST/STM32CubeIDE_1.19.0/STM32CubeIDE/plugins/com.st.stm32cube.ide.mcu.externaltools.gnu-tools-for-stm32.13.3.rel1.win32_1.0.0.202411081344/tools/bin/../lib/gcc/arm-none-eabi/13.3.1/../../../../arm-none-eabi/lib/thumb/v6-m/nofp\libc_nano.a(libc_a-reent.o) (_impure_ptr)
C:/ST/STM32CubeIDE_1.19.0/STM32CubeIDE/plugins/com.st.stm32cube.ide.mcu.externaltools.gnu-tools-for-stm32.13.3.rel1.win32_1.0.0.202411081344/tools/bin/../lib/gcc/arm-none-eabi/13.3.1/../../../../arm-none-eabi/lib/thumb/v6-m/nofp\libc_nano.a(libc_a-lseekr.o)
[...]
Memory Configuration

Name             Origin             Length             Attributes
RAM              0x20000000         0x00024000         xrw
FLASH            0x08000000         0x00080000         xr
*default*        0x00000000         0xffffffff

Linker script and memory map

LOAD C:/ST/STM32CubeIDE_1.19.0/STM32CubeIDE/plugins/com.st.stm32cube.ide.mcu.externaltools.gnu-tools-for-stm32.13.3.rel1.win32_1.0.0.202411081344/tools/bin/../lib/gcc/arm-none-eabi/13.3.1/thumb/v6-m/nofp/crti.o
LOAD C:/ST/STM32CubeIDE_1.19.0/STM32CubeIDE/plugins/com.st.stm32cube.ide.mcu.externaltools.gnu-tools-for-stm32.13.3.rel1.win32_1.0.0.202411081344/tools/bin/../lib/gcc/arm-none-eabi/13.3.1/thumb/v6-m/nofp/crtbegin.o
LOAD C:/ST/STM32CubeIDE_1.19.0/STM32CubeIDE/plugins/com.st.stm32cube.ide.mcu.externaltools.gnu-tools-for-stm32.13.3.rel1.win32_1.0.0.202411081344/tools/bin/../lib/gcc/arm-none-eabi/13.3.1/../../../../arm-none-eabi/lib/thumb/v6-m/nofp/crt0.o
LOAD ./Core/Src/gpio.o
LOAD ./Core/Src/main.o
LOAD ./Core/Src/stm32g0xx_hal_msp.o
LOAD ./Core/Src/stm32g0xx_it.o
LOAD ./Core/Src/syscalls.o
LOAD ./Core/Src/sysmem.o
LOAD ./Core/Src/system_stm32g0xx.o
LOAD ./Core/Src/usart.o
LOAD ./Core/Startup/startup_stm32g0b1retx.o
LOAD ./Drivers/STM32G0xx_HAL_Driver/Src/stm32g0xx_hal.o
LOAD ./Drivers/STM32G0xx_HAL_Driver/Src/stm32g0xx_hal_cortex.o
LOAD ./Drivers/STM32G0xx_HAL_Driver/Src/stm32g0xx_hal_dma.o
LOAD ./Drivers/STM32G0xx_HAL_Driver/Src/stm32g0xx_hal_dma_ex.o
LOAD ./Drivers/STM32G0xx_HAL_Driver/Src/stm32g0xx_hal_exti.o
LOAD ./Drivers/STM32G0xx_HAL_Driver/Src/stm32g0xx_hal_flash.o
LOAD ./Drivers/STM32G0xx_HAL_Driver/Src/stm32g0xx_hal_flash_ex.o
LOAD ./Drivers/STM32G0xx_HAL_Driver/Src/stm32g0xx_hal_gpio.o
LOAD ./Drivers/STM32G0xx_HAL_Driver/Src/stm32g0xx_hal_pwr.o
LOAD ./Drivers/STM32G0xx_HAL_Driver/Src/stm32g0xx_hal_pwr_ex.o
LOAD ./Drivers/STM32G0xx_HAL_Driver/Src/stm32g0xx_hal_rcc.o
LOAD ./Drivers/STM32G0xx_HAL_Driver/Src/stm32g0xx_hal_rcc_ex.o
LOAD ./Drivers/STM32G0xx_HAL_Driver/Src/stm32g0xx_hal_uart.o
LOAD ./Drivers/STM32G0xx_HAL_Driver/Src/stm32g0xx_hal_uart_ex.o
LOAD ./Drivers/STM32G0xx_HAL_Driver/Src/stm32g0xx_ll_rcc.o
START GROUP
LOAD C:/ST/STM32CubeIDE_1.19.0/STM32CubeIDE/plugins/com.st.stm32cube.ide.mcu.externaltools.gnu-tools-for-stm32.13.3.rel1.win32_1.0.0.202411081344/tools/bin/../lib/gcc/arm-none-eabi/13.3.1/../../../../arm-none-eabi/lib/thumb/v6-m/nofp\libc_nano.a
LOAD C:/ST/STM32CubeIDE_1.19.0/STM32CubeIDE/plugins/com.st.stm32cube.ide.mcu.externaltools.gnu-tools-for-stm32.13.3.rel1.win32_1.0.0.202411081344/tools/bin/../lib/gcc/arm-none-eabi/13.3.1/../../../../arm-none-eabi/lib/thumb/v6-m/nofp\libm.a
END GROUP
START GROUP
LOAD C:/ST/STM32CubeIDE_1.19.0/STM32CubeIDE/plugins/com.st.stm32cube.ide.mcu.externaltools.gnu-tools-for-stm32.13.3.rel1.win32_1.0.0.202411081344/tools/bin/../lib/gcc/arm-none-eabi/13.3.1/thumb/v6-m/nofp\libgcc.a
LOAD C:/ST/STM32CubeIDE_1.19.0/STM32CubeIDE/plugins/com.st.stm32cube.ide.mcu.externaltools.gnu-tools-for-stm32.13.3.rel1.win32_1.0.0.202411081344/tools/bin/../lib/gcc/arm-none-eabi/13.3.1/../../../../arm-none-eabi/lib/thumb/v6-m/nofp\libc_nano.a
END GROUP
START GROUP
LOAD C:/ST/STM32CubeIDE_1.19.0/STM32CubeIDE/plugins/com.st.stm32cube.ide.mcu.externaltools.gnu-tools-for-stm32.13.3.rel1.win32_1.0.0.202411081344/tools/bin/../lib/gcc/arm-none-eabi/13.3.1/thumb/v6-m/nofp\libgcc.a
LOAD C:/ST/STM32CubeIDE_1.19.0/STM32CubeIDE/plugins/com.st.stm32cube.ide.mcu.externaltools.gnu-tools-for-stm32.13.3.rel1.win32_1.0.0.202411081344/tools/bin/../lib/gcc/arm-none-eabi/13.3.1/../../../../arm-none-eabi/lib/thumb/v6-m/nofp\libc_nano.a
LOAD C:/ST/STM32CubeIDE_1.19.0/STM32CubeIDE/plugins/com.st.stm32cube.ide.mcu.externaltools.gnu-tools-for-stm32.13.3.rel1.win32_1.0.0.202411081344/tools/bin/../lib/gcc/arm-none-eabi/13.3.1/../../../../arm-none-eabi/lib/thumb/v6-m/nofp\libnosys.a
END GROUP
START GROUP
LOAD C:/ST/STM32CubeIDE_1.19.0/STM32CubeIDE/plugins/com.st.stm32cube.ide.mcu.externaltools.gnu-tools-for-stm32.13.3.rel1.win32_1.0.0.202411081344/tools/bin/../lib/gcc/arm-none-eabi/13.3.1/thumb/v6-m/nofp\libgcc.a
LOAD C:/ST/STM32CubeIDE_1.19.0/STM32CubeIDE/plugins/com.st.stm32cube.ide.mcu.externaltools.gnu-tools-for-stm32.13.3.rel1.win32_1.0.0.202411081344/tools/bin/../lib/gcc/arm-none-eabi/13.3.1/../../../../arm-none-eabi/lib/thumb/v6-m/nofp\libc_nano.a
LOAD C:/ST/STM32CubeIDE_1.19.0/STM32CubeIDE/plugins/com.st.stm32cube.ide.mcu.externaltools.gnu-tools-for-stm32.13.3.rel1.win32_1.0.0.202411081344/tools/bin/../lib/gcc/arm-none-eabi/13.3.1/../../../../arm-none-eabi/lib/thumb/v6-m/nofp\libnosys.a
END GROUP
LOAD C:/ST/STM32CubeIDE_1.19.0/STM32CubeIDE/plugins/com.st.stm32cube.ide.mcu.externaltools.gnu-tools-for-stm32.13.3.rel1.win32_1.0.0.202411081344/tools/bin/../lib/gcc/arm-none-eabi/13.3.1/thumb/v6-m/nofp/crtend.o
LOAD C:/ST/STM32CubeIDE_1.19.0/STM32CubeIDE/plugins/com.st.stm32cube.ide.mcu.externaltools.gnu-tools-for-stm32.13.3.rel1.win32_1.0.0.202411081344/tools/bin/../lib/gcc/arm-none-eabi/13.3.1/thumb/v6-m/nofp/crtn.o
                0x20024000                        _estack = (ORIGIN (RAM) + LENGTH (RAM))
                0x00000200                        _Min_Heap_Size = 0x200
                0x00000400                        _Min_Stack_Size = 0x400

.isr_vector     0x08000000       0xbc
                0x08000000                        . = ALIGN (0x4)
 *(.isr_vector)
 .isr_vector    0x08000000       0xbc ./Core/Startup/startup_stm32g0b1retx.o
                0x08000000                g_pfnVectors
                0x080000bc                        . = ALIGN (0x4)

.text           0x080000bc     0x326c
                0x080000bc                        . = ALIGN (0x4)
 *(.text)
 .text          0x080000bc       0x48 C:/ST/STM32CubeIDE_1.19.0/STM32CubeIDE/plugins/com.st.stm32cube.ide.mcu.externaltools.gnu-tools-for-stm32.13.3.rel1.win32_1.0.0.202411081344/tools/bin/../lib/gcc/arm-none-eabi/13.3.1/thumb/v6-m/nofp/crtbegin.o
 .text          0x08000104        0xe C:/ST/STM32CubeIDE_1.19.0/STM32CubeIDE/plugins/com.st.stm32cube.ide.mcu.externaltools.gnu-tools-for-stm32.13.3.rel1.win32_1.0.0.202411081344/tools/bin/../lib/gcc/arm-none-eabi/13.3.1/../../../../arm-none-eabi/lib/thumb/v6-m/nofp\libc_nano.a(libc_a-strlen.o)
                0x08000104                strlen
 *fill*         0x08000112        0x2 
 .text          0x08000114      0x114 C:/ST/STM32CubeIDE_1.19.0/STM32CubeIDE/plugins/com.st.stm32cube.ide.mcu.externaltools.gnu-tools-for-stm32.13.3.rel1.win32_1.0.0.202411081344/tools/bin/../lib/gcc/arm-none-eabi/13.3.1/thumb/v6-m/nofp\libgcc.a(_udivsi3.o)
                0x08000114                __aeabi_uidiv
                0x08000114                __udivsi3
                0x08000220                __aeabi_uidivmod
 .text          0x08000228      0x1d4 C:/ST/STM32CubeIDE_1.19.0/STM32CubeIDE/plugins/com.st.stm32cube.ide.mcu.externaltools.gnu-tools-for-stm32.13.3.rel1.win32_1.0.0.202411081344/tools/bin/../lib/gcc/arm-none-eabi/13.3.1/thumb/v6-m/nofp\libgcc.a(_divsi3.o)
                0x08000228                __divsi3
                0x08000228                __aeabi_idiv
                0x080003f4                __aeabi_idivmod
 .text          0x080003fc        0x4 C:/ST/STM32CubeIDE_1.19.0/STM32CubeIDE/plugins/com.st.stm32cube.ide.mcu.externaltools.gnu-tools-for-stm32.13.3.rel1.win32_1.0.0.202411081344/tools/bin/../lib/gcc/arm-none-eabi/13.3.1/thumb/v6-m/nofp\libgcc.a(_dvmd_tls.o)
                0x080003fc                __aeabi_idiv0
                0x080003fc                __aeabi_ldiv0
 .text          0x08000400       0x40 C:/ST/STM32CubeIDE_1.19.0/STM32CubeIDE/plugins/com.st.stm32cube.ide.mcu.externaltools.gnu-tools-for-stm32.13.3.rel1.win32_1.0.0.202411081344/tools/bin/../lib/gcc/arm-none-eabi/13.3.1/thumb/v6-m/nofp\libgcc.a(_aeabi_uldivmod.o)
                0x08000400                __aeabi_uldivmod
 .text          0x08000440      0x198 C:/ST/STM32CubeIDE_1.19.0/STM32CubeIDE/plugins/com.st.stm32cube.ide.mcu.externaltools.gnu-tools-for-stm32.13.3.rel1.win32_1.0.0.202411081344/tools/bin/../lib/gcc/arm-none-eabi/13.3.1/thumb/v6-m/nofp\libgcc.a(_udivmoddi4.o)
                0x08000440                __udivmoddi4
 .text          0x080005d8       0x18 C:/ST/STM32CubeIDE_1.19.0/STM32CubeIDE/plugins/com.st.stm32cube.ide.mcu.externaltools.gnu-tools-for-stm32.13.3.rel1.win32_1.0.0.202411081344/tools/bin/../lib/gcc/arm-none-eabi/13.3.1/thumb/v6-m/nofp\libgcc.a(_clzdi2.o)
                0x080005d8                __clzdi2
 .text          0x080005f0       0x3c C:/ST/STM32CubeIDE_1.19.0/STM32CubeIDE/plugins/com.st.stm32cube.ide.mcu.externaltools.gnu-tools-for-stm32.13.3.rel1.win32_1.0.0.202411081344/tools/bin/../lib/gcc/arm-none-eabi/13.3.1/thumb/v6-m/nofp\libgcc.a(_clzsi2.o)
                0x080005f0                __clzsi2
 *(.text*)
 .text.MX_GPIO_Init
                0x0800062c       0xc8 ./Core/Src/gpio.o
                0x0800062c                MX_GPIO_Init
 .text.led_task_500ms
                0x080006f4       0x3c ./Core/Src/main.o
 .text.uart2_print
                0x08000730       0x2c ./Core/Src/main.o
 .text.uart_receive_exact
                0x0800075c       0x68 ./Core/Src/main.o
 .text.main     0x080007c4       0x70 ./Core/Src/main.o
                0x080007c4                main
 .text.SystemClock_Config
                0x08000834       0x90 ./Core/Src/main.o
                0x08000834                SystemClock_Config
 .text.Error_Handler
                0x080008c4        0xc ./Core/Src/main.o
                0x080008c4                Error_Handler
 .text.HAL_MspInit
                0x080008d0       0x50 ./Core/Src/stm32g0xx_hal_msp.o
                0x080008d0                HAL_MspInit
 .text.NMI_Handler
                0x08000920        0x8 ./Core/Src/stm32g0xx_it.o
                0x08000920                NMI_Handler
 .text.HardFault_Handler
                0x08000928        0x8 ./Core/Src/stm32g0xx_it.o
                0x08000928                HardFault_Handler
 .text.SVC_Handler
                0x08000930        0xa ./Core/Src/stm32g0xx_it.o
                0x08000930                SVC_Handler
 .text.PendSV_Handler
                0x0800093a        0xa ./Core/Src/stm32g0xx_it.o
                0x0800093a                PendSV_Handler
 .text.SysTick_Handler
                0x08000944        0xe ./Core/Src/stm32g0xx_it.o
                0x08000944                SysTick_Handler
 .text.SystemInit
                0x08000952        0xa ./Core/Src/system_stm32g0xx.o
                0x08000952                SystemInit
 .text.MX_USART2_UART_Init
                0x0800095c       0x9c ./Core/Src/usart.o
                0x0800095c                MX_USART2_UART_Init
 .text.MX_USART4_UART_Init
                0x080009f8       0x68 ./Core/Src/usart.o
                0x080009f8                MX_USART4_UART_Init
 .text.HAL_UART_MspInit
                0x08000a60      0x1a8 ./Core/Src/usart.o
                0x08000a60                HAL_UART_MspInit
 .text.Reset_Handler
                0x08000c08       0x50 ./Core/Startup/startup_stm32g0b1retx.o
                0x08000c08                Reset_Handler
 .text.Default_Handler
                0x08000c58        0x2 ./Core/Startup/startup_stm32g0b1retx.o
                0x08000c58                I2C2_3_IRQHandler
                0x08000c58                USART3_4_5_6_LPUART1_IRQHandler
                0x08000c58                TIM1_CC_IRQHandler
                0x08000c58                ADC1_COMP_IRQHandler
                0x08000c58                I2C1_IRQHandler
                0x08000c58                TIM7_LPTIM2_IRQHandler
                0x08000c58                TIM17_FDCAN_IT1_IRQHandler
                0x08000c58                DMA1_Ch4_7_DMA2_Ch1_5_DMAMUX1_OVR_IRQHandler
                0x08000c58                RCC_CRS_IRQHandler
                0x08000c58                RTC_TAMP_IRQHandler
                0x08000c58                SPI1_IRQHandler
                0x08000c58                USB_UCPD1_2_IRQHandler
                0x08000c58                EXTI2_3_IRQHandler
                0x08000c58                USART2_LPUART2_IRQHandler
                0x08000c58                PVD_VDDIO2_IRQHandler
                0x08000c58                EXTI4_15_IRQHandler
                0x08000c58                DMA1_Channel1_IRQHandler
                0x08000c58                Default_Handler
                0x08000c58                CEC_IRQHandler
                0x08000c58                TIM14_IRQHandler
                0x08000c58                TIM15_IRQHandler
                0x08000c58                TIM3_TIM4_IRQHandler
                0x08000c58                EXTI0_1_IRQHandler
                0x08000c58                SPI2_3_IRQHandler
                0x08000c58                TIM6_DAC_LPTIM1_IRQHandler
                0x08000c58                WWDG_IRQHandler
                0x08000c58                TIM2_IRQHandler
                0x08000c58                DMA1_Channel2_3_IRQHandler
                0x08000c58                FLASH_IRQHandler
                0x08000c58                USART1_IRQHandler
                0x08000c58                TIM16_FDCAN_IT0_IRQHandler
                0x08000c58                TIM1_BRK_UP_TRG_COM_IRQHandler
 *fill*         0x08000c5a        0x2 
 .text.HAL_Init
                0x08000c5c       0x40 ./Drivers/STM32G0xx_HAL_Driver/Src/stm32g0xx_hal.o
                0x08000c5c                HAL_Init
 .text.HAL_InitTick
                0x08000c9c       0x94 ./Drivers/STM32G0xx_HAL_Driver/Src/stm32g0xx_hal.o
                0x08000c9c                HAL_InitTick
 .text.HAL_IncTick
                0x08000d30       0x24 ./Drivers/STM32G0xx_HAL_Driver/Src/stm32g0xx_hal.o
                0x08000d30                HAL_IncTick
 .text.HAL_GetTick
                0x08000d54       0x14 ./Drivers/STM32G0xx_HAL_Driver/Src/stm32g0xx_hal.o
                0x08000d54                HAL_GetTick
 .text.HAL_Delay
                0x08000d68       0x48 ./Drivers/STM32G0xx_HAL_Driver/Src/stm32g0xx_hal.o
                0x08000d68                HAL_Delay
 .text.HAL_SYSCFG_StrobeDBattpinsConfig
                0x08000db0       0x2c ./Drivers/STM32G0xx_HAL_Driver/Src/stm32g0xx_hal.o
                0x08000db0                HAL_SYSCFG_StrobeDBattpinsConfig
 .text.__NVIC_SetPriority
                0x08000ddc       0xdc ./Drivers/STM32G0xx_HAL_Driver/Src/stm32g0xx_hal_cortex.o
 .text.SysTick_Config
                0x08000eb8       0x48 ./Drivers/STM32G0xx_HAL_Driver/Src/stm32g0xx_hal_cortex.o
 .text.HAL_NVIC_SetPriority
                0x08000f00       0x2a ./Drivers/STM32G0xx_HAL_Driver/Src/stm32g0xx_hal_cortex.o
                0x08000f00                HAL_NVIC_SetPriority
 .text.HAL_SYSTICK_Config
                0x08000f2a       0x1a ./Drivers/STM32G0xx_HAL_Driver/Src/stm32g0xx_hal_cortex.o
                0x08000f2a                HAL_SYSTICK_Config
 .text.HAL_GPIO_Init
                0x08000f44      0x2d8 ./Drivers/STM32G0xx_HAL_Driver/Src/stm32g0xx_hal_gpio.o
                0x08000f44                HAL_GPIO_Init
 .text.HAL_GPIO_WritePin
                0x0800121c       0x3a ./Drivers/STM32G0xx_HAL_Driver/Src/stm32g0xx_hal_gpio.o
                0x0800121c                HAL_GPIO_WritePin
 .text.HAL_GPIO_TogglePin
                0x08001256       0x36 ./Drivers/STM32G0xx_HAL_Driver/Src/stm32g0xx_hal_gpio.o
                0x08001256                HAL_GPIO_TogglePin
 .text.HAL_PWREx_ControlVoltageScaling
                0x0800128c       0x80 ./Drivers/STM32G0xx_HAL_Driver/Src/stm32g0xx_hal_pwr_ex.o
                0x0800128c                HAL_PWREx_ControlVoltageScaling
 .text.LL_RCC_GetAPB1Prescaler
                0x0800130c       0x18 ./Drivers/STM32G0xx_HAL_Driver/Src/stm32g0xx_hal_rcc.o
 .text.HAL_RCC_OscConfig
                0x08001324      0x6c0 ./Drivers/STM32G0xx_HAL_Driver/Src/stm32g0xx_hal_rcc.o
                0x08001324                HAL_RCC_OscConfig
 .text.HAL_RCC_ClockConfig
                0x080019e4      0x210 ./Drivers/STM32G0xx_HAL_Driver/Src/stm32g0xx_hal_rcc.o
                0x080019e4                HAL_RCC_ClockConfig
 .text.HAL_RCC_GetSysClockFreq
                0x08001bf4      0x104 ./Drivers/STM32G0xx_HAL_Driver/Src/stm32g0xx_hal_rcc.o
                0x08001bf4                HAL_RCC_GetSysClockFreq
 .text.HAL_RCC_GetHCLKFreq
                0x08001cf8       0x14 ./Drivers/STM32G0xx_HAL_Driver/Src/stm32g0xx_hal_rcc.o
                0x08001cf8                HAL_RCC_GetHCLKFreq
 .text.HAL_RCC_GetPCLK1Freq
                0x08001d0c       0x2c ./Drivers/STM32G0xx_HAL_Driver/Src/stm32g0xx_hal_rcc.o
                0x08001d0c                HAL_RCC_GetPCLK1Freq
 .text.HAL_RCCEx_PeriphCLKConfig
                0x08001d38      0x478 ./Drivers/STM32G0xx_HAL_Driver/Src/stm32g0xx_hal_rcc_ex.o
                0x08001d38                HAL_RCCEx_PeriphCLKConfig
 .text.HAL_UART_Init
                0x080021b0       0xac ./Drivers/STM32G0xx_HAL_Driver/Src/stm32g0xx_hal_uart.o
                0x080021b0                HAL_UART_Init
 .text.HAL_UART_Transmit
                0x0800225c      0x148 ./Drivers/STM32G0xx_HAL_Driver/Src/stm32g0xx_hal_uart.o
                0x0800225c                HAL_UART_Transmit
 .text.HAL_UART_Receive
                0x080023a4      0x1cc ./Drivers/STM32G0xx_HAL_Driver/Src/stm32g0xx_hal_uart.o
                0x080023a4                HAL_UART_Receive
 .text.UART_SetConfig
                0x08002570      0x6ac ./Drivers/STM32G0xx_HAL_Driver/Src/stm32g0xx_hal_uart.o
                0x08002570                UART_SetConfig
 .text.UART_AdvFeatureConfig
                0x08002c1c      0x168 ./Drivers/STM32G0xx_HAL_Driver/Src/stm32g0xx_hal_uart.o
                0x08002c1c                UART_AdvFeatureConfig
 .text.UART_CheckIdleState
                0x08002d84      0x154 ./Drivers/STM32G0xx_HAL_Driver/Src/stm32g0xx_hal_uart.o
                0x08002d84                UART_CheckIdleState
 .text.UART_WaitOnFlagUntilTimeout
                0x08002ed8       0xde ./Drivers/STM32G0xx_HAL_Driver/Src/stm32g0xx_hal_uart.o
                0x08002ed8                UART_WaitOnFlagUntilTimeout
 *fill*         0x08002fb6        0x2 
 .text.UART_EndRxTransfer
                0x08002fb8       0xcc ./Drivers/STM32G0xx_HAL_Driver/Src/stm32g0xx_hal_uart.o
 .text.HAL_UARTEx_DisableFifoMode
                0x08003084       0x74 ./Drivers/STM32G0xx_HAL_Driver/Src/stm32g0xx_hal_uart_ex.o
                0x08003084                HAL_UARTEx_DisableFifoMode
 .text.HAL_UARTEx_SetTxFifoThreshold
                0x080030f8       0x7e ./Drivers/STM32G0xx_HAL_Driver/Src/stm32g0xx_hal_uart_ex.o
                0x080030f8                HAL_UARTEx_SetTxFifoThreshold
 *fill*         0x08003176        0x2 
 .text.HAL_UARTEx_SetRxFifoThreshold
                0x08003178       0x84 ./Drivers/STM32G0xx_HAL_Driver/Src/stm32g0xx_hal_uart_ex.o
                0x08003178                HAL_UARTEx_SetRxFifoThreshold
 .text.UARTEx_SetNbDataToProcess
                0x080031fc       0xbc ./Drivers/STM32G0xx_HAL_Driver/Src/stm32g0xx_hal_uart_ex.o
 .text.memset   0x080032b8       0x10 C:/ST/STM32CubeIDE_1.19.0/STM32CubeIDE/plugins/com.st.stm32cube.ide.mcu.externaltools.gnu-tools-for-stm32.13.3.rel1.win32_1.0.0.202411081344/tools/bin/../lib/gcc/arm-none-eabi/13.3.1/../../../../arm-none-eabi/lib/thumb/v6-m/nofp\libc_nano.a(libc_a-memset.o)
                0x080032b8                memset
 .text.__libc_init_array
                0x080032c8       0x48 C:/ST/STM32CubeIDE_1.19.0/STM32CubeIDE/plugins/com.st.stm32cube.ide.mcu.externaltools.gnu-tools-for-stm32.13.3.rel1.win32_1.0.0.202411081344/tools/bin/../lib/gcc/arm-none-eabi/13.3.1/../../../../arm-none-eabi/lib/thumb/v6-m/nofp\libc_nano.a(libc_a-init.o)
                0x080032c8                __libc_init_array
 *(.glue_7)
 .glue_7        0x08003310        0x0 linker stubs
 *(.glue_7t)
 .glue_7t       0x08003310        0x0 linker stubs
 *(.eh_frame)
 .eh_frame      0x08003310        0x0 C:/ST/STM32CubeIDE_1.19.0/STM32CubeIDE/plugins/com.st.stm32cube.ide.mcu.externaltools.gnu-tools-for-stm32.13.3.rel1.win32_1.0.0.202411081344/tools/bin/../lib/gcc/arm-none-eabi/13.3.1/thumb/v6-m/nofp/crtbegin.o
 *(.init)
 .init          0x08003310        0x4 C:/ST/STM32CubeIDE_1.19.0/STM32CubeIDE/plugins/com.st.stm32cube.ide.mcu.externaltools.gnu-tools-for-stm32.13.3.rel1.win32_1.0.0.202411081344/tools/bin/../lib/gcc/arm-none-eabi/13.3.1/thumb/v6-m/nofp/crti.o
                0x08003310                _init
 .init          0x08003314        0x8 C:/ST/STM32CubeIDE_1.19.0/STM32CubeIDE/plugins/com.st.stm32cube.ide.mcu.externaltools.gnu-tools-for-stm32.13.3.rel1.win32_1.0.0.202411081344/tools/bin/../lib/gcc/arm-none-eabi/13.3.1/thumb/v6-m/nofp/crtn.o
 *(.fini)
 .fini          0x0800331c        0x4 C:/ST/STM32CubeIDE_1.19.0/STM32CubeIDE/plugins/com.st.stm32cube.ide.mcu.externaltools.gnu-tools-for-stm32.13.3.rel1.win32_1.0.0.202411081344/tools/bin/../lib/gcc/arm-none-eabi/13.3.1/thumb/v6-m/nofp/crti.o
                0x0800331c                _fini
 .fini          0x08003320        0x8 C:/ST/STM32CubeIDE_1.19.0/STM32CubeIDE/plugins/com.st.stm32cube.ide.mcu.externaltools.gnu-tools-for-stm32.13.3.rel1.win32_1.0.0.202411081344/tools/bin/../lib/gcc/arm-none-eabi/13.3.1/thumb/v6-m/nofp/crtn.o
                0x08003328                        . = ALIGN (0x4)
                0x08003328                        _etext = .

.vfp11_veneer   0x08003328        0x0
 .vfp11_veneer  0x08003328        0x0 linker stubs

.v4_bx          0x08003328        0x0
 .v4_bx         0x08003328        0x0 linker stubs

.iplt           0x08003328        0x0
 .iplt          0x08003328        0x0 C:/ST/STM32CubeIDE_1.19.0/STM32CubeIDE/plugins/com.st.stm32cube.ide.mcu.externaltools.gnu-tools-for-stm32.13.3.rel1.win32_1.0.0.202411081344/tools/bin/../lib/gcc/arm-none-eabi/13.3.1/thumb/v6-m/nofp/crtbegin.o

.rodata         0x08003328       0x98
                0x08003328                        . = ALIGN (0x4)
 *(.rodata)
 .rodata        0x08003328        0xa ./Core/Src/main.o
 *(.rodata*)
 *fill*         0x08003332        0x2 
 .rodata.payload.0
                0x08003334        0x4 ./Core/Src/main.o
 .rodata.AHBPrescTable
                0x08003338       0x40 ./Core/Src/system_stm32g0xx.o
                0x08003338                AHBPrescTable
 .rodata.APBPrescTable
                0x08003378       0x20 ./Core/Src/system_stm32g0xx.o
                0x08003378                APBPrescTable
 .rodata.UARTPrescTable
                0x08003398       0x18 ./Drivers/STM32G0xx_HAL_Driver/Src/stm32g0xx_hal_uart.o
                0x08003398                UARTPrescTable
 .rodata.numerator.1
                0x080033b0        0x8 ./Drivers/STM32G0xx_HAL_Driver/Src/stm32g0xx_hal_uart_ex.o
 .rodata.denominator.0
                0x080033b8        0x8 ./Drivers/STM32G0xx_HAL_Driver/Src/stm32g0xx_hal_uart_ex.o
                0x080033c0                        . = ALIGN (0x4)

.ARM.extab      0x080033c0        0x0
                0x080033c0                        . = ALIGN (0x4)
 *(.ARM.extab* .gnu.linkonce.armextab.*)
                0x080033c0                        . = ALIGN (0x4)

.ARM            0x080033c0        0x8
                0x080033c0                        . = ALIGN (0x4)
                0x080033c0                        __exidx_start = .
 *(.ARM.exidx*)
 .ARM.exidx     0x080033c0        0x8 C:/ST/STM32CubeIDE_1.19.0/STM32CubeIDE/plugins/com.st.stm32cube.ide.mcu.externaltools.gnu-tools-for-stm32.13.3.rel1.win32_1.0.0.202411081344/tools/bin/../lib/gcc/arm-none-eabi/13.3.1/thumb/v6-m/nofp\libgcc.a(_udivmoddi4.o)
                0x080033c8                        __exidx_end = .
                0x080033c8                        . = ALIGN (0x4)

.preinit_array  0x080033c8        0x0
                0x080033c8                        . = ALIGN (0x4)
                0x080033c8                        PROVIDE (__preinit_array_start = .)
 *(.preinit_array*)
                0x080033c8                        PROVIDE (__preinit_array_end = .)
                0x080033c8                        . = ALIGN (0x4)

.init_array     0x080033c8        0x4
                0x080033c8                        . = ALIGN (0x4)
                0x080033c8                        PROVIDE (__init_array_start = .)
 *(SORT_BY_NAME(.init_array.*))
 *(.init_array*)
 .init_array    0x080033c8        0x4 C:/ST/STM32CubeIDE_1.19.0/STM32CubeIDE/plugins/com.st.stm32cube.ide.mcu.externaltools.gnu-tools-for-stm32.13.3.rel1.win32_1.0.0.202411081344/tools/bin/../lib/gcc/arm-none-eabi/13.3.1/thumb/v6-m/nofp/crtbegin.o
                0x080033cc                        PROVIDE (__init_array_end = .)
                0x080033cc                        . = ALIGN (0x4)

.fini_array     0x080033cc        0x4
                0x080033cc                        . = ALIGN (0x4)
                [!provide]                        PROVIDE (__fini_array_start = .)
 *(SORT_BY_NAME(.fini_array.*))
 *(.fini_array*)
 .fini_array    0x080033cc        0x4 C:/ST/STM32CubeIDE_1.19.0/STM32CubeIDE/plugins/com.st.stm32cube.ide.mcu.externaltools.gnu-tools-for-stm32.13.3.rel1.win32_1.0.0.202411081344/tools/bin/../lib/gcc/arm-none-eabi/13.3.1/thumb/v6-m/nofp/crtbegin.o
                [!provide]                        PROVIDE (__fini_array_end = .)
                0x080033d0                        . = ALIGN (0x4)
                0x080033d0                        _sidata = LOADADDR (.data)

.rel.dyn        0x080033d0        0x0
 .rel.iplt      0x080033d0        0x0 C:/ST/STM32CubeIDE_1.19.0/STM32CubeIDE/plugins/com.st.stm32cube.ide.mcu.externaltools.gnu-tools-for-stm32.13.3.rel1.win32_1.0.0.202411081344/tools/bin/../lib/gcc/arm-none-eabi/13.3.1/thumb/v6-m/nofp/crtbegin.o

.data           0x20000000        0xc load address 0x080033d0
                0x20000000                        . = ALIGN (0x4)
                0x20000000                        _sdata = .
 *(.data)
 *(.data*)
 .data.SystemCoreClock
                0x20000000        0x4 ./Core/Src/system_stm32g0xx.o
                0x20000000                SystemCoreClock
 .data.uwTickPrio
                0x20000004        0x4 ./Drivers/STM32G0xx_HAL_Driver/Src/stm32g0xx_hal.o
                0x20000004                uwTickPrio
 .data.uwTickFreq
                0x20000008        0x1 ./Drivers/STM32G0xx_HAL_Driver/Src/stm32g0xx_hal.o
                0x20000008                uwTickFreq
 *(.RamFunc)
 *(.RamFunc*)
                0x2000000c                        . = ALIGN (0x4)
 *fill*         0x20000009        0x3 
                0x2000000c                        _edata = .

.igot.plt       0x2000000c        0x0 load address 0x080033dc
 .igot.plt      0x2000000c        0x0 C:/ST/STM32CubeIDE_1.19.0/STM32CubeIDE/plugins/com.st.stm32cube.ide.mcu.externaltools.gnu-tools-for-stm32.13.3.rel1.win32_1.0.0.202411081344/tools/bin/../lib/gcc/arm-none-eabi/13.3.1/thumb/v6-m/nofp/crtbegin.o
                0x2000000c                        . = ALIGN (0x4)

.bss            0x2000000c      0x1e0 load address 0x080033dc
                0x2000000c                        _sbss = .
                0x2000000c                        __bss_start__ = _sbss
 *(.bss)
 .bss           0x2000000c       0x1c C:/ST/STM32CubeIDE_1.19.0/STM32CubeIDE/plugins/com.st.stm32cube.ide.mcu.externaltools.gnu-tools-for-stm32.13.3.rel1.win32_1.0.0.202411081344/tools/bin/../lib/gcc/arm-none-eabi/13.3.1/thumb/v6-m/nofp/crtbegin.o
 *(.bss*)
 .bss.last.1    0x20000028        0x4 ./Core/Src/main.o
 .bss.huart2    0x2000002c       0x94 ./Core/Src/usart.o
                0x2000002c                huart2
 .bss.huart4    0x200000c0       0x94 ./Core/Src/usart.o
                0x200000c0                huart4
 .bss.huart6    0x20000154       0x94 ./Core/Src/usart.o
                0x20000154                huart6
 .bss.uwTick    0x200001e8        0x4 ./Drivers/STM32G0xx_HAL_Driver/Src/stm32g0xx_hal.o
                0x200001e8                uwTick
 *(COMMON)
                0x200001ec                        . = ALIGN (0x4)
                0x200001ec                        _ebss = .
                0x200001ec                        __bss_end__ = _ebss

._user_heap_stack
                0x200001ec      0x604 load address 0x080033dc
                0x200001f0                        . = ALIGN (0x8)
 *fill*         0x200001ec        0x4 
                [!provide]                        PROVIDE (end = .)
                0x200001f0                        PROVIDE (_end = .)
                0x200003f0                        . = (. + _Min_Heap_Size)
 *fill*         0x200001f0      0x200 
                0x200007f0                        . = (. + _Min_Stack_Size)
 *fill*         0x200003f0      0x400 
                0x200007f0                        . = ALIGN (0x8)

/DISCARD/
 libc.a(*)
 libm.a(*)
 libgcc.a(*)

.ARM.attributes
                0x00000000       0x28
 *(.ARM.attributes)
 .ARM.attributes
                0x00000000       0x1e C:/ST/STM32CubeIDE_1.19.0/STM32CubeIDE/plugins/com.st.stm32cube.ide.mcu.externaltools.gnu-tools-for-stm32.13.3.rel1.win32_1.0.0.202411081344/tools/bin/../lib/gcc/arm-none-eabi/13.3.1/thumb/v6-m/nofp/crti.o
 .ARM.attributes
                0x0000001e       0x2c C:/ST/STM32CubeIDE_1.19.0/STM32CubeIDE/plugins/com.st.stm32cube.ide.mcu.externaltools.gnu-tools-for-stm32.13.3.rel1.win32_1.0.0.202411081344/tools/bin/../lib/gcc/arm-none-eabi/13.3.1/thumb/v6-m/nofp/crtbegin.o
 .ARM.attributes
                0x0000004a       0x2c ./Core/Src/gpio.o
 .ARM.attributes
                0x00000076       0x2c ./Core/Src/main.o
 .ARM.attributes
                0x000000a2       0x2c ./Core/Src/stm32g0xx_hal_msp.o
 .ARM.attributes
                0x000000ce       0x2c ./Core/Src/stm32g0xx_it.o
 .ARM.attributes
                0x000000fa       0x2c ./Core/Src/system_stm32g0xx.o
 .ARM.attributes
                0x00000126       0x2c ./Core/Src/usart.o
 .ARM.attributes
                0x00000152       0x22 ./Core/Startup/startup_stm32g0b1retx.o
 .ARM.attributes
                0x00000174       0x2c ./Drivers/STM32G0xx_HAL_Driver/Src/stm32g0xx_hal.o
 .ARM.attributes
                0x000001a0       0x2c ./Drivers/STM32G0xx_HAL_Driver/Src/stm32g0xx_hal_cortex.o
 .ARM.attributes
                0x000001cc       0x2c ./Drivers/STM32G0xx_HAL_Driver/Src/stm32g0xx_hal_gpio.o
 .ARM.attributes
                0x000001f8       0x2c ./Drivers/STM32G0xx_HAL_Driver/Src/stm32g0xx_hal_pwr_ex.o
 .ARM.attributes
                0x00000224       0x2c ./Drivers/STM32G0xx_HAL_Driver/Src/stm32g0xx_hal_rcc.o
 .ARM.attributes
                0x00000250       0x2c ./Drivers/STM32G0xx_HAL_Driver/Src/stm32g0xx_hal_rcc_ex.o
 .ARM.attributes
                0x0000027c       0x2c ./Drivers/STM32G0xx_HAL_Driver/Src/stm32g0xx_hal_uart.o
 .ARM.attributes
                0x000002a8       0x2c ./Drivers/STM32G0xx_HAL_Driver/Src/stm32g0xx_hal_uart_ex.o
 .ARM.attributes
                0x000002d4       0x2c C:/ST/STM32CubeIDE_1.19.0/STM32CubeIDE/plugins/com.st.stm32cube.ide.mcu.externaltools.gnu-tools-for-stm32.13.3.rel1.win32_1.0.0.202411081344/tools/bin/../lib/gcc/arm-none-eabi/13.3.1/../../../../arm-none-eabi/lib/thumb/v6-m/nofp\libc_nano.a(libc_a-memset.o)
 .ARM.attributes
                0x00000300       0x2c C:/ST/STM32CubeIDE_1.19.0/STM32CubeIDE/plugins/com.st.stm32cube.ide.mcu.externaltools.gnu-tools-for-stm32.13.3.rel1.win32_1.0.0.202411081344/tools/bin/../lib/gcc/arm-none-eabi/13.3.1/../../../../arm-none-eabi/lib/thumb/v6-m/nofp\libc_nano.a(libc_a-init.o)
 .ARM.attributes
                0x0000032c       0x1c C:/ST/STM32CubeIDE_1.19.0/STM32CubeIDE/plugins/com.st.stm32cube.ide.mcu.externaltools.gnu-tools-for-stm32.13.3.rel1.win32_1.0.0.202411081344/tools/bin/../lib/gcc/arm-none-eabi/13.3.1/../../../../arm-none-eabi/lib/thumb/v6-m/nofp\libc_nano.a(libc_a-strlen.o)
 .ARM.attributes
                0x00000348       0x1e C:/ST/STM32CubeIDE_1.19.0/STM32CubeIDE/plugins/com.st.stm32cube.ide.mcu.externaltools.gnu-tools-for-stm32.13.3.rel1.win32_1.0.0.202411081344/tools/bin/../lib/gcc/arm-none-eabi/13.3.1/thumb/v6-m/nofp\libgcc.a(_udivsi3.o)
 .ARM.attributes
                0x00000366       0x1e C:/ST/STM32CubeIDE_1.19.0/STM32CubeIDE/plugins/com.st.stm32cube.ide.mcu.externaltools.gnu-tools-for-stm32.13.3.rel1.win32_1.0.0.202411081344/tools/bin/../lib/gcc/arm-none-eabi/13.3.1/thumb/v6-m/nofp\libgcc.a(_divsi3.o)
 .ARM.attributes
                0x00000384       0x1e C:/ST/STM32CubeIDE_1.19.0/STM32CubeIDE/plugins/com.st.stm32cube.ide.mcu.externaltools.gnu-tools-for-stm32.13.3.rel1.win32_1.0.0.202411081344/tools/bin/../lib/gcc/arm-none-eabi/13.3.1/thumb/v6-m/nofp\libgcc.a(_dvmd_tls.o)
 .ARM.attributes
                0x000003a2       0x1e C:/ST/STM32CubeIDE_1.19.0/STM32CubeIDE/plugins/com.st.stm32cube.ide.mcu.externaltools.gnu-tools-for-stm32.13.3.rel1.win32_1.0.0.202411081344/tools/bin/../lib/gcc/arm-none-eabi/13.3.1/thumb/v6-m/nofp\libgcc.a(_aeabi_uldivmod.o)
 .ARM.attributes
                0x000003c0       0x2c C:/ST/STM32CubeIDE_1.19.0/STM32CubeIDE/plugins/com.st.stm32cube.ide.mcu.externaltools.gnu-tools-for-stm32.13.3.rel1.win32_1.0.0.202411081344/tools/bin/../lib/gcc/arm-none-eabi/13.3.1/thumb/v6-m/nofp\libgcc.a(_udivmoddi4.o)
 .ARM.attributes
                0x000003ec       0x1e C:/ST/STM32CubeIDE_1.19.0/STM32CubeIDE/plugins/com.st.stm32cube.ide.mcu.externaltools.gnu-tools-for-stm32.13.3.rel1.win32_1.0.0.202411081344/tools/bin/../lib/gcc/arm-none-eabi/13.3.1/thumb/v6-m/nofp\libgcc.a(_clzdi2.o)
 .ARM.attributes
                0x0000040a       0x1e C:/ST/STM32CubeIDE_1.19.0/STM32CubeIDE/plugins/com.st.stm32cube.ide.mcu.externaltools.gnu-tools-for-stm32.13.3.rel1.win32_1.0.0.202411081344/tools/bin/../lib/gcc/arm-none-eabi/13.3.1/thumb/v6-m/nofp\libgcc.a(_clzsi2.o)
 .ARM.attributes
                0x00000428       0x1e C:/ST/STM32CubeIDE_1.19.0/STM32CubeIDE/plugins/com.st.stm32cube.ide.mcu.externaltools.gnu-tools-for-stm32.13.3.rel1.win32_1.0.0.202411081344/tools/bin/../lib/gcc/arm-none-eabi/13.3.1/thumb/v6-m/nofp/crtn.o
OUTPUT(BareMetal_Serial_RS485_Board1_Bidirectional_Serial_Loopback.elf elf32-littlearm)
LOAD linker stubs
LOAD C:/ST/STM32CubeIDE_1.19.0/STM32CubeIDE/plugins/com.st.stm32cube.ide.mcu.externaltools.gnu-tools-for-stm32.13.3.rel1.win32_1.0.0.202411081344/tools/bin/../lib/gcc/arm-none-eabi/13.3.1/../../../../arm-none-eabi/lib/thumb/v6-m/nofp\libc.a
LOAD C:/ST/STM32CubeIDE_1.19.0/STM32CubeIDE/plugins/com.st.stm32cube.ide.mcu.externaltools.gnu-tools-for-stm32.13.3.rel1.win32_1.0.0.202411081344/tools/bin/../lib/gcc/arm-none-eabi/13.3.1/../../../../arm-none-eabi/lib/thumb/v6-m/nofp\libm.a
LOAD C:/ST/STM32CubeIDE_1.19.0/STM32CubeIDE/plugins/com.st.stm32cube.ide.mcu.externaltools.gnu-tools-for-stm32.13.3.rel1.win32_1.0.0.202411081344/tools/bin/../lib/gcc/arm-none-eabi/13.3.1/thumb/v6-m/nofp\libgcc.a

.debug_info     0x00000000     0xb625
 .debug_info    0x00000000      0x3f7 ./Core/Src/gpio.o
 .debug_info    0x000003f7      0xced ./Core/Src/main.o
 .debug_info    0x000010e4      0x278 ./Core/Src/stm32g0xx_hal_msp.o
 .debug_info    0x0000135c      0x117 ./Core/Src/stm32g0xx_it.o
 .debug_info    0x00001473      0x316 ./Core/Src/system_stm32g0xx.o
 .debug_info    0x00001789      0xd9f ./Core/Src/usart.o
 .debug_info    0x00002528       0x30 ./Core/Startup/startup_stm32g0b1retx.o
 .debug_info    0x00002558      0xafa ./Drivers/STM32G0xx_HAL_Driver/Src/stm32g0xx_hal.o
 .debug_info    0x00003052      0x8d9 ./Drivers/STM32G0xx_HAL_Driver/Src/stm32g0xx_hal_cortex.o
 .debug_info    0x0000392b      0x5d9 ./Drivers/STM32G0xx_HAL_Driver/Src/stm32g0xx_hal_gpio.o
 .debug_info    0x00003f04      0x8b5 ./Drivers/STM32G0xx_HAL_Driver/Src/stm32g0xx_hal_pwr_ex.o
 .debug_info    0x000047b9      0xb9b ./Drivers/STM32G0xx_HAL_Driver/Src/stm32g0xx_hal_rcc.o
 .debug_info    0x00005354      0xa41 ./Drivers/STM32G0xx_HAL_Driver/Src/stm32g0xx_hal_rcc_ex.o
 .debug_info    0x00005d95     0x48a0 ./Drivers/STM32G0xx_HAL_Driver/Src/stm32g0xx_hal_uart.o
 .debug_info    0x0000a635      0xff0 ./Drivers/STM32G0xx_HAL_Driver/Src/stm32g0xx_hal_uart_ex.o

.debug_abbrev   0x00000000     0x1cd9
 .debug_abbrev  0x00000000      0x158 ./Core/Src/gpio.o
 .debug_abbrev  0x00000158      0x28d ./Core/Src/main.o
 .debug_abbrev  0x000003e5       0xf9 ./Core/Src/stm32g0xx_hal_msp.o
 .debug_abbrev  0x000004de       0xac ./Core/Src/stm32g0xx_it.o
 .debug_abbrev  0x0000058a      0x119 ./Core/Src/system_stm32g0xx.o
 .debug_abbrev  0x000006a3      0x212 ./Core/Src/usart.o
 .debug_abbrev  0x000008b5       0x24 ./Core/Startup/startup_stm32g0b1retx.o
 .debug_abbrev  0x000008d9      0x27f ./Drivers/STM32G0xx_HAL_Driver/Src/stm32g0xx_hal.o
 .debug_abbrev  0x00000b58      0x2ab ./Drivers/STM32G0xx_HAL_Driver/Src/stm32g0xx_hal_cortex.o
 .debug_abbrev  0x00000e03      0x1c8 ./Drivers/STM32G0xx_HAL_Driver/Src/stm32g0xx_hal_gpio.o
 .debug_abbrev  0x00000fcb      0x23c ./Drivers/STM32G0xx_HAL_Driver/Src/stm32g0xx_hal_pwr_ex.o
 .debug_abbrev  0x00001207      0x2aa ./Drivers/STM32G0xx_HAL_Driver/Src/stm32g0xx_hal_rcc.o
 .debug_abbrev  0x000014b1      0x244 ./Drivers/STM32G0xx_HAL_Driver/Src/stm32g0xx_hal_rcc_ex.o
 .debug_abbrev  0x000016f5      0x311 ./Drivers/STM32G0xx_HAL_Driver/Src/stm32g0xx_hal_uart.o
 .debug_abbrev  0x00001a06      0x2d3 ./Drivers/STM32G0xx_HAL_Driver/Src/stm32g0xx_hal_uart_ex.o

.debug_aranges  0x00000000      0x910
 .debug_aranges
                0x00000000       0x20 ./Core/Src/gpio.o
 .debug_aranges
                0x00000020       0x48 ./Core/Src/main.o
 .debug_aranges
                0x00000068       0x20 ./Core/Src/stm32g0xx_hal_msp.o
 .debug_aranges
                0x00000088       0x40 ./Core/Src/stm32g0xx_it.o
 .debug_aranges
                0x000000c8       0x28 ./Core/Src/system_stm32g0xx.o
 .debug_aranges
                0x000000f0       0x40 ./Core/Src/usart.o
 .debug_aranges
                0x00000130       0x28 ./Core/Startup/startup_stm32g0b1retx.o
 .debug_aranges
                0x00000158      0x130 ./Drivers/STM32G0xx_HAL_Driver/Src/stm32g0xx_hal.o
 .debug_aranges
                0x00000288       0xe8 ./Drivers/STM32G0xx_HAL_Driver/Src/stm32g0xx_hal_cortex.o
 .debug_aranges
                0x00000370       0x60 ./Drivers/STM32G0xx_HAL_Driver/Src/stm32g0xx_hal_gpio.o
 .debug_aranges
                0x000003d0      0x128 ./Drivers/STM32G0xx_HAL_Driver/Src/stm32g0xx_hal_pwr_ex.o
 .debug_aranges
                0x000004f8       0xa0 ./Drivers/STM32G0xx_HAL_Driver/Src/stm32g0xx_hal_rcc.o
 .debug_aranges
                0x00000598       0x88 ./Drivers/STM32G0xx_HAL_Driver/Src/stm32g0xx_hal_rcc_ex.o
 .debug_aranges
                0x00000620      0x248 ./Drivers/STM32G0xx_HAL_Driver/Src/stm32g0xx_hal_uart.o
 .debug_aranges
                0x00000868       0xa8 ./Drivers/STM32G0xx_HAL_Driver/Src/stm32g0xx_hal_uart_ex.o

.debug_rnglists
                0x00000000      0x6f3
 .debug_rnglists
                0x00000000       0x14 ./Core/Src/gpio.o
 .debug_rnglists
                0x00000014       0x32 ./Core/Src/main.o
 .debug_rnglists
                0x00000046       0x13 ./Core/Src/stm32g0xx_hal_msp.o
 .debug_rnglists
                0x00000059       0x2b ./Core/Src/stm32g0xx_it.o
 .debug_rnglists
                0x00000084       0x1a ./Core/Src/system_stm32g0xx.o
 .debug_rnglists
                0x0000009e       0x2e ./Core/Src/usart.o
 .debug_rnglists
                0x000000cc       0x19 ./Core/Startup/startup_stm32g0b1retx.o
 .debug_rnglists
                0x000000e5       0xe0 ./Drivers/STM32G0xx_HAL_Driver/Src/stm32g0xx_hal.o
 .debug_rnglists
                0x000001c5       0xaa ./Drivers/STM32G0xx_HAL_Driver/Src/stm32g0xx_hal_cortex.o
 .debug_rnglists
                0x0000026f       0x45 ./Drivers/STM32G0xx_HAL_Driver/Src/stm32g0xx_hal_gpio.o
 .debug_rnglists
                0x000002b4       0xe0 ./Drivers/STM32G0xx_HAL_Driver/Src/stm32g0xx_hal_pwr_ex.o
 .debug_rnglists
                0x00000394       0x79 ./Drivers/STM32G0xx_HAL_Driver/Src/stm32g0xx_hal_rcc.o
 .debug_rnglists
                0x0000040d       0x69 ./Drivers/STM32G0xx_HAL_Driver/Src/stm32g0xx_hal_rcc_ex.o
 .debug_rnglists
                0x00000476      0x1fd ./Drivers/STM32G0xx_HAL_Driver/Src/stm32g0xx_hal_uart.o
 .debug_rnglists
                0x00000673       0x80 ./Drivers/STM32G0xx_HAL_Driver/Src/stm32g0xx_hal_uart_ex.o

.debug_macro    0x00000000    0x1b4cd
 .debug_macro   0x00000000      0x1e4 ./Core/Src/gpio.o
 .debug_macro   0x000001e4      0xaae ./Core/Src/gpio.o
 .debug_macro   0x00000c92      0x124 ./Core/Src/gpio.o
 .debug_macro   0x00000db6       0x2e ./Core/Src/gpio.o
 .debug_macro   0x00000de4       0x28 ./Core/Src/gpio.o
 .debug_macro   0x00000e0c       0x22 ./Core/Src/gpio.o
 .debug_macro   0x00000e2e       0x8e ./Core/Src/gpio.o
 .debug_macro   0x00000ebc       0x51 ./Core/Src/gpio.o
 .debug_macro   0x00000f0d      0x103 ./Core/Src/gpio.o
 .debug_macro   0x00001010       0x6a ./Core/Src/gpio.o
 .debug_macro   0x0000107a      0x1df ./Core/Src/gpio.o
 .debug_macro   0x00001259       0x1c ./Core/Src/gpio.o
 .debug_macro   0x00001275       0x22 ./Core/Src/gpio.o
 .debug_macro   0x00001297       0xd1 ./Core/Src/gpio.o
 .debug_macro   0x00001368      0x4da ./Core/Src/gpio.o
 .debug_macro   0x00001842      0x11f ./Core/Src/gpio.o
 .debug_macro   0x00001961     0xf3de ./Core/Src/gpio.o
 .debug_macro   0x00010d3f       0x66 ./Core/Src/gpio.o
 .debug_macro   0x00010da5     0x350e ./Core/Src/gpio.o
 .debug_macro   0x000142b3      0x190 ./Core/Src/gpio.o
 .debug_macro   0x00014443       0x5c ./Core/Src/gpio.o
 .debug_macro   0x0001449f      0x72c ./Core/Src/gpio.o
 .debug_macro   0x00014bcb     0x1579 ./Core/Src/gpio.o
 .debug_macro   0x00016144      0x535 ./Core/Src/gpio.o
 .debug_macro   0x00016679      0x1cf ./Core/Src/gpio.o
 .debug_macro   0x00016848      0x25b ./Core/Src/gpio.o
 .debug_macro   0x00016aa3      0x4f5 ./Core/Src/gpio.o
 .debug_macro   0x00016f98      0x280 ./Core/Src/gpio.o
 .debug_macro   0x00017218      0x417 ./Core/Src/gpio.o
 .debug_macro   0x0001762f      0x1b2 ./Core/Src/gpio.o
 .debug_macro   0x000177e1       0x43 ./Core/Src/gpio.o
 .debug_macro   0x00017824      0x1f1 ./Core/Src/gpio.o
 .debug_macro   0x00017a15      0x1e4 ./Core/Src/gpio.o
 .debug_macro   0x00017bf9      0x3fa ./Core/Src/gpio.o
 .debug_macro   0x00017ff3       0x28 ./Core/Src/gpio.o
 .debug_macro   0x0001801b      0x123 ./Core/Src/gpio.o
 .debug_macro   0x0001813e      0x145 ./Core/Src/gpio.o
 .debug_macro   0x00018283      0x30b ./Core/Src/gpio.o
 .debug_macro   0x0001858e      0x693 ./Core/Src/gpio.o
 .debug_macro   0x00018c21       0xa6 ./Core/Src/gpio.o
 .debug_macro   0x00018cc7      0x5df ./Core/Src/gpio.o
 .debug_macro   0x000192a6       0x88 ./Core/Src/gpio.o
 .debug_macro   0x0001932e      0x2c9 ./Core/Src/main.o
 .debug_macro   0x000195f7       0x61 ./Core/Src/main.o
 .debug_macro   0x00019658       0x24 ./Core/Src/main.o
 .debug_macro   0x0001967c       0x43 ./Core/Src/main.o
 .debug_macro   0x000196bf       0x34 ./Core/Src/main.o
 .debug_macro   0x000196f3      0x370 ./Core/Src/main.o
 .debug_macro   0x00019a63       0x16 ./Core/Src/main.o
 .debug_macro   0x00019a79       0x4a ./Core/Src/main.o
 .debug_macro   0x00019ac3       0x34 ./Core/Src/main.o
 .debug_macro   0x00019af7       0x10 ./Core/Src/main.o
 .debug_macro   0x00019b07       0x58 ./Core/Src/main.o
 .debug_macro   0x00019b5f       0x8e ./Core/Src/main.o
 .debug_macro   0x00019bed       0x1c ./Core/Src/main.o
 .debug_macro   0x00019c09      0x185 ./Core/Src/main.o
 .debug_macro   0x00019d8e       0x10 ./Core/Src/main.o
 .debug_macro   0x00019d9e       0x3c ./Core/Src/main.o
 .debug_macro   0x00019dda       0x20 ./Core/Src/main.o
 .debug_macro   0x00019dfa       0x22 ./Core/Src/main.o
 .debug_macro   0x00019e1c      0x1da ./Core/Src/stm32g0xx_hal_msp.o
 .debug_macro   0x00019ff6      0x1e4 ./Core/Src/stm32g0xx_it.o
 .debug_macro   0x0001a1da      0x1cb ./Core/Src/system_stm32g0xx.o
 .debug_macro   0x0001a3a5      0x1e4 ./Core/Src/usart.o
 .debug_macro   0x0001a589      0x1ef ./Drivers/STM32G0xx_HAL_Driver/Src/stm32g0xx_hal.o
 .debug_macro   0x0001a778      0x1cb ./Drivers/STM32G0xx_HAL_Driver/Src/stm32g0xx_hal_cortex.o
 .debug_macro   0x0001a943      0x1d2 ./Drivers/STM32G0xx_HAL_Driver/Src/stm32g0xx_hal_gpio.o
 .debug_macro   0x0001ab15      0x1f5 ./Drivers/STM32G0xx_HAL_Driver/Src/stm32g0xx_hal_pwr_ex.o
 .debug_macro   0x0001ad0a      0x213 ./Drivers/STM32G0xx_HAL_Driver/Src/stm32g0xx_hal_rcc.o
 .debug_macro   0x0001af1d      0x1e3 ./Drivers/STM32G0xx_HAL_Driver/Src/stm32g0xx_hal_rcc_ex.o
 .debug_macro   0x0001b100      0x1f6 ./Drivers/STM32G0xx_HAL_Driver/Src/stm32g0xx_hal_uart.o
 .debug_macro   0x0001b2f6      0x1d7 ./Drivers/STM32G0xx_HAL_Driver/Src/stm32g0xx_hal_uart_ex.o

.debug_line     0x00000000     0xc6ef
 .debug_line    0x00000000      0x771 ./Core/Src/gpio.o
 .debug_line    0x00000771      0x9d6 ./Core/Src/main.o
 .debug_line    0x00001147      0x759 ./Core/Src/stm32g0xx_hal_msp.o
 .debug_line    0x000018a0      0x7b5 ./Core/Src/stm32g0xx_it.o
 .debug_line    0x00002055      0x7cb ./Core/Src/system_stm32g0xx.o
 .debug_line    0x00002820      0x8f5 ./Core/Src/usart.o
 .debug_line    0x00003115       0x7b ./Core/Startup/startup_stm32g0b1retx.o
 .debug_line    0x00003190      0xb41 ./Drivers/STM32G0xx_HAL_Driver/Src/stm32g0xx_hal.o
 .debug_line    0x00003cd1      0xba6 ./Drivers/STM32G0xx_HAL_Driver/Src/stm32g0xx_hal_cortex.o
 .debug_line    0x00004877      0xb76 ./Drivers/STM32G0xx_HAL_Driver/Src/stm32g0xx_hal_gpio.o
 .debug_line    0x000053ed      0xbf2 ./Drivers/STM32G0xx_HAL_Driver/Src/stm32g0xx_hal_pwr_ex.o
 .debug_line    0x00005fdf     0x104b ./Drivers/STM32G0xx_HAL_Driver/Src/stm32g0xx_hal_rcc.o
 .debug_line    0x0000702a     0x11ee ./Drivers/STM32G0xx_HAL_Driver/Src/stm32g0xx_hal_rcc_ex.o
 .debug_line    0x00008218     0x37ad ./Drivers/STM32G0xx_HAL_Driver/Src/stm32g0xx_hal_uart.o
 .debug_line    0x0000b9c5      0xd2a ./Drivers/STM32G0xx_HAL_Driver/Src/stm32g0xx_hal_uart_ex.o

.debug_str      0x00000000    0xb059a
 .debug_str     0x00000000    0xb059a ./Core/Src/gpio.o
                              0xaa9f0 (size before relaxing)
 .debug_str     0x000b059a    0xae2ee ./Core/Src/main.o
 .debug_str     0x000b059a    0xaa946 ./Core/Src/stm32g0xx_hal_msp.o
 .debug_str     0x000b059a    0xaa8aa ./Core/Src/stm32g0xx_it.o
 .debug_str     0x000b059a    0xaa774 ./Core/Src/system_stm32g0xx.o
 .debug_str     0x000b059a    0xab1de ./Core/Src/usart.o
 .debug_str     0x000b059a       0xf6 ./Core/Startup/startup_stm32g0b1retx.o
 .debug_str     0x000b059a    0xab04d ./Drivers/STM32G0xx_HAL_Driver/Src/stm32g0xx_hal.o
 .debug_str     0x000b059a    0xaac85 ./Drivers/STM32G0xx_HAL_Driver/Src/stm32g0xx_hal_cortex.o
 .debug_str     0x000b059a    0xaa8d7 ./Drivers/STM32G0xx_HAL_Driver/Src/stm32g0xx_hal_gpio.o
 .debug_str     0x000b059a    0xaacf6 ./Drivers/STM32G0xx_HAL_Driver/Src/stm32g0xx_hal_pwr_ex.o
 .debug_str     0x000b059a    0xaaf40 ./Drivers/STM32G0xx_HAL_Driver/Src/stm32g0xx_hal_rcc.o
 .debug_str     0x000b059a    0xaadd0 ./Drivers/STM32G0xx_HAL_Driver/Src/stm32g0xx_hal_rcc_ex.o
 .debug_str     0x000b059a    0xab75f ./Drivers/STM32G0xx_HAL_Driver/Src/stm32g0xx_hal_uart.o
 .debug_str     0x000b059a    0xab025 ./Drivers/STM32G0xx_HAL_Driver/Src/stm32g0xx_hal_uart_ex.o

.comment        0x00000000       0x43
 .comment       0x00000000       0x43 ./Core/Src/gpio.o
                                 0x44 (size before relaxing)
 .comment       0x00000043       0x44 ./Core/Src/main.o
 .comment       0x00000043       0x44 ./Core/Src/stm32g0xx_hal_msp.o
 .comment       0x00000043       0x44 ./Core/Src/stm32g0xx_it.o
 .comment       0x00000043       0x44 ./Core/Src/system_stm32g0xx.o
 .comment       0x00000043       0x44 ./Core/Src/usart.o
 .comment       0x00000043       0x44 ./Drivers/STM32G0xx_HAL_Driver/Src/stm32g0xx_hal.o
 .comment       0x00000043       0x44 ./Drivers/STM32G0xx_HAL_Driver/Src/stm32g0xx_hal_cortex.o
 .comment       0x00000043       0x44 ./Drivers/STM32G0xx_HAL_Driver/Src/stm32g0xx_hal_gpio.o
 .comment       0x00000043       0x44 ./Drivers/STM32G0xx_HAL_Driver/Src/stm32g0xx_hal_pwr_ex.o
 .comment       0x00000043       0x44 ./Drivers/STM32G0xx_HAL_Driver/Src/stm32g0xx_hal_rcc.o
 .comment       0x00000043       0x44 ./Drivers/STM32G0xx_HAL_Driver/Src/stm32g0xx_hal_rcc_ex.o
 .comment       0x00000043       0x44 ./Drivers/STM32G0xx_HAL_Driver/Src/stm32g0xx_hal_uart.o
 .comment       0x00000043       0x44 ./Drivers/STM32G0xx_HAL_Driver/Src/stm32g0xx_hal_uart_ex.o

.debug_frame    0x00000000     0x1f04
 .debug_frame   0x00000000       0x30 ./Core/Src/gpio.o
 .debug_frame   0x00000030       0xd0 ./Core/Src/main.o
 .debug_frame   0x00000100       0x30 ./Core/Src/stm32g0xx_hal_msp.o
 .debug_frame   0x00000130       0x9c ./Core/Src/stm32g0xx_it.o
 .debug_frame   0x000001cc       0x4c ./Core/Src/system_stm32g0xx.o
 .debug_frame   0x00000218       0xa4 ./Core/Src/usart.o
 .debug_frame   0x000002bc      0x41c ./Drivers/STM32G0xx_HAL_Driver/Src/stm32g0xx_hal.o
 .debug_frame   0x000006d8      0x33c ./Drivers/STM32G0xx_HAL_Driver/Src/stm32g0xx_hal_cortex.o
 .debug_frame   0x00000a14      0x130 ./Drivers/STM32G0xx_HAL_Driver/Src/stm32g0xx_hal_gpio.o
 .debug_frame   0x00000b44      0x3f4 ./Drivers/STM32G0xx_HAL_Driver/Src/stm32g0xx_hal_pwr_ex.o
 .debug_frame   0x00000f38      0x214 ./Drivers/STM32G0xx_HAL_Driver/Src/stm32g0xx_hal_rcc.o
 .debug_frame   0x0000114c      0x1c0 ./Drivers/STM32G0xx_HAL_Driver/Src/stm32g0xx_hal_rcc_ex.o
 .debug_frame   0x0000130c      0x8d8 ./Drivers/STM32G0xx_HAL_Driver/Src/stm32g0xx_hal_uart.o
 .debug_frame   0x00001be4      0x258 ./Drivers/STM32G0xx_HAL_Driver/Src/stm32g0xx_hal_uart_ex.o
 .debug_frame   0x00001e3c       0x20 C:/ST/STM32CubeIDE_1.19.0/STM32CubeIDE/plugins/com.st.stm32cube.ide.mcu.externaltools.gnu-tools-for-stm32.13.3.rel1.win32_1.0.0.202411081344/tools/bin/../lib/gcc/arm-none-eabi/13.3.1/../../../../arm-none-eabi/lib/thumb/v6-m/nofp\libc_nano.a(libc_a-memset.o)
 .debug_frame   0x00001e5c       0x2c C:/ST/STM32CubeIDE_1.19.0/STM32CubeIDE/plugins/com.st.stm32cube.ide.mcu.externaltools.gnu-tools-for-stm32.13.3.rel1.win32_1.0.0.202411081344/tools/bin/../lib/gcc/arm-none-eabi/13.3.1/../../../../arm-none-eabi/lib/thumb/v6-m/nofp\libc_nano.a(libc_a-init.o)
 .debug_frame   0x00001e88       0x20 C:/ST/STM32CubeIDE_1.19.0/STM32CubeIDE/plugins/com.st.stm32cube.ide.mcu.externaltools.gnu-tools-for-stm32.13.3.rel1.win32_1.0.0.202411081344/tools/bin/../lib/gcc/arm-none-eabi/13.3.1/thumb/v6-m/nofp\libgcc.a(_udivsi3.o)
 .debug_frame   0x00001ea8       0x20 C:/ST/STM32CubeIDE_1.19.0/STM32CubeIDE/plugins/com.st.stm32cube.ide.mcu.externaltools.gnu-tools-for-stm32.13.3.rel1.win32_1.0.0.202411081344/tools/bin/../lib/gcc/arm-none-eabi/13.3.1/thumb/v6-m/nofp\libgcc.a(_divsi3.o)
 .debug_frame   0x00001ec8       0x3c C:/ST/STM32CubeIDE_1.19.0/STM32CubeIDE/plugins/com.st.stm32cube.ide.mcu.externaltools.gnu-tools-for-stm32.13.3.rel1.win32_1.0.0.202411081344/tools/bin/../lib/gcc/arm-none-eabi/13.3.1/thumb/v6-m/nofp\libgcc.a(_udivmoddi4.o)

.debug_line_str
                0x00000000       0xda
 .debug_line_str
                0x00000000       0xda ./Core/Startup/startup_stm32g0b1retx.o
