18:10:59 **** Incremental Build of configuration Debug for project FreeRTOS_Serial_RS485_Board1_Sender ****
make -j12 all 
arm-none-eabi-gcc "../Core/Src/main.c" -mcpu=cortex-m0plus -std=gnu11 -g3 -DDEBUG -DUSE_HAL_DRIVER -DSTM32G0B1xx '-DCMSIS_device_header=<stm32g0xx.h>' -c -I../Core/Inc -I../Drivers/STM32G0xx_HAL_Driver/Inc -I../Drivers/STM32G0xx_HAL_Driver/Inc/Legacy -I../Drivers/CMSIS/Device/ST/STM32G0xx/Include -I../Drivers/CMSIS/Include -I../Middlewares/Third_Party/FreeRTOS/Source/include -I../Middlewares/Third_Party/FreeRTOS/Source/CMSIS_RTOS_V2 -I../Middlewares/Third_Party/FreeRTOS/Source/portable/GCC/ARM_CM0 -O0 -ffunction-sections -fdata-sections -Wall -fstack-usage -fcyclomatic-complexity -MMD -MP -MF"Core/Src/main.d" -MT"Core/Src/main.o" --specs=nano.specs -mfloat-abi=soft -mthumb -o "Core/Src/main.o"
arm-none-eabi-gcc -o "FreeRTOS_Serial_RS485_Board1_Sender.elf" @"objects.list"   -mcpu=cortex-m0plus -T"C:\Users\ramekp\Desktop\STM32_Projects\Version_1_19\Full_Done\FreeRTOS_Serial_RS485_Board1_Sender\FreeRTOS_Serial_RS485_Board1_Sender\STM32G0B1RETX_FLASH.ld" --specs=nosys.specs -Wl,-Map="FreeRTOS_Serial_RS485_Board1_Sender.map" -Wl,--gc-sections -static --specs=nano.specs -mfloat-abi=soft -mthumb -Wl,--start-group -lc -lm -Wl,--end-group
Finished building target: FreeRTOS_Serial_RS485_Board1_Sender.elf
 
arm-none-eabi-size  FreeRTOS_Serial_RS485_Board1_Sender.elf 
arm-none-eabi-objdump -h -S FreeRTOS_Serial_RS485_Board1_Sender.elf  > "FreeRTOS_Serial_RS485_Board1_Sender.list"
   text	   data	    bss	    dec	    hex	filename
  25728	     96	   8752	  34576	   8710	FreeRTOS_Serial_RS485_Board1_Sender.elf
Finished building: default.size.stdout
 
Finished building: FreeRTOS_Serial_RS485_Board1_Sender.list
 

18:11:03 Build Finished. 0 errors, 0 warnings. (took 3s.231ms)

