17:33:33 **** Incremental Build of configuration Debug for project BareMetal_GPIO_Serial_External_Interrupt ****
make -j12 all 
arm-none-eabi-size  BareMetal_GPIO_Serial_External_Interrupt.elf 
   text	   data	    bss	    dec	    hex	filename
  12444	     12	   1724	  14180	   3764	BareMetal_GPIO_Serial_External_Interrupt.elf
Finished building: default.size.stdout
 
17:33:42 **** Incremental Build of configuration Debug for project BareMetal_GPIO_Serial_External_Interrupt ****
make -j12 all 
arm-none-eabi-size  BareMetal_GPIO_Serial_External_Interrupt.elf 
   text	   data	    bss	    dec	    hex	filename
  12444	     12	   1724	  14180	   3764	BareMetal_GPIO_Serial_External_Interrupt.elf
Finished building: default.size.stdout
 
17:37:19 **** Incremental Build of configuration Debug for project BareMetal_GPIO_Serial_External_Interrupt ****
make -j12 all 
arm-none-eabi-gcc "../Core/Src/main.c" -mcpu=cortex-m0plus -std=gnu11 -g3 -DDEBUG -DUSE_HAL_DRIVER -DSTM32G0B1xx -c -I../Core/Inc -I../Drivers/STM32G0xx_HAL_Driver/Inc -I../Drivers/STM32G0xx_HAL_Driver/Inc/Legacy -I../Drivers/CMSIS/Device/ST/STM32G0xx/Include -I../Drivers/CMSIS/Include -O0 -ffunction-sections -fdata-sections -Wall -fstack-usage -fcyclomatic-complexity -MMD -MP -MF"Core/Src/main.d" -MT"Core/Src/main.o" --specs=nano.specs -mfloat-abi=soft -mthumb -o "Core/Src/main.o"
arm-none-eabi-gcc -o "BareMetal_GPIO_Serial_External_Interrupt.elf" @"objects.list"   -mcpu=cortex-m0plus -T"C:\Users\ramekp\Desktop\STM32_Projects\Version_1_19\BareMetal_GPIO_Serial_External_Interrupt\BareMetal_GPIO_Serial_External_Interrupt\STM32G0B1RETX_FLASH.ld" --specs=nosys.specs -Wl,-Map="BareMetal_GPIO_Serial_External_Interrupt.map" -Wl,--gc-sections -static --specs=nano.specs -mfloat-abi=soft -mthumb -Wl,--start-group -lc -lm -Wl,--end-group
Finished building target: BareMetal_GPIO_Serial_External_Interrupt.elf
 
arm-none-eabi-size  BareMetal_GPIO_Serial_External_Interrupt.elf 
arm-none-eabi-objdump -h -S BareMetal_GPIO_Serial_External_Interrupt.elf  > "BareMetal_GPIO_Serial_External_Interrupt.list"
   text	   data	    bss	    dec	    hex	filename
  12472	     12	   1724	  14208	   3780	BareMetal_GPIO_Serial_External_Interrupt.elf
Finished building: default.size.stdout
 
Finished building: BareMetal_GPIO_Serial_External_Interrupt.list
 
17:37:43 **** Incremental Build of configuration Debug for project BareMetal_GPIO_Serial_External_Interrupt ****
make -j12 all 
arm-none-eabi-size  BareMetal_GPIO_Serial_External_Interrupt.elf 
   text	   data	    bss	    dec	    hex	filename
  12472	     12	   1724	  14208	   3780	BareMetal_GPIO_Serial_External_Interrupt.elf
Finished building: default.size.stdout
 
