15:44:51 **** Build of configuration Debug for project BareMetal_GPIO_PWM_LED ****
make -j12 all 
arm-none-eabi-gcc "../Drivers/STM32G0xx_HAL_Driver/Src/stm32g0xx_hal.c" -mcpu=cortex-m0plus -std=gnu11 -g3 -DDEBUG -DUSE_HAL_DRIVER -DSTM32G0B1xx -c -I../Core/Inc -I../Drivers/STM32G0xx_HAL_Driver/Inc -I../Drivers/STM32G0xx_HAL_Driver/Inc/Legacy -I../Drivers/CMSIS/Device/ST/STM32G0xx/Include -I../Drivers/CMSIS/Include -O0 -ffunction-sections -fdata-sections -Wall -fstack-usage -fcyclomatic-complexity -MMD -MP -MF"Drivers/STM32G0xx_HAL_Driver/Src/stm32g0xx_hal.d" -MT"Drivers/STM32G0xx_HAL_Driver/Src/stm32g0xx_hal.o" --specs=nano.specs -mfloat-abi=soft -mthumb -o "Drivers/STM32G0xx_HAL_Driver/Src/stm32g0xx_hal.o"
arm-none-eabi-gcc "../Drivers/STM32G0xx_HAL_Driver/Src/stm32g0xx_hal_cortex.c" -mcpu=cortex-m0plus -std=gnu11 -g3 -DDEBUG -DUSE_HAL_DRIVER -DSTM32G0B1xx -c -I../Core/Inc -I../Drivers/STM32G0xx_HAL_Driver/Inc -I../Drivers/STM32G0xx_HAL_Driver/Inc/Legacy -I../Drivers/CMSIS/Device/ST/STM32G0xx/Include -I../Drivers/CMSIS/Include -O0 -ffunction-sections -fdata-sections -Wall -fstack-usage -fcyclomatic-complexity -MMD -MP -MF"Drivers/STM32G0xx_HAL_Driver/Src/stm32g0xx_hal_cortex.d" -MT"Drivers/STM32G0xx_HAL_Driver/Src/stm32g0xx_hal_cortex.o" --specs=nano.specs -mfloat-abi=soft -mthumb -o "Drivers/STM32G0xx_HAL_Driver/Src/stm32g0xx_hal_cortex.o"
arm-none-eabi-gcc "../Drivers/STM32G0xx_HAL_Driver/Src/stm32g0xx_hal_dma.c" -mcpu=cortex-m0plus -std=gnu11 -g3 -DDEBUG -DUSE_HAL_DRIVER -DSTM32G0B1xx -c -I../Core/Inc -I../Drivers/STM32G0xx_HAL_Driver/Inc -I../Drivers/STM32G0xx_HAL_Driver/Inc/Legacy -I../Drivers/CMSIS/Device/ST/STM32G0xx/Include -I../Drivers/CMSIS/Include -O0 -ffunction-sections -fdata-sections -Wall -fstack-usage -fcyclomatic-complexity -MMD -MP -MF"Drivers/STM32G0xx_HAL_Driver/Src/stm32g0xx_hal_dma.d" -MT"Drivers/STM32G0xx_HAL_Driver/Src/stm32g0xx_hal_dma.o" --specs=nano.specs -mfloat-abi=soft -mthumb -o "Drivers/STM32G0xx_HAL_Driver/Src/stm32g0xx_hal_dma.o"
arm-none-eabi-gcc "../Drivers/STM32G0xx_HAL_Driver/Src/stm32g0xx_hal_dma_ex.c" -mcpu=cortex-m0plus -std=gnu11 -g3 -DDEBUG -DUSE_HAL_DRIVER -DSTM32G0B1xx -c -I../Core/Inc -I../Drivers/STM32G0xx_HAL_Driver/Inc -I../Drivers/STM32G0xx_HAL_Driver/Inc/Legacy -I../Drivers/CMSIS/Device/ST/STM32G0xx/Include -I../Drivers/CMSIS/Include -O0 -ffunction-sections -fdata-sections -Wall -fstack-usage -fcyclomatic-complexity -MMD -MP -MF"Drivers/STM32G0xx_HAL_Driver/Src/stm32g0xx_hal_dma_ex.d" -MT"Drivers/STM32G0xx_HAL_Driver/Src/stm32g0xx_hal_dma_ex.o" --specs=nano.specs -mfloat-abi=soft -mthumb -o "Drivers/STM32G0xx_HAL_Driver/Src/stm32g0xx_hal_dma_ex.o"
arm-none-eabi-gcc "../Drivers/STM32G0xx_HAL_Driver/Src/stm32g0xx_hal_exti.c" -mcpu=cortex-m0plus -std=gnu11 -g3 -DDEBUG -DUSE_HAL_DRIVER -DSTM32G0B1xx -c -I../Core/Inc -I../Drivers/STM32G0xx_HAL_Driver/Inc -I../Drivers/STM32G0xx_HAL_Driver/Inc/Legacy -I../Drivers/CMSIS/Device/ST/STM32G0xx/Include -I../Drivers/CMSIS/Include -O0 -ffunction-sections -fdata-sections -Wall -fstack-usage -fcyclomatic-complexity -MMD -MP -MF"Drivers/STM32G0xx_HAL_Driver/Src/stm32g0xx_hal_exti.d" -MT"Drivers/STM32G0xx_HAL_Driver/Src/stm32g0xx_hal_exti.o" --specs=nano.specs -mfloat-abi=soft -mthumb -o "Drivers/STM32G0xx_HAL_Driver/Src/stm32g0xx_hal_exti.o"
arm-none-eabi-gcc "../Drivers/STM32G0xx_HAL_Driver/Src/stm32g0xx_hal_flash.c" -mcpu=cortex-m0plus -std=gnu11 -g3 -DDEBUG -DUSE_HAL_DRIVER -DSTM32G0B1xx -c -I../Core/Inc -I../Drivers/STM32G0xx_HAL_Driver/Inc -I../Drivers/STM32G0xx_HAL_Driver/Inc/Legacy -I../Drivers/CMSIS/Device/ST/STM32G0xx/Include -I../Drivers/CMSIS/Include -O0 -ffunction-sections -fdata-sections -Wall -fstack-usage -fcyclomatic-complexity -MMD -MP -MF"Drivers/STM32G0xx_HAL_Driver/Src/stm32g0xx_hal_flash.d" -MT"Drivers/STM32G0xx_HAL_Driver/Src/stm32g0xx_hal_flash.o" --specs=nano.specs -mfloat-abi=soft -mthumb -o "Drivers/STM32G0xx_HAL_Driver/Src/stm32g0xx_hal_flash.o"
arm-none-eabi-gcc "../Drivers/STM32G0xx_HAL_Driver/Src/stm32g0xx_hal_flash_ex.c" -mcpu=cortex-m0plus -std=gnu11 -g3 -DDEBUG -DUSE_HAL_DRIVER -DSTM32G0B1xx -c -I../Core/Inc -I../Drivers/STM32G0xx_HAL_Driver/Inc -I../Drivers/STM32G0xx_HAL_Driver/Inc/Legacy -I../Drivers/CMSIS/Device/ST/STM32G0xx/Include -I../Drivers/CMSIS/Include -O0 -ffunction-sections -fdata-sections -Wall -fstack-usage -fcyclomatic-complexity -MMD -MP -MF"Drivers/STM32G0xx_HAL_Driver/Src/stm32g0xx_hal_flash_ex.d" -MT"Drivers/STM32G0xx_HAL_Driver/Src/stm32g0xx_hal_flash_ex.o" --specs=nano.specs -mfloat-abi=soft -mthumb -o "Drivers/STM32G0xx_HAL_Driver/Src/stm32g0xx_hal_flash_ex.o"
arm-none-eabi-gcc "../Drivers/STM32G0xx_HAL_Driver/Src/stm32g0xx_hal_gpio.c" -mcpu=cortex-m0plus -std=gnu11 -g3 -DDEBUG -DUSE_HAL_DRIVER -DSTM32G0B1xx -c -I../Core/Inc -I../Drivers/STM32G0xx_HAL_Driver/Inc -I../Drivers/STM32G0xx_HAL_Driver/Inc/Legacy -I../Drivers/CMSIS/Device/ST/STM32G0xx/Include -I../Drivers/CMSIS/Include -O0 -ffunction-sections -fdata-sections -Wall -fstack-usage -fcyclomatic-complexity -MMD -MP -MF"Drivers/STM32G0xx_HAL_Driver/Src/stm32g0xx_hal_gpio.d" -MT"Drivers/STM32G0xx_HAL_Driver/Src/stm32g0xx_hal_gpio.o" --specs=nano.specs -mfloat-abi=soft -mthumb -o "Drivers/STM32G0xx_HAL_Driver/Src/stm32g0xx_hal_gpio.o"
arm-none-eabi-gcc "../Drivers/STM32G0xx_HAL_Driver/Src/stm32g0xx_hal_pwr.c" -mcpu=cortex-m0plus -std=gnu11 -g3 -DDEBUG -DUSE_HAL_DRIVER -DSTM32G0B1xx -c -I../Core/Inc -I../Drivers/STM32G0xx_HAL_Driver/Inc -I../Drivers/STM32G0xx_HAL_Driver/Inc/Legacy -I../Drivers/CMSIS/Device/ST/STM32G0xx/Include -I../Drivers/CMSIS/Include -O0 -ffunction-sections -fdata-sections -Wall -fstack-usage -fcyclomatic-complexity -MMD -MP -MF"Drivers/STM32G0xx_HAL_Driver/Src/stm32g0xx_hal_pwr.d" -MT"Drivers/STM32G0xx_HAL_Driver/Src/stm32g0xx_hal_pwr.o" --specs=nano.specs -mfloat-abi=soft -mthumb -o "Drivers/STM32G0xx_HAL_Driver/Src/stm32g0xx_hal_pwr.o"
arm-none-eabi-gcc "../Drivers/STM32G0xx_HAL_Driver/Src/stm32g0xx_hal_pwr_ex.c" -mcpu=cortex-m0plus -std=gnu11 -g3 -DDEBUG -DUSE_HAL_DRIVER -DSTM32G0B1xx -c -I../Core/Inc -I../Drivers/STM32G0xx_HAL_Driver/Inc -I../Drivers/STM32G0xx_HAL_Driver/Inc/Legacy -I../Drivers/CMSIS/Device/ST/STM32G0xx/Include -I../Drivers/CMSIS/Include -O0 -ffunction-sections -fdata-sections -Wall -fstack-usage -fcyclomatic-complexity -MMD -MP -MF"Drivers/STM32G0xx_HAL_Driver/Src/stm32g0xx_hal_pwr_ex.d" -MT"Drivers/STM32G0xx_HAL_Driver/Src/stm32g0xx_hal_pwr_ex.o" --specs=nano.specs -mfloat-abi=soft -mthumb -o "Drivers/STM32G0xx_HAL_Driver/Src/stm32g0xx_hal_pwr_ex.o"
arm-none-eabi-gcc "../Drivers/STM32G0xx_HAL_Driver/Src/stm32g0xx_hal_rcc.c" -mcpu=cortex-m0plus -std=gnu11 -g3 -DDEBUG -DUSE_HAL_DRIVER -DSTM32G0B1xx -c -I../Core/Inc -I../Drivers/STM32G0xx_HAL_Driver/Inc -I../Drivers/STM32G0xx_HAL_Driver/Inc/Legacy -I../Drivers/CMSIS/Device/ST/STM32G0xx/Include -I../Drivers/CMSIS/Include -O0 -ffunction-sections -fdata-sections -Wall -fstack-usage -fcyclomatic-complexity -MMD -MP -MF"Drivers/STM32G0xx_HAL_Driver/Src/stm32g0xx_hal_rcc.d" -MT"Drivers/STM32G0xx_HAL_Driver/Src/stm32g0xx_hal_rcc.o" --specs=nano.specs -mfloat-abi=soft -mthumb -o "Drivers/STM32G0xx_HAL_Driver/Src/stm32g0xx_hal_rcc.o"
arm-none-eabi-gcc "../Drivers/STM32G0xx_HAL_Driver/Src/stm32g0xx_hal_rcc_ex.c" -mcpu=cortex-m0plus -std=gnu11 -g3 -DDEBUG -DUSE_HAL_DRIVER -DSTM32G0B1xx -c -I../Core/Inc -I../Drivers/STM32G0xx_HAL_Driver/Inc -I../Drivers/STM32G0xx_HAL_Driver/Inc/Legacy -I../Drivers/CMSIS/Device/ST/STM32G0xx/Include -I../Drivers/CMSIS/Include -O0 -ffunction-sections -fdata-sections -Wall -fstack-usage -fcyclomatic-complexity -MMD -MP -MF"Drivers/STM32G0xx_HAL_Driver/Src/stm32g0xx_hal_rcc_ex.d" -MT"Drivers/STM32G0xx_HAL_Driver/Src/stm32g0xx_hal_rcc_ex.o" --specs=nano.specs -mfloat-abi=soft -mthumb -o "Drivers/STM32G0xx_HAL_Driver/Src/stm32g0xx_hal_rcc_ex.o"
arm-none-eabi-gcc "../Drivers/STM32G0xx_HAL_Driver/Src/stm32g0xx_hal_tim.c" -mcpu=cortex-m0plus -std=gnu11 -g3 -DDEBUG -DUSE_HAL_DRIVER -DSTM32G0B1xx -c -I../Core/Inc -I../Drivers/STM32G0xx_HAL_Driver/Inc -I../Drivers/STM32G0xx_HAL_Driver/Inc/Legacy -I../Drivers/CMSIS/Device/ST/STM32G0xx/Include -I../Drivers/CMSIS/Include -O0 -ffunction-sections -fdata-sections -Wall -fstack-usage -fcyclomatic-complexity -MMD -MP -MF"Drivers/STM32G0xx_HAL_Driver/Src/stm32g0xx_hal_tim.d" -MT"Drivers/STM32G0xx_HAL_Driver/Src/stm32g0xx_hal_tim.o" --specs=nano.specs -mfloat-abi=soft -mthumb -o "Drivers/STM32G0xx_HAL_Driver/Src/stm32g0xx_hal_tim.o"
arm-none-eabi-gcc "../Drivers/STM32G0xx_HAL_Driver/Src/stm32g0xx_hal_tim_ex.c" -mcpu=cortex-m0plus -std=gnu11 -g3 -DDEBUG -DUSE_HAL_DRIVER -DSTM32G0B1xx -c -I../Core/Inc -I../Drivers/STM32G0xx_HAL_Driver/Inc -I../Drivers/STM32G0xx_HAL_Driver/Inc/Legacy -I../Drivers/CMSIS/Device/ST/STM32G0xx/Include -I../Drivers/CMSIS/Include -O0 -ffunction-sections -fdata-sections -Wall -fstack-usage -fcyclomatic-complexity -MMD -MP -MF"Drivers/STM32G0xx_HAL_Driver/Src/stm32g0xx_hal_tim_ex.d" -MT"Drivers/STM32G0xx_HAL_Driver/Src/stm32g0xx_hal_tim_ex.o" --specs=nano.specs -mfloat-abi=soft -mthumb -o "Drivers/STM32G0xx_HAL_Driver/Src/stm32g0xx_hal_tim_ex.o"
arm-none-eabi-gcc "../Drivers/STM32G0xx_HAL_Driver/Src/stm32g0xx_hal_uart.c" -mcpu=cortex-m0plus -std=gnu11 -g3 -DDEBUG -DUSE_HAL_DRIVER -DSTM32G0B1xx -c -I../Core/Inc -I../Drivers/STM32G0xx_HAL_Driver/Inc -I../Drivers/STM32G0xx_HAL_Driver/Inc/Legacy -I../Drivers/CMSIS/Device/ST/STM32G0xx/Include -I../Drivers/CMSIS/Include -O0 -ffunction-sections -fdata-sections -Wall -fstack-usage -fcyclomatic-complexity -MMD -MP -MF"Drivers/STM32G0xx_HAL_Driver/Src/stm32g0xx_hal_uart.d" -MT"Drivers/STM32G0xx_HAL_Driver/Src/stm32g0xx_hal_uart.o" --specs=nano.specs -mfloat-abi=soft -mthumb -o "Drivers/STM32G0xx_HAL_Driver/Src/stm32g0xx_hal_uart.o"
arm-none-eabi-gcc "../Drivers/STM32G0xx_HAL_Driver/Src/stm32g0xx_hal_uart_ex.c" -mcpu=cortex-m0plus -std=gnu11 -g3 -DDEBUG -DUSE_HAL_DRIVER -DSTM32G0B1xx -c -I../Core/Inc -I../Drivers/STM32G0xx_HAL_Driver/Inc -I../Drivers/STM32G0xx_HAL_Driver/Inc/Legacy -I../Drivers/CMSIS/Device/ST/STM32G0xx/Include -I../Drivers/CMSIS/Include -O0 -ffunction-sections -fdata-sections -Wall -fstack-usage -fcyclomatic-complexity -MMD -MP -MF"Drivers/STM32G0xx_HAL_Driver/Src/stm32g0xx_hal_uart_ex.d" -MT"Drivers/STM32G0xx_HAL_Driver/Src/stm32g0xx_hal_uart_ex.o" --specs=nano.specs -mfloat-abi=soft -mthumb -o "Drivers/STM32G0xx_HAL_Driver/Src/stm32g0xx_hal_uart_ex.o"
arm-none-eabi-gcc "../Drivers/STM32G0xx_HAL_Driver/Src/stm32g0xx_ll_rcc.c" -mcpu=cortex-m0plus -std=gnu11 -g3 -DDEBUG -DUSE_HAL_DRIVER -DSTM32G0B1xx -c -I../Core/Inc -I../Drivers/STM32G0xx_HAL_Driver/Inc -I../Drivers/STM32G0xx_HAL_Driver/Inc/Legacy -I../Drivers/CMSIS/Device/ST/STM32G0xx/Include -I../Drivers/CMSIS/Include -O0 -ffunction-sections -fdata-sections -Wall -fstack-usage -fcyclomatic-complexity -MMD -MP -MF"Drivers/STM32G0xx_HAL_Driver/Src/stm32g0xx_ll_rcc.d" -MT"Drivers/STM32G0xx_HAL_Driver/Src/stm32g0xx_ll_rcc.o" --specs=nano.specs -mfloat-abi=soft -mthumb -o "Drivers/STM32G0xx_HAL_Driver/Src/stm32g0xx_ll_rcc.o"
arm-none-eabi-gcc -mcpu=cortex-m0plus -g3 -DDEBUG -c -x assembler-with-cpp -MMD -MP -MF"Core/Startup/startup_stm32g0b1retx.d" -MT"Core/Startup/startup_stm32g0b1retx.o" --specs=nano.specs -mfloat-abi=soft -mthumb -o "Core/Startup/startup_stm32g0b1retx.o" "../Core/Startup/startup_stm32g0b1retx.s"
arm-none-eabi-gcc "../Core/Src/main.c" -mcpu=cortex-m0plus -std=gnu11 -g3 -DDEBUG -DUSE_HAL_DRIVER -DSTM32G0B1xx -c -I../Core/Inc -I../Drivers/STM32G0xx_HAL_Driver/Inc -I../Drivers/STM32G0xx_HAL_Driver/Inc/Legacy -I../Drivers/CMSIS/Device/ST/STM32G0xx/Include -I../Drivers/CMSIS/Include -O0 -ffunction-sections -fdata-sections -Wall -fstack-usage -fcyclomatic-complexity -MMD -MP -MF"Core/Src/main.d" -MT"Core/Src/main.o" --specs=nano.specs -mfloat-abi=soft -mthumb -o "Core/Src/main.o"
arm-none-eabi-gcc "../Core/Src/stm32g0xx_hal_msp.c" -mcpu=cortex-m0plus -std=gnu11 -g3 -DDEBUG -DUSE_HAL_DRIVER -DSTM32G0B1xx -c -I../Core/Inc -I../Drivers/STM32G0xx_HAL_Driver/Inc -I../Drivers/STM32G0xx_HAL_Driver/Inc/Legacy -I../Drivers/CMSIS/Device/ST/STM32G0xx/Include -I../Drivers/CMSIS/Include -O0 -ffunction-sections -fdata-sections -Wall -fstack-usage -fcyclomatic-complexity -MMD -MP -MF"Core/Src/stm32g0xx_hal_msp.d" -MT"Core/Src/stm32g0xx_hal_msp.o" --specs=nano.specs -mfloat-abi=soft -mthumb -o "Core/Src/stm32g0xx_hal_msp.o"
arm-none-eabi-gcc "../Core/Src/stm32g0xx_it.c" -mcpu=cortex-m0plus -std=gnu11 -g3 -DDEBUG -DUSE_HAL_DRIVER -DSTM32G0B1xx -c -I../Core/Inc -I../Drivers/STM32G0xx_HAL_Driver/Inc -I../Drivers/STM32G0xx_HAL_Driver/Inc/Legacy -I../Drivers/CMSIS/Device/ST/STM32G0xx/Include -I../Drivers/CMSIS/Include -O0 -ffunction-sections -fdata-sections -Wall -fstack-usage -fcyclomatic-complexity -MMD -MP -MF"Core/Src/stm32g0xx_it.d" -MT"Core/Src/stm32g0xx_it.o" --specs=nano.specs -mfloat-abi=soft -mthumb -o "Core/Src/stm32g0xx_it.o"
arm-none-eabi-gcc "../Core/Src/syscalls.c" -mcpu=cortex-m0plus -std=gnu11 -g3 -DDEBUG -DUSE_HAL_DRIVER -DSTM32G0B1xx -c -I../Core/Inc -I../Drivers/STM32G0xx_HAL_Driver/Inc -I../Drivers/STM32G0xx_HAL_Driver/Inc/Legacy -I../Drivers/CMSIS/Device/ST/STM32G0xx/Include -I../Drivers/CMSIS/Include -O0 -ffunction-sections -fdata-sections -Wall -fstack-usage -fcyclomatic-complexity -MMD -MP -MF"Core/Src/syscalls.d" -MT"Core/Src/syscalls.o" --specs=nano.specs -mfloat-abi=soft -mthumb -o "Core/Src/syscalls.o"
arm-none-eabi-gcc "../Core/Src/sysmem.c" -mcpu=cortex-m0plus -std=gnu11 -g3 -DDEBUG -DUSE_HAL_DRIVER -DSTM32G0B1xx -c -I../Core/Inc -I../Drivers/STM32G0xx_HAL_Driver/Inc -I../Drivers/STM32G0xx_HAL_Driver/Inc/Legacy -I../Drivers/CMSIS/Device/ST/STM32G0xx/Include -I../Drivers/CMSIS/Include -O0 -ffunction-sections -fdata-sections -Wall -fstack-usage -fcyclomatic-complexity -MMD -MP -MF"Core/Src/sysmem.d" -MT"Core/Src/sysmem.o" --specs=nano.specs -mfloat-abi=soft -mthumb -o "Core/Src/sysmem.o"
arm-none-eabi-gcc "../Core/Src/system_stm32g0xx.c" -mcpu=cortex-m0plus -std=gnu11 -g3 -DDEBUG -DUSE_HAL_DRIVER -DSTM32G0B1xx -c -I../Core/Inc -I../Drivers/STM32G0xx_HAL_Driver/Inc -I../Drivers/STM32G0xx_HAL_Driver/Inc/Legacy -I../Drivers/CMSIS/Device/ST/STM32G0xx/Include -I../Drivers/CMSIS/Include -O0 -ffunction-sections -fdata-sections -Wall -fstack-usage -fcyclomatic-complexity -MMD -MP -MF"Core/Src/system_stm32g0xx.d" -MT"Core/Src/system_stm32g0xx.o" --specs=nano.specs -mfloat-abi=soft -mthumb -o "Core/Src/system_stm32g0xx.o"
../Core/Src/main.c:17:13: warning: 'MX_GPIO_Init' used but never defined
   17 | static void MX_GPIO_Init(void);
      |             ^~~~~~~~~~~~
../Core/Src/main.c:18:13: warning: 'MX_TIM2_Init' used but never defined
   18 | static void MX_TIM2_Init(void);
      |             ^~~~~~~~~~~~
arm-none-eabi-gcc -o "BareMetal_GPIO_PWM_LED.elf" @"objects.list"   -mcpu=cortex-m0plus -T"C:\Users\ramekp\Desktop\STM32_Projects\Version_1_19\BareMetal_GPIO_PWM_LED\BareMetal_GPIO_PWM_LED\STM32G0B1RETX_FLASH.ld" --specs=nosys.specs -Wl,-Map="BareMetal_GPIO_PWM_LED.map" -Wl,--gc-sections -static --specs=nano.specs -mfloat-abi=soft -mthumb -Wl,--start-group -lc -lm -Wl,--end-group
C:/ST/STM32CubeIDE_1.19.0/STM32CubeIDE/plugins/com.st.stm32cube.ide.mcu.externaltools.gnu-tools-for-stm32.13.3.rel1.win32_1.0.0.202411081344/tools/bin/../lib/gcc/arm-none-eabi/13.3.1/../../../../arm-none-eabi/bin/ld.exe: ./Core/Src/main.o: in function `main':
C:/Users/ramekp/Desktop/STM32_Projects/Version_1_19/BareMetal_GPIO_PWM_LED/BareMetal_GPIO_PWM_LED/Debug/../Core/Src/main.c:30:(.text.main+0xa): undefined reference to `SystemClock_Config'
C:/ST/STM32CubeIDE_1.19.0/STM32CubeIDE/plugins/com.st.stm32cube.ide.mcu.externaltools.gnu-tools-for-stm32.13.3.rel1.win32_1.0.0.202411081344/tools/bin/../lib/gcc/arm-none-eabi/13.3.1/../../../../arm-none-eabi/bin/ld.exe: C:/Users/ramekp/Desktop/STM32_Projects/Version_1_19/BareMetal_GPIO_PWM_LED/BareMetal_GPIO_PWM_LED/Debug/../Core/Src/main.c:33:(.text.main+0xe): undefined reference to `MX_GPIO_Init'
C:/ST/STM32CubeIDE_1.19.0/STM32CubeIDE/plugins/com.st.stm32cube.ide.mcu.externaltools.gnu-tools-for-stm32.13.3.rel1.win32_1.0.0.202411081344/tools/bin/../lib/gcc/arm-none-eabi/13.3.1/../../../../arm-none-eabi/bin/ld.exe: C:/Users/ramekp/Desktop/STM32_Projects/Version_1_19/BareMetal_GPIO_PWM_LED/BareMetal_GPIO_PWM_LED/Debug/../Core/Src/main.c:34:(.text.main+0x12): undefined reference to `MX_TIM2_Init'
collect2.exe: error: ld returned 1 exit status
make: *** [makefile:64: BareMetal_GPIO_PWM_LED.elf] Error 1
"make -j12 all" terminated with exit code 2. Build might be incomplete.
15:45:03 **** Incremental Build of configuration Debug for project BareMetal_GPIO_PWM_LED ****
make -j12 all 
arm-none-eabi-gcc -o "BareMetal_GPIO_PWM_LED.elf" @"objects.list"   -mcpu=cortex-m0plus -T"C:\Users\ramekp\Desktop\STM32_Projects\Version_1_19\BareMetal_GPIO_PWM_LED\BareMetal_GPIO_PWM_LED\STM32G0B1RETX_FLASH.ld" --specs=nosys.specs -Wl,-Map="BareMetal_GPIO_PWM_LED.map" -Wl,--gc-sections -static --specs=nano.specs -mfloat-abi=soft -mthumb -Wl,--start-group -lc -lm -Wl,--end-group
C:/ST/STM32CubeIDE_1.19.0/STM32CubeIDE/plugins/com.st.stm32cube.ide.mcu.externaltools.gnu-tools-for-stm32.13.3.rel1.win32_1.0.0.202411081344/tools/bin/../lib/gcc/arm-none-eabi/13.3.1/../../../../arm-none-eabi/bin/ld.exe: ./Core/Src/main.o: in function `main':
C:/Users/ramekp/Desktop/STM32_Projects/Version_1_19/BareMetal_GPIO_PWM_LED/BareMetal_GPIO_PWM_LED/Debug/../Core/Src/main.c:30:(.text.main+0xa): undefined reference to `SystemClock_Config'
C:/ST/STM32CubeIDE_1.19.0/STM32CubeIDE/plugins/com.st.stm32cube.ide.mcu.externaltools.gnu-tools-for-stm32.13.3.rel1.win32_1.0.0.202411081344/tools/bin/../lib/gcc/arm-none-eabi/13.3.1/../../../../arm-none-eabi/bin/ld.exe: C:/Users/ramekp/Desktop/STM32_Projects/Version_1_19/BareMetal_GPIO_PWM_LED/BareMetal_GPIO_PWM_LED/Debug/../Core/Src/main.c:33:(.text.main+0xe): undefined reference to `MX_GPIO_Init'
C:/ST/STM32CubeIDE_1.19.0/STM32CubeIDE/plugins/com.st.stm32cube.ide.mcu.externaltools.gnu-tools-for-stm32.13.3.rel1.win32_1.0.0.202411081344/tools/bin/../lib/gcc/arm-none-eabi/13.3.1/../../../../arm-none-eabi/bin/ld.exe: C:/Users/ramekp/Desktop/STM32_Projects/Version_1_19/BareMetal_GPIO_PWM_LED/BareMetal_GPIO_PWM_LED/Debug/../Core/Src/main.c:34:(.text.main+0x12): undefined reference to `MX_TIM2_Init'
collect2.exe: error: ld returned 1 exit status
make: *** [makefile:64: BareMetal_GPIO_PWM_LED.elf] Error 1
"make -j12 all" terminated with exit code 2. Build might be incomplete.
15:45:52 **** Incremental Build of configuration Debug for project BareMetal_GPIO_PWM_LED ****
make -j12 all 
arm-none-eabi-gcc "../Core/Src/main.c" -mcpu=cortex-m0plus -std=gnu11 -g3 -DDEBUG -DUSE_HAL_DRIVER -DSTM32G0B1xx -c -I../Core/Inc -I../Drivers/STM32G0xx_HAL_Driver/Inc -I../Drivers/STM32G0xx_HAL_Driver/Inc/Legacy -I../Drivers/CMSIS/Device/ST/STM32G0xx/Include -I../Drivers/CMSIS/Include -O0 -ffunction-sections -fdata-sections -Wall -fstack-usage -fcyclomatic-complexity -MMD -MP -MF"Core/Src/main.d" -MT"Core/Src/main.o" --specs=nano.specs -mfloat-abi=soft -mthumb -o "Core/Src/main.o"
../Core/Src/main.c:17:13: warning: 'MX_GPIO_Init' used but never defined
   17 | static void MX_GPIO_Init(void);
      |             ^~~~~~~~~~~~
../Core/Src/main.c:18:13: warning: 'MX_TIM2_Init' used but never defined
   18 | static void MX_TIM2_Init(void);
      |             ^~~~~~~~~~~~
arm-none-eabi-gcc -o "BareMetal_GPIO_PWM_LED.elf" @"objects.list"   -mcpu=cortex-m0plus -T"C:\Users\ramekp\Desktop\STM32_Projects\Version_1_19\BareMetal_GPIO_PWM_LED\BareMetal_GPIO_PWM_LED\STM32G0B1RETX_FLASH.ld" --specs=nosys.specs -Wl,-Map="BareMetal_GPIO_PWM_LED.map" -Wl,--gc-sections -static --specs=nano.specs -mfloat-abi=soft -mthumb -Wl,--start-group -lc -lm -Wl,--end-group
C:/ST/STM32CubeIDE_1.19.0/STM32CubeIDE/plugins/com.st.stm32cube.ide.mcu.externaltools.gnu-tools-for-stm32.13.3.rel1.win32_1.0.0.202411081344/tools/bin/../lib/gcc/arm-none-eabi/13.3.1/../../../../arm-none-eabi/bin/ld.exe: ./Core/Src/main.o: in function `main':
C:/Users/ramekp/Desktop/STM32_Projects/Version_1_19/BareMetal_GPIO_PWM_LED/BareMetal_GPIO_PWM_LED/Debug/../Core/Src/main.c:33:(.text.main+0xe): undefined reference to `MX_GPIO_Init'
C:/ST/STM32CubeIDE_1.19.0/STM32CubeIDE/plugins/com.st.stm32cube.ide.mcu.externaltools.gnu-tools-for-stm32.13.3.rel1.win32_1.0.0.202411081344/tools/bin/../lib/gcc/arm-none-eabi/13.3.1/../../../../arm-none-eabi/bin/ld.exe: C:/Users/ramekp/Desktop/STM32_Projects/Version_1_19/BareMetal_GPIO_PWM_LED/BareMetal_GPIO_PWM_LED/Debug/../Core/Src/main.c:34:(.text.main+0x12): undefined reference to `MX_TIM2_Init'
collect2.exe: error: ld returned 1 exit status
make: *** [makefile:64: BareMetal_GPIO_PWM_LED.elf] Error 1
"make -j12 all" terminated with exit code 2. Build might be incomplete.
15:46:27 **** Incremental Build of configuration Debug for project BareMetal_GPIO_PWM_LED ****
make -j12 all 
arm-none-eabi-gcc "../Core/Src/main.c" -mcpu=cortex-m0plus -std=gnu11 -g3 -DDEBUG -DUSE_HAL_DRIVER -DSTM32G0B1xx -c -I../Core/Inc -I../Drivers/STM32G0xx_HAL_Driver/Inc -I../Drivers/STM32G0xx_HAL_Driver/Inc/Legacy -I../Drivers/CMSIS/Device/ST/STM32G0xx/Include -I../Drivers/CMSIS/Include -O0 -ffunction-sections -fdata-sections -Wall -fstack-usage -fcyclomatic-complexity -MMD -MP -MF"Core/Src/main.d" -MT"Core/Src/main.o" --specs=nano.specs -mfloat-abi=soft -mthumb -o "Core/Src/main.o"
../Core/Src/main.c:18:13: warning: 'MX_TIM2_Init' used but never defined
   18 | static void MX_TIM2_Init(void);
      |             ^~~~~~~~~~~~
arm-none-eabi-gcc -o "BareMetal_GPIO_PWM_LED.elf" @"objects.list"   -mcpu=cortex-m0plus -T"C:\Users\ramekp\Desktop\STM32_Projects\Version_1_19\BareMetal_GPIO_PWM_LED\BareMetal_GPIO_PWM_LED\STM32G0B1RETX_FLASH.ld" --specs=nosys.specs -Wl,-Map="BareMetal_GPIO_PWM_LED.map" -Wl,--gc-sections -static --specs=nano.specs -mfloat-abi=soft -mthumb -Wl,--start-group -lc -lm -Wl,--end-group
C:/ST/STM32CubeIDE_1.19.0/STM32CubeIDE/plugins/com.st.stm32cube.ide.mcu.externaltools.gnu-tools-for-stm32.13.3.rel1.win32_1.0.0.202411081344/tools/bin/../lib/gcc/arm-none-eabi/13.3.1/../../../../arm-none-eabi/bin/ld.exe: ./Core/Src/main.o: in function `main':
C:/Users/ramekp/Desktop/STM32_Projects/Version_1_19/BareMetal_GPIO_PWM_LED/BareMetal_GPIO_PWM_LED/Debug/../Core/Src/main.c:34:(.text.main+0x12): undefined reference to `MX_TIM2_Init'
collect2.exe: error: ld returned 1 exit status
make: *** [makefile:64: BareMetal_GPIO_PWM_LED.elf] Error 1
"make -j12 all" terminated with exit code 2. Build might be incomplete.
15:47:26 **** Incremental Build of configuration Debug for project BareMetal_GPIO_PWM_LED ****
make -j12 all 
arm-none-eabi-gcc "../Core/Src/main.c" -mcpu=cortex-m0plus -std=gnu11 -g3 -DDEBUG -DUSE_HAL_DRIVER -DSTM32G0B1xx -c -I../Core/Inc -I../Drivers/STM32G0xx_HAL_Driver/Inc -I../Drivers/STM32G0xx_HAL_Driver/Inc/Legacy -I../Drivers/CMSIS/Device/ST/STM32G0xx/Include -I../Drivers/CMSIS/Include -O0 -ffunction-sections -fdata-sections -Wall -fstack-usage -fcyclomatic-complexity -MMD -MP -MF"Core/Src/main.d" -MT"Core/Src/main.o" --specs=nano.specs -mfloat-abi=soft -mthumb -o "Core/Src/main.o"
arm-none-eabi-gcc -o "BareMetal_GPIO_PWM_LED.elf" @"objects.list"   -mcpu=cortex-m0plus -T"C:\Users\ramekp\Desktop\STM32_Projects\Version_1_19\BareMetal_GPIO_PWM_LED\BareMetal_GPIO_PWM_LED\STM32G0B1RETX_FLASH.ld" --specs=nosys.specs -Wl,-Map="BareMetal_GPIO_PWM_LED.map" -Wl,--gc-sections -static --specs=nano.specs -mfloat-abi=soft -mthumb -Wl,--start-group -lc -lm -Wl,--end-group
Finished building target: BareMetal_GPIO_PWM_LED.elf
 
arm-none-eabi-size  BareMetal_GPIO_PWM_LED.elf 
arm-none-eabi-objdump -h -S BareMetal_GPIO_PWM_LED.elf  > "BareMetal_GPIO_PWM_LED.list"
   text	   data	    bss	    dec	    hex	filename
  10144	     12	   1644	  11800	   2e18	BareMetal_GPIO_PWM_LED.elf
Finished building: default.size.stdout
 
Finished building: BareMetal_GPIO_PWM_LED.list
 
15:47:38 **** Incremental Build of configuration Debug for project BareMetal_GPIO_PWM_LED ****
make -j12 all 
arm-none-eabi-size  BareMetal_GPIO_PWM_LED.elf 
   text	   data	    bss	    dec	    hex	filename
  10144	     12	   1644	  11800	   2e18	BareMetal_GPIO_PWM_LED.elf
Finished building: default.size.stdout
 
15:50:00 **** Incremental Build of configuration Debug for project BareMetal_GPIO_PWM_LED ****
make -j12 all 
arm-none-eabi-gcc "../Core/Src/main.c" -mcpu=cortex-m0plus -std=gnu11 -g3 -DDEBUG -DUSE_HAL_DRIVER -DSTM32G0B1xx -c -I../Core/Inc -I../Drivers/STM32G0xx_HAL_Driver/Inc -I../Drivers/STM32G0xx_HAL_Driver/Inc/Legacy -I../Drivers/CMSIS/Device/ST/STM32G0xx/Include -I../Drivers/CMSIS/Include -O0 -ffunction-sections -fdata-sections -Wall -fstack-usage -fcyclomatic-complexity -MMD -MP -MF"Core/Src/main.d" -MT"Core/Src/main.o" --specs=nano.specs -mfloat-abi=soft -mthumb -o "Core/Src/main.o"
../Core/Src/main.c: In function 'uart2_print':
../Core/Src/main.c:26:24: error: 'huart2' undeclared (first use in this function)
   26 |     HAL_UART_Transmit(&huart2, (uint8_t*)s, (uint16_t)strlen(s), 50U);
      |                        ^~~~~~
../Core/Src/main.c:26:24: note: each undeclared identifier is reported only once for each function it appears in
../Core/Src/main.c:26:55: warning: implicit declaration of function 'strlen' [-Wimplicit-function-declaration]
   26 |     HAL_UART_Transmit(&huart2, (uint8_t*)s, (uint16_t)strlen(s), 50U);
      |                                                       ^~~~~~
../Core/Src/main.c:11:1: note: include '<string.h>' or provide a declaration of 'strlen'
   10 | #include "main.h"
  +++ |+#include <string.h>
   11 | 
../Core/Src/main.c:26:55: warning: incompatible implicit declaration of built-in function 'strlen' [-Wbuiltin-declaration-mismatch]
   26 |     HAL_UART_Transmit(&huart2, (uint8_t*)s, (uint16_t)strlen(s), 50U);
      |                                                       ^~~~~~
../Core/Src/main.c:26:55: note: include '<string.h>' or provide a declaration of 'strlen'
make: *** [Core/Src/subdir.mk:34: Core/Src/main.o] Error 1
"make -j12 all" terminated with exit code 2. Build might be incomplete.
15:50:21 **** Incremental Build of configuration Debug for project BareMetal_GPIO_PWM_LED ****
make -j12 all 
arm-none-eabi-gcc "../Core/Src/main.c" -mcpu=cortex-m0plus -std=gnu11 -g3 -DDEBUG -DUSE_HAL_DRIVER -DSTM32G0B1xx -c -I../Core/Inc -I../Drivers/STM32G0xx_HAL_Driver/Inc -I../Drivers/STM32G0xx_HAL_Driver/Inc/Legacy -I../Drivers/CMSIS/Device/ST/STM32G0xx/Include -I../Drivers/CMSIS/Include -O0 -ffunction-sections -fdata-sections -Wall -fstack-usage -fcyclomatic-complexity -MMD -MP -MF"Core/Src/main.d" -MT"Core/Src/main.o" --specs=nano.specs -mfloat-abi=soft -mthumb -o "Core/Src/main.o"
../Core/Src/main.c: In function 'uart2_print':
../Core/Src/main.c:27:24: error: 'huart2' undeclared (first use in this function)
   27 |     HAL_UART_Transmit(&huart2, (uint8_t*)s, (uint16_t)strlen(s), 50U);
      |                        ^~~~~~
../Core/Src/main.c:27:24: note: each undeclared identifier is reported only once for each function it appears in
make: *** [Core/Src/subdir.mk:34: Core/Src/main.o] Error 1
"make -j12 all" terminated with exit code 2. Build might be incomplete.
15:51:15 **** Incremental Build of configuration Debug for project BareMetal_GPIO_PWM_LED ****
make -j12 all 
arm-none-eabi-gcc "../Core/Src/main.c" -mcpu=cortex-m0plus -std=gnu11 -g3 -DDEBUG -DUSE_HAL_DRIVER -DSTM32G0B1xx -c -I../Core/Inc -I../Drivers/STM32G0xx_HAL_Driver/Inc -I../Drivers/STM32G0xx_HAL_Driver/Inc/Legacy -I../Drivers/CMSIS/Device/ST/STM32G0xx/Include -I../Drivers/CMSIS/Include -O0 -ffunction-sections -fdata-sections -Wall -fstack-usage -fcyclomatic-complexity -MMD -MP -MF"Core/Src/main.d" -MT"Core/Src/main.o" --specs=nano.specs -mfloat-abi=soft -mthumb -o "Core/Src/main.o"
../Core/Src/main.c:26:13: warning: 'MX_USART2_UART_Init' defined but not used [-Wunused-function]
   26 | static void MX_USART2_UART_Init(void)
      |             ^~~~~~~~~~~~~~~~~~~
arm-none-eabi-gcc -o "BareMetal_GPIO_PWM_LED.elf" @"objects.list"   -mcpu=cortex-m0plus -T"C:\Users\ramekp\Desktop\STM32_Projects\Version_1_19\BareMetal_GPIO_PWM_LED\BareMetal_GPIO_PWM_LED\STM32G0B1RETX_FLASH.ld" --specs=nosys.specs -Wl,-Map="BareMetal_GPIO_PWM_LED.map" -Wl,--gc-sections -static --specs=nano.specs -mfloat-abi=soft -mthumb -Wl,--start-group -lc -lm -Wl,--end-group
Finished building target: BareMetal_GPIO_PWM_LED.elf
 
arm-none-eabi-size  BareMetal_GPIO_PWM_LED.elf 
arm-none-eabi-objdump -h -S BareMetal_GPIO_PWM_LED.elf  > "BareMetal_GPIO_PWM_LED.list"
   text	   data	    bss	    dec	    hex	filename
  10984	     12	   1796	  12792	   31f8	BareMetal_GPIO_PWM_LED.elf
Finished building: default.size.stdout
 
Finished building: BareMetal_GPIO_PWM_LED.list
 
15:51:34 **** Incremental Build of configuration Debug for project BareMetal_GPIO_PWM_LED ****
make -j12 all 
arm-none-eabi-gcc "../Core/Src/main.c" -mcpu=cortex-m0plus -std=gnu11 -g3 -DDEBUG -DUSE_HAL_DRIVER -DSTM32G0B1xx -c -I../Core/Inc -I../Drivers/STM32G0xx_HAL_Driver/Inc -I../Drivers/STM32G0xx_HAL_Driver/Inc/Legacy -I../Drivers/CMSIS/Device/ST/STM32G0xx/Include -I../Drivers/CMSIS/Include -O0 -ffunction-sections -fdata-sections -Wall -fstack-usage -fcyclomatic-complexity -MMD -MP -MF"Core/Src/main.d" -MT"Core/Src/main.o" --specs=nano.specs -mfloat-abi=soft -mthumb -o "Core/Src/main.o"
arm-none-eabi-gcc -o "BareMetal_GPIO_PWM_LED.elf" @"objects.list"   -mcpu=cortex-m0plus -T"C:\Users\ramekp\Desktop\STM32_Projects\Version_1_19\BareMetal_GPIO_PWM_LED\BareMetal_GPIO_PWM_LED\STM32G0B1RETX_FLASH.ld" --specs=nosys.specs -Wl,-Map="BareMetal_GPIO_PWM_LED.map" -Wl,--gc-sections -static --specs=nano.specs -mfloat-abi=soft -mthumb -Wl,--start-group -lc -lm -Wl,--end-group
Finished building target: BareMetal_GPIO_PWM_LED.elf
 
arm-none-eabi-size  BareMetal_GPIO_PWM_LED.elf 
arm-none-eabi-objdump -h -S BareMetal_GPIO_PWM_LED.elf  > "BareMetal_GPIO_PWM_LED.list"
   text	   data	    bss	    dec	    hex	filename
  16816	     12	   1796	  18624	   48c0	BareMetal_GPIO_PWM_LED.elf
Finished building: default.size.stdout
 
Finished building: BareMetal_GPIO_PWM_LED.list
 
15:51:44 **** Incremental Build of configuration Debug for project BareMetal_GPIO_PWM_LED ****
make -j12 all 
arm-none-eabi-size  BareMetal_GPIO_PWM_LED.elf 
   text	   data	    bss	    dec	    hex	filename
  16816	     12	   1796	  18624	   48c0	BareMetal_GPIO_PWM_LED.elf
Finished building: default.size.stdout
 
15:51:47 **** Incremental Build of configuration Debug for project BareMetal_GPIO_PWM_LED ****
make -j12 all 
arm-none-eabi-size  BareMetal_GPIO_PWM_LED.elf 
   text	   data	    bss	    dec	    hex	filename
  16816	     12	   1796	  18624	   48c0	BareMetal_GPIO_PWM_LED.elf
Finished building: default.size.stdout
 
16:05:06 **** Incremental Build of configuration Debug for project BareMetal_GPIO_PWM_LED ****
make -j12 all 
arm-none-eabi-gcc "../Core/Src/main.c" -mcpu=cortex-m0plus -std=gnu11 -g3 -DDEBUG -DUSE_HAL_DRIVER -DSTM32G0B1xx -c -I../Core/Inc -I../Drivers/STM32G0xx_HAL_Driver/Inc -I../Drivers/STM32G0xx_HAL_Driver/Inc/Legacy -I../Drivers/CMSIS/Device/ST/STM32G0xx/Include -I../Drivers/CMSIS/Include -O0 -ffunction-sections -fdata-sections -Wall -fstack-usage -fcyclomatic-complexity -MMD -MP -MF"Core/Src/main.d" -MT"Core/Src/main.o" --specs=nano.specs -mfloat-abi=soft -mthumb -o "Core/Src/main.o"
arm-none-eabi-gcc -o "BareMetal_GPIO_PWM_LED.elf" @"objects.list"   -mcpu=cortex-m0plus -T"C:\Users\ramekp\Desktop\STM32_Projects\Version_1_19\BareMetal_GPIO_PWM_LED\BareMetal_GPIO_PWM_LED\STM32G0B1RETX_FLASH.ld" --specs=nosys.specs -Wl,-Map="BareMetal_GPIO_PWM_LED.map" -Wl,--gc-sections -static --specs=nano.specs -mfloat-abi=soft -mthumb -Wl,--start-group -lc -lm -Wl,--end-group
Finished building target: BareMetal_GPIO_PWM_LED.elf
 
arm-none-eabi-size  BareMetal_GPIO_PWM_LED.elf 
arm-none-eabi-objdump -h -S BareMetal_GPIO_PWM_LED.elf  > "BareMetal_GPIO_PWM_LED.list"
   text	   data	    bss	    dec	    hex	filename
  16816	     12	   1796	  18624	   48c0	BareMetal_GPIO_PWM_LED.elf
Finished building: default.size.stdout
 
Finished building: BareMetal_GPIO_PWM_LED.list
 
16:05:54 **** Incremental Build of configuration Debug for project BareMetal_GPIO_PWM_LED ****
make -j12 all 
arm-none-eabi-gcc "../Core/Src/main.c" -mcpu=cortex-m0plus -std=gnu11 -g3 -DDEBUG -DUSE_HAL_DRIVER -DSTM32G0B1xx -c -I../Core/Inc -I../Drivers/STM32G0xx_HAL_Driver/Inc -I../Drivers/STM32G0xx_HAL_Driver/Inc/Legacy -I../Drivers/CMSIS/Device/ST/STM32G0xx/Include -I../Drivers/CMSIS/Include -O0 -ffunction-sections -fdata-sections -Wall -fstack-usage -fcyclomatic-complexity -MMD -MP -MF"Core/Src/main.d" -MT"Core/Src/main.o" --specs=nano.specs -mfloat-abi=soft -mthumb -o "Core/Src/main.o"
arm-none-eabi-gcc -o "BareMetal_GPIO_PWM_LED.elf" @"objects.list"   -mcpu=cortex-m0plus -T"C:\Users\ramekp\Desktop\STM32_Projects\Version_1_19\BareMetal_GPIO_PWM_LED\BareMetal_GPIO_PWM_LED\STM32G0B1RETX_FLASH.ld" --specs=nosys.specs -Wl,-Map="BareMetal_GPIO_PWM_LED.map" -Wl,--gc-sections -static --specs=nano.specs -mfloat-abi=soft -mthumb -Wl,--start-group -lc -lm -Wl,--end-group
Finished building target: BareMetal_GPIO_PWM_LED.elf
 
arm-none-eabi-size  BareMetal_GPIO_PWM_LED.elf 
arm-none-eabi-objdump -h -S BareMetal_GPIO_PWM_LED.elf  > "BareMetal_GPIO_PWM_LED.list"
   text	   data	    bss	    dec	    hex	filename
  16844	     12	   1796	  18652	   48dc	BareMetal_GPIO_PWM_LED.elf
Finished building: default.size.stdout
 
Finished building: BareMetal_GPIO_PWM_LED.list
 
16:06:03 **** Incremental Build of configuration Debug for project BareMetal_GPIO_PWM_LED ****
make -j12 all 
arm-none-eabi-gcc "../Core/Src/main.c" -mcpu=cortex-m0plus -std=gnu11 -g3 -DDEBUG -DUSE_HAL_DRIVER -DSTM32G0B1xx -c -I../Core/Inc -I../Drivers/STM32G0xx_HAL_Driver/Inc -I../Drivers/STM32G0xx_HAL_Driver/Inc/Legacy -I../Drivers/CMSIS/Device/ST/STM32G0xx/Include -I../Drivers/CMSIS/Include -O0 -ffunction-sections -fdata-sections -Wall -fstack-usage -fcyclomatic-complexity -MMD -MP -MF"Core/Src/main.d" -MT"Core/Src/main.o" --specs=nano.specs -mfloat-abi=soft -mthumb -o "Core/Src/main.o"
arm-none-eabi-gcc -o "BareMetal_GPIO_PWM_LED.elf" @"objects.list"   -mcpu=cortex-m0plus -T"C:\Users\ramekp\Desktop\STM32_Projects\Version_1_19\BareMetal_GPIO_PWM_LED\BareMetal_GPIO_PWM_LED\STM32G0B1RETX_FLASH.ld" --specs=nosys.specs -Wl,-Map="BareMetal_GPIO_PWM_LED.map" -Wl,--gc-sections -static --specs=nano.specs -mfloat-abi=soft -mthumb -Wl,--start-group -lc -lm -Wl,--end-group
Finished building target: BareMetal_GPIO_PWM_LED.elf
 
arm-none-eabi-size  BareMetal_GPIO_PWM_LED.elf 
arm-none-eabi-objdump -h -S BareMetal_GPIO_PWM_LED.elf  > "BareMetal_GPIO_PWM_LED.list"
   text	   data	    bss	    dec	    hex	filename
  16844	     12	   1796	  18652	   48dc	BareMetal_GPIO_PWM_LED.elf
Finished building: default.size.stdout
 
Finished building: BareMetal_GPIO_PWM_LED.list
 
16:06:09 **** Incremental Build of configuration Debug for project BareMetal_GPIO_PWM_LED ****
make -j12 all 
arm-none-eabi-size  BareMetal_GPIO_PWM_LED.elf 
   text	   data	    bss	    dec	    hex	filename
  16844	     12	   1796	  18652	   48dc	BareMetal_GPIO_PWM_LED.elf
Finished building: default.size.stdout
 
16:16:17 **** Incremental Build of configuration Debug for project BareMetal_GPIO_PWM_LED ****
make -j12 all 
arm-none-eabi-gcc "../Core/Src/main.c" -mcpu=cortex-m0plus -std=gnu11 -g3 -DDEBUG -DUSE_HAL_DRIVER -DSTM32G0B1xx -c -I../Core/Inc -I../Drivers/STM32G0xx_HAL_Driver/Inc -I../Drivers/STM32G0xx_HAL_Driver/Inc/Legacy -I../Drivers/CMSIS/Device/ST/STM32G0xx/Include -I../Drivers/CMSIS/Include -O0 -ffunction-sections -fdata-sections -Wall -fstack-usage -fcyclomatic-complexity -MMD -MP -MF"Core/Src/main.d" -MT"Core/Src/main.o" --specs=nano.specs -mfloat-abi=soft -mthumb -o "Core/Src/main.o"
../Core/Src/main.c: In function 'main':
../Core/Src/main.c:125:18: warning: unused variable 'duty_cycle' [-Wunused-variable]
  125 |         uint32_t duty_cycle = 500;
      |                  ^~~~~~~~~~
../Core/Src/main.c:124:18: warning: unused variable 'counter' [-Wunused-variable]
  124 |         uint32_t counter = 0;
      |                  ^~~~~~~
../Core/Src/main.c:123:18: warning: unused variable 'direction' [-Wunused-variable]
  123 |         uint32_t direction = 0;
      |                  ^~~~~~~~~
../Core/Src/main.c:122:18: warning: unused variable 'pwm_period' [-Wunused-variable]
  122 |         uint32_t pwm_period = 1000;
      |                  ^~~~~~~~~~
arm-none-eabi-gcc -o "BareMetal_GPIO_PWM_LED.elf" @"objects.list"   -mcpu=cortex-m0plus -T"C:\Users\ramekp\Desktop\STM32_Projects\Version_1_19\BareMetal_GPIO_PWM_LED\BareMetal_GPIO_PWM_LED\STM32G0B1RETX_FLASH.ld" --specs=nosys.specs -Wl,-Map="BareMetal_GPIO_PWM_LED.map" -Wl,--gc-sections -static --specs=nano.specs -mfloat-abi=soft -mthumb -Wl,--start-group -lc -lm -Wl,--end-group
Finished building target: BareMetal_GPIO_PWM_LED.elf
 
arm-none-eabi-size  BareMetal_GPIO_PWM_LED.elf 
arm-none-eabi-objdump -h -S BareMetal_GPIO_PWM_LED.elf  > "BareMetal_GPIO_PWM_LED.list"
   text	   data	    bss	    dec	    hex	filename
  16892	     16	   1800	  18708	   4914	BareMetal_GPIO_PWM_LED.elf
Finished building: default.size.stdout
 
Finished building: BareMetal_GPIO_PWM_LED.list
 
16:16:35 **** Incremental Build of configuration Debug for project BareMetal_GPIO_PWM_LED ****
make -j12 all 
arm-none-eabi-gcc "../Core/Src/main.c" -mcpu=cortex-m0plus -std=gnu11 -g3 -DDEBUG -DUSE_HAL_DRIVER -DSTM32G0B1xx -c -I../Core/Inc -I../Drivers/STM32G0xx_HAL_Driver/Inc -I../Drivers/STM32G0xx_HAL_Driver/Inc/Legacy -I../Drivers/CMSIS/Device/ST/STM32G0xx/Include -I../Drivers/CMSIS/Include -O0 -ffunction-sections -fdata-sections -Wall -fstack-usage -fcyclomatic-complexity -MMD -MP -MF"Core/Src/main.d" -MT"Core/Src/main.o" --specs=nano.specs -mfloat-abi=soft -mthumb -o "Core/Src/main.o"
arm-none-eabi-gcc -o "BareMetal_GPIO_PWM_LED.elf" @"objects.list"   -mcpu=cortex-m0plus -T"C:\Users\ramekp\Desktop\STM32_Projects\Version_1_19\BareMetal_GPIO_PWM_LED\BareMetal_GPIO_PWM_LED\STM32G0B1RETX_FLASH.ld" --specs=nosys.specs -Wl,-Map="BareMetal_GPIO_PWM_LED.map" -Wl,--gc-sections -static --specs=nano.specs -mfloat-abi=soft -mthumb -Wl,--start-group -lc -lm -Wl,--end-group
Finished building target: BareMetal_GPIO_PWM_LED.elf
 
arm-none-eabi-size  BareMetal_GPIO_PWM_LED.elf 
arm-none-eabi-objdump -h -S BareMetal_GPIO_PWM_LED.elf  > "BareMetal_GPIO_PWM_LED.list"
   text	   data	    bss	    dec	    hex	filename
  16872	     16	   1800	  18688	   4900	BareMetal_GPIO_PWM_LED.elf
Finished building: default.size.stdout
 
Finished building: BareMetal_GPIO_PWM_LED.list
 
16:16:45 **** Incremental Build of configuration Debug for project BareMetal_GPIO_PWM_LED ****
make -j12 all 
arm-none-eabi-size  BareMetal_GPIO_PWM_LED.elf 
   text	   data	    bss	    dec	    hex	filename
  16872	     16	   1800	  18688	   4900	BareMetal_GPIO_PWM_LED.elf
Finished building: default.size.stdout
 
16:16:49 **** Incremental Build of configuration Debug for project BareMetal_GPIO_PWM_LED ****
make -j12 all 
arm-none-eabi-size  BareMetal_GPIO_PWM_LED.elf 
   text	   data	    bss	    dec	    hex	filename
  16872	     16	   1800	  18688	   4900	BareMetal_GPIO_PWM_LED.elf
Finished building: default.size.stdout
 
16:21:39 **** Incremental Build of configuration Debug for project BareMetal_GPIO_PWM_LED ****
make -j12 all 
arm-none-eabi-gcc "../Core/Src/main.c" -mcpu=cortex-m0plus -std=gnu11 -g3 -DDEBUG -DUSE_HAL_DRIVER -DSTM32G0B1xx -c -I../Core/Inc -I../Drivers/STM32G0xx_HAL_Driver/Inc -I../Drivers/STM32G0xx_HAL_Driver/Inc/Legacy -I../Drivers/CMSIS/Device/ST/STM32G0xx/Include -I../Drivers/CMSIS/Include -O0 -ffunction-sections -fdata-sections -Wall -fstack-usage -fcyclomatic-complexity -MMD -MP -MF"Core/Src/main.d" -MT"Core/Src/main.o" --specs=nano.specs -mfloat-abi=soft -mthumb -o "Core/Src/main.o"
arm-none-eabi-gcc -o "BareMetal_GPIO_PWM_LED.elf" @"objects.list"   -mcpu=cortex-m0plus -T"C:\Users\ramekp\Desktop\STM32_Projects\Version_1_19\BareMetal_GPIO_PWM_LED\BareMetal_GPIO_PWM_LED\STM32G0B1RETX_FLASH.ld" --specs=nosys.specs -Wl,-Map="BareMetal_GPIO_PWM_LED.map" -Wl,--gc-sections -static --specs=nano.specs -mfloat-abi=soft -mthumb -Wl,--start-group -lc -lm -Wl,--end-group
Finished building target: BareMetal_GPIO_PWM_LED.elf
 
arm-none-eabi-size  BareMetal_GPIO_PWM_LED.elf 
arm-none-eabi-objdump -h -S BareMetal_GPIO_PWM_LED.elf  > "BareMetal_GPIO_PWM_LED.list"
   text	   data	    bss	    dec	    hex	filename
  16856	     20	   1796	  18672	   48f0	BareMetal_GPIO_PWM_LED.elf
Finished building: default.size.stdout
 
Finished building: BareMetal_GPIO_PWM_LED.list
 
16:21:47 **** Incremental Build of configuration Debug for project BareMetal_GPIO_PWM_LED ****
make -j12 all 
arm-none-eabi-size  BareMetal_GPIO_PWM_LED.elf 
   text	   data	    bss	    dec	    hex	filename
  16856	     20	   1796	  18672	   48f0	BareMetal_GPIO_PWM_LED.elf
Finished building: default.size.stdout
 
16:23:25 **** Incremental Build of configuration Debug for project BareMetal_GPIO_PWM_LED ****
make -j12 all 
arm-none-eabi-gcc "../Core/Src/main.c" -mcpu=cortex-m0plus -std=gnu11 -g3 -DDEBUG -DUSE_HAL_DRIVER -DSTM32G0B1xx -c -I../Core/Inc -I../Drivers/STM32G0xx_HAL_Driver/Inc -I../Drivers/STM32G0xx_HAL_Driver/Inc/Legacy -I../Drivers/CMSIS/Device/ST/STM32G0xx/Include -I../Drivers/CMSIS/Include -O0 -ffunction-sections -fdata-sections -Wall -fstack-usage -fcyclomatic-complexity -MMD -MP -MF"Core/Src/main.d" -MT"Core/Src/main.o" --specs=nano.specs -mfloat-abi=soft -mthumb -o "Core/Src/main.o"
arm-none-eabi-gcc -o "BareMetal_GPIO_PWM_LED.elf" @"objects.list"   -mcpu=cortex-m0plus -T"C:\Users\ramekp\Desktop\STM32_Projects\Version_1_19\BareMetal_GPIO_PWM_LED\BareMetal_GPIO_PWM_LED\STM32G0B1RETX_FLASH.ld" --specs=nosys.specs -Wl,-Map="BareMetal_GPIO_PWM_LED.map" -Wl,--gc-sections -static --specs=nano.specs -mfloat-abi=soft -mthumb -Wl,--start-group -lc -lm -Wl,--end-group
Finished building target: BareMetal_GPIO_PWM_LED.elf
 
arm-none-eabi-size  BareMetal_GPIO_PWM_LED.elf 
arm-none-eabi-objdump -h -S BareMetal_GPIO_PWM_LED.elf  > "BareMetal_GPIO_PWM_LED.list"
   text	   data	    bss	    dec	    hex	filename
  16856	     20	   1796	  18672	   48f0	BareMetal_GPIO_PWM_LED.elf
Finished building: default.size.stdout
 
Finished building: BareMetal_GPIO_PWM_LED.list
 
13:39:23 **** Build of configuration Debug for project BareMetal_GPIO_PWM_LED ****
make -j12 all 
arm-none-eabi-gcc "../Core/Src/main.c" -mcpu=cortex-m0plus -std=gnu11 -g3 -DDEBUG -DUSE_HAL_DRIVER -DSTM32G0B1xx -c -I../Core/Inc -I../Drivers/STM32G0xx_HAL_Driver/Inc -I../Drivers/STM32G0xx_HAL_Driver/Inc/Legacy -I../Drivers/CMSIS/Device/ST/STM32G0xx/Include -I../Drivers/CMSIS/Include -O0 -ffunction-sections -fdata-sections -Wall -fstack-usage -fcyclomatic-complexity -MMD -MP -MF"Core/Src/main.d" -MT"Core/Src/main.o" --specs=nano.specs -mfloat-abi=soft -mthumb -o "Core/Src/main.o"
arm-none-eabi-gcc "../Core/Src/stm32g0xx_hal_msp.c" -mcpu=cortex-m0plus -std=gnu11 -g3 -DDEBUG -DUSE_HAL_DRIVER -DSTM32G0B1xx -c -I../Core/Inc -I../Drivers/STM32G0xx_HAL_Driver/Inc -I../Drivers/STM32G0xx_HAL_Driver/Inc/Legacy -I../Drivers/CMSIS/Device/ST/STM32G0xx/Include -I../Drivers/CMSIS/Include -O0 -ffunction-sections -fdata-sections -Wall -fstack-usage -fcyclomatic-complexity -MMD -MP -MF"Core/Src/stm32g0xx_hal_msp.d" -MT"Core/Src/stm32g0xx_hal_msp.o" --specs=nano.specs -mfloat-abi=soft -mthumb -o "Core/Src/stm32g0xx_hal_msp.o"
arm-none-eabi-gcc "../Core/Src/stm32g0xx_it.c" -mcpu=cortex-m0plus -std=gnu11 -g3 -DDEBUG -DUSE_HAL_DRIVER -DSTM32G0B1xx -c -I../Core/Inc -I../Drivers/STM32G0xx_HAL_Driver/Inc -I../Drivers/STM32G0xx_HAL_Driver/Inc/Legacy -I../Drivers/CMSIS/Device/ST/STM32G0xx/Include -I../Drivers/CMSIS/Include -O0 -ffunction-sections -fdata-sections -Wall -fstack-usage -fcyclomatic-complexity -MMD -MP -MF"Core/Src/stm32g0xx_it.d" -MT"Core/Src/stm32g0xx_it.o" --specs=nano.specs -mfloat-abi=soft -mthumb -o "Core/Src/stm32g0xx_it.o"
arm-none-eabi-gcc -o "BareMetal_GPIO_PWM_LED.elf" @"objects.list"   -mcpu=cortex-m0plus -T"C:\Users\ramekp\Desktop\STM32_Projects\Version_1_19\BareMetal_GPIO_PWM_LED\BareMetal_GPIO_PWM_LED\STM32G0B1RETX_FLASH.ld" --specs=nosys.specs -Wl,-Map="BareMetal_GPIO_PWM_LED.map" -Wl,--gc-sections -static --specs=nano.specs -mfloat-abi=soft -mthumb -Wl,--start-group -lc -lm -Wl,--end-group
Finished building target: BareMetal_GPIO_PWM_LED.elf
 
arm-none-eabi-size  BareMetal_GPIO_PWM_LED.elf 
arm-none-eabi-objdump -h -S BareMetal_GPIO_PWM_LED.elf  > "BareMetal_GPIO_PWM_LED.list"
   text	   data	    bss	    dec	    hex	filename
  17436	     12	   1868	  19316	   4b74	BareMetal_GPIO_PWM_LED.elf
Finished building: default.size.stdout
 
Finished building: BareMetal_GPIO_PWM_LED.list
 
13:39:38 **** Incremental Build of configuration Debug for project BareMetal_GPIO_PWM_LED ****
make -j12 all 
arm-none-eabi-size  BareMetal_GPIO_PWM_LED.elf 
   text	   data	    bss	    dec	    hex	filename
  17436	     12	   1868	  19316	   4b74	BareMetal_GPIO_PWM_LED.elf
Finished building: default.size.stdout
 
13:41:13 **** Incremental Build of configuration Debug for project BareMetal_GPIO_PWM_LED ****
make -j12 all 
arm-none-eabi-size  BareMetal_GPIO_PWM_LED.elf 
   text	   data	    bss	    dec	    hex	filename
  17436	     12	   1868	  19316	   4b74	BareMetal_GPIO_PWM_LED.elf
Finished building: default.size.stdout
 
13:41:22 **** Incremental Build of configuration Debug for project BareMetal_GPIO_PWM_LED ****
make -j12 all 
arm-none-eabi-gcc "../Core/Src/main.c" -mcpu=cortex-m0plus -std=gnu11 -g3 -DDEBUG -DUSE_HAL_DRIVER -DSTM32G0B1xx -c -I../Core/Inc -I../Drivers/STM32G0xx_HAL_Driver/Inc -I../Drivers/STM32G0xx_HAL_Driver/Inc/Legacy -I../Drivers/CMSIS/Device/ST/STM32G0xx/Include -I../Drivers/CMSIS/Include -O0 -ffunction-sections -fdata-sections -Wall -fstack-usage -fcyclomatic-complexity -MMD -MP -MF"Core/Src/main.d" -MT"Core/Src/main.o" --specs=nano.specs -mfloat-abi=soft -mthumb -o "Core/Src/main.o"
arm-none-eabi-gcc -o "BareMetal_GPIO_PWM_LED.elf" @"objects.list"   -mcpu=cortex-m0plus -T"C:\Users\ramekp\Desktop\STM32_Projects\Version_1_19\BareMetal_GPIO_PWM_LED\BareMetal_GPIO_PWM_LED\STM32G0B1RETX_FLASH.ld" --specs=nosys.specs -Wl,-Map="BareMetal_GPIO_PWM_LED.map" -Wl,--gc-sections -static --specs=nano.specs -mfloat-abi=soft -mthumb -Wl,--start-group -lc -lm -Wl,--end-group
C:/ST/STM32CubeIDE_1.19.0/STM32CubeIDE/plugins/com.st.stm32cube.ide.mcu.externaltools.gnu-tools-for-stm32.13.3.rel1.win32_1.0.0.202411081344/tools/bin/../lib/gcc/arm-none-eabi/13.3.1/../../../../arm-none-eabi/bin/ld.exe: ./Core/Src/stm32g0xx_it.o: in function `TIM1_BRK_UP_TRG_COM_IRQHandler':
C:/Users/ramekp/Desktop/STM32_Projects/Version_1_19/BareMetal_GPIO_PWM_LED/BareMetal_GPIO_PWM_LED/Debug/../Core/Src/stm32g0xx_it.c:155:(.text.TIM1_BRK_UP_TRG_COM_IRQHandler+0x14): undefined reference to `htim1'
C:/ST/STM32CubeIDE_1.19.0/STM32CubeIDE/plugins/com.st.stm32cube.ide.mcu.externaltools.gnu-tools-for-stm32.13.3.rel1.win32_1.0.0.202411081344/tools/bin/../lib/gcc/arm-none-eabi/13.3.1/../../../../arm-none-eabi/bin/ld.exe: ./Core/Src/stm32g0xx_it.o: in function `TIM1_CC_IRQHandler':
C:/Users/ramekp/Desktop/STM32_Projects/Version_1_19/BareMetal_GPIO_PWM_LED/BareMetal_GPIO_PWM_LED/Debug/../Core/Src/stm32g0xx_it.c:169:(.text.TIM1_CC_IRQHandler+0x14): undefined reference to `htim1'
collect2.exe: error: ld returned 1 exit status
make: *** [makefile:64: BareMetal_GPIO_PWM_LED.elf] Error 1
"make -j12 all" terminated with exit code 2. Build might be incomplete.
13:44:10 **** Incremental Build of configuration Debug for project BareMetal_GPIO_PWM_LED ****
make -j12 all 
arm-none-eabi-gcc "../Core/Src/stm32g0xx_it.c" -mcpu=cortex-m0plus -std=gnu11 -g3 -DDEBUG -DUSE_HAL_DRIVER -DSTM32G0B1xx -c -I../Core/Inc -I../Drivers/STM32G0xx_HAL_Driver/Inc -I../Drivers/STM32G0xx_HAL_Driver/Inc/Legacy -I../Drivers/CMSIS/Device/ST/STM32G0xx/Include -I../Drivers/CMSIS/Include -O0 -ffunction-sections -fdata-sections -Wall -fstack-usage -fcyclomatic-complexity -MMD -MP -MF"Core/Src/stm32g0xx_it.d" -MT"Core/Src/stm32g0xx_it.o" --specs=nano.specs -mfloat-abi=soft -mthumb -o "Core/Src/stm32g0xx_it.o"
../Core/Src/stm32g0xx_it.c: In function 'TIM1_BRK_UP_TRG_COM_IRQHandler':
../Core/Src/stm32g0xx_it.c:151:23: error: 'htim1' undeclared (first use in this function); did you mean 'htim2'?
  151 |   HAL_TIM_IRQHandler(&htim1);
      |                       ^~~~~
      |                       htim2
../Core/Src/stm32g0xx_it.c:151:23: note: each undeclared identifier is reported only once for each function it appears in
../Core/Src/stm32g0xx_it.c: In function 'TIM1_CC_IRQHandler':
../Core/Src/stm32g0xx_it.c:165:23: error: 'htim1' undeclared (first use in this function); did you mean 'htim2'?
  165 |   HAL_TIM_IRQHandler(&htim1);
      |                       ^~~~~
      |                       htim2
make: *** [Core/Src/subdir.mk:34: Core/Src/stm32g0xx_it.o] Error 1
"make -j12 all" terminated with exit code 2. Build might be incomplete.
13:44:20 **** Incremental Build of configuration Debug for project BareMetal_GPIO_PWM_LED ****
make -j12 all 
arm-none-eabi-gcc "../Core/Src/stm32g0xx_it.c" -mcpu=cortex-m0plus -std=gnu11 -g3 -DDEBUG -DUSE_HAL_DRIVER -DSTM32G0B1xx -c -I../Core/Inc -I../Drivers/STM32G0xx_HAL_Driver/Inc -I../Drivers/STM32G0xx_HAL_Driver/Inc/Legacy -I../Drivers/CMSIS/Device/ST/STM32G0xx/Include -I../Drivers/CMSIS/Include -O0 -ffunction-sections -fdata-sections -Wall -fstack-usage -fcyclomatic-complexity -MMD -MP -MF"Core/Src/stm32g0xx_it.d" -MT"Core/Src/stm32g0xx_it.o" --specs=nano.specs -mfloat-abi=soft -mthumb -o "Core/Src/stm32g0xx_it.o"
../Core/Src/stm32g0xx_it.c: In function 'TIM1_CC_IRQHandler':
../Core/Src/stm32g0xx_it.c:165:23: error: 'htim1' undeclared (first use in this function); did you mean 'htim2'?
  165 |   HAL_TIM_IRQHandler(&htim1);
      |                       ^~~~~
      |                       htim2
../Core/Src/stm32g0xx_it.c:165:23: note: each undeclared identifier is reported only once for each function it appears in
make: *** [Core/Src/subdir.mk:34: Core/Src/stm32g0xx_it.o] Error 1
"make -j12 all" terminated with exit code 2. Build might be incomplete.
13:44:29 **** Incremental Build of configuration Debug for project BareMetal_GPIO_PWM_LED ****
make -j12 all 
arm-none-eabi-gcc "../Core/Src/stm32g0xx_it.c" -mcpu=cortex-m0plus -std=gnu11 -g3 -DDEBUG -DUSE_HAL_DRIVER -DSTM32G0B1xx -c -I../Core/Inc -I../Drivers/STM32G0xx_HAL_Driver/Inc -I../Drivers/STM32G0xx_HAL_Driver/Inc/Legacy -I../Drivers/CMSIS/Device/ST/STM32G0xx/Include -I../Drivers/CMSIS/Include -O0 -ffunction-sections -fdata-sections -Wall -fstack-usage -fcyclomatic-complexity -MMD -MP -MF"Core/Src/stm32g0xx_it.d" -MT"Core/Src/stm32g0xx_it.o" --specs=nano.specs -mfloat-abi=soft -mthumb -o "Core/Src/stm32g0xx_it.o"
arm-none-eabi-gcc -o "BareMetal_GPIO_PWM_LED.elf" @"objects.list"   -mcpu=cortex-m0plus -T"C:\Users\ramekp\Desktop\STM32_Projects\Version_1_19\BareMetal_GPIO_PWM_LED\BareMetal_GPIO_PWM_LED\STM32G0B1RETX_FLASH.ld" --specs=nosys.specs -Wl,-Map="BareMetal_GPIO_PWM_LED.map" -Wl,--gc-sections -static --specs=nano.specs -mfloat-abi=soft -mthumb -Wl,--start-group -lc -lm -Wl,--end-group
Finished building target: BareMetal_GPIO_PWM_LED.elf
 
arm-none-eabi-size  BareMetal_GPIO_PWM_LED.elf 
arm-none-eabi-objdump -h -S BareMetal_GPIO_PWM_LED.elf  > "BareMetal_GPIO_PWM_LED.list"
   text	   data	    bss	    dec	    hex	filename
  17856	     20	   1796	  19672	   4cd8	BareMetal_GPIO_PWM_LED.elf
Finished building: default.size.stdout
 
Finished building: BareMetal_GPIO_PWM_LED.list
 
13:44:36 **** Incremental Build of configuration Debug for project BareMetal_GPIO_PWM_LED ****
make -j12 all 
arm-none-eabi-size  BareMetal_GPIO_PWM_LED.elf 
   text	   data	    bss	    dec	    hex	filename
  17856	     20	   1796	  19672	   4cd8	BareMetal_GPIO_PWM_LED.elf
Finished building: default.size.stdout
 
13:48:00 **** Incremental Build of configuration Debug for project BareMetal_GPIO_PWM_LED ****
make -j12 all 
arm-none-eabi-gcc "../Core/Src/stm32g0xx_it.c" -mcpu=cortex-m0plus -std=gnu11 -g3 -DDEBUG -DUSE_HAL_DRIVER -DSTM32G0B1xx -c -I../Core/Inc -I../Drivers/STM32G0xx_HAL_Driver/Inc -I../Drivers/STM32G0xx_HAL_Driver/Inc/Legacy -I../Drivers/CMSIS/Device/ST/STM32G0xx/Include -I../Drivers/CMSIS/Include -O0 -ffunction-sections -fdata-sections -Wall -fstack-usage -fcyclomatic-complexity -MMD -MP -MF"Core/Src/stm32g0xx_it.d" -MT"Core/Src/stm32g0xx_it.o" --specs=nano.specs -mfloat-abi=soft -mthumb -o "Core/Src/stm32g0xx_it.o"
arm-none-eabi-gcc -o "BareMetal_GPIO_PWM_LED.elf" @"objects.list"   -mcpu=cortex-m0plus -T"C:\Users\ramekp\Desktop\STM32_Projects\Version_1_19\BareMetal_GPIO_PWM_LED\BareMetal_GPIO_PWM_LED\STM32G0B1RETX_FLASH.ld" --specs=nosys.specs -Wl,-Map="BareMetal_GPIO_PWM_LED.map" -Wl,--gc-sections -static --specs=nano.specs -mfloat-abi=soft -mthumb -Wl,--start-group -lc -lm -Wl,--end-group
Finished building target: BareMetal_GPIO_PWM_LED.elf
 
arm-none-eabi-size  BareMetal_GPIO_PWM_LED.elf 
arm-none-eabi-objdump -h -S BareMetal_GPIO_PWM_LED.elf  > "BareMetal_GPIO_PWM_LED.list"
   text	   data	    bss	    dec	    hex	filename
  17148	     20	   1796	  18964	   4a14	BareMetal_GPIO_PWM_LED.elf
Finished building: default.size.stdout
 
Finished building: BareMetal_GPIO_PWM_LED.list
 
13:48:15 **** Incremental Build of configuration Debug for project BareMetal_GPIO_PWM_LED ****
make -j12 all 
arm-none-eabi-gcc "../Core/Src/main.c" -mcpu=cortex-m0plus -std=gnu11 -g3 -DDEBUG -DUSE_HAL_DRIVER -DSTM32G0B1xx -c -I../Core/Inc -I../Drivers/STM32G0xx_HAL_Driver/Inc -I../Drivers/STM32G0xx_HAL_Driver/Inc/Legacy -I../Drivers/CMSIS/Device/ST/STM32G0xx/Include -I../Drivers/CMSIS/Include -O0 -ffunction-sections -fdata-sections -Wall -fstack-usage -fcyclomatic-complexity -MMD -MP -MF"Core/Src/main.d" -MT"Core/Src/main.o" --specs=nano.specs -mfloat-abi=soft -mthumb -o "Core/Src/main.o"
arm-none-eabi-gcc -o "BareMetal_GPIO_PWM_LED.elf" @"objects.list"   -mcpu=cortex-m0plus -T"C:\Users\ramekp\Desktop\STM32_Projects\Version_1_19\BareMetal_GPIO_PWM_LED\BareMetal_GPIO_PWM_LED\STM32G0B1RETX_FLASH.ld" --specs=nosys.specs -Wl,-Map="BareMetal_GPIO_PWM_LED.map" -Wl,--gc-sections -static --specs=nano.specs -mfloat-abi=soft -mthumb -Wl,--start-group -lc -lm -Wl,--end-group
Finished building target: BareMetal_GPIO_PWM_LED.elf
 
arm-none-eabi-size  BareMetal_GPIO_PWM_LED.elf 
arm-none-eabi-objdump -h -S BareMetal_GPIO_PWM_LED.elf  > "BareMetal_GPIO_PWM_LED.list"
   text	   data	    bss	    dec	    hex	filename
  17152	     20	   1796	  18968	   4a18	BareMetal_GPIO_PWM_LED.elf
Finished building: default.size.stdout
 
Finished building: BareMetal_GPIO_PWM_LED.list
 
13:48:41 **** Incremental Build of configuration Debug for project BareMetal_GPIO_PWM_LED ****
make -j12 all 
arm-none-eabi-size  BareMetal_GPIO_PWM_LED.elf 
   text	   data	    bss	    dec	    hex	filename
  17152	     20	   1796	  18968	   4a18	BareMetal_GPIO_PWM_LED.elf
Finished building: default.size.stdout
 
