18:45:48 **** Build of configuration Debug for project BareMetal_Serial_RS485_Board1_Bidirectional_Serial_Loopback ****
make -j12 all 
arm-none-eabi-gcc "../Drivers/STM32G0xx_HAL_Driver/Src/stm32g0xx_hal.c" -mcpu=cortex-m0plus -std=gnu11 -g3 -DDEBUG -DUSE_HAL_DRIVER -DSTM32G0B1xx -c -I../Core/Inc -I../Drivers/STM32G0xx_HAL_Driver/Inc -I../Drivers/STM32G0xx_HAL_Driver/Inc/Legacy -I../Drivers/CMSIS/Device/ST/STM32G0xx/Include -I../Drivers/CMSIS/Include -O0 -ffunction-sections -fdata-sections -Wall -fstack-usage -fcyclomatic-complexity -MMD -MP -MF"Drivers/STM32G0xx_HAL_Driver/Src/stm32g0xx_hal.d" -MT"Drivers/STM32G0xx_HAL_Driver/Src/stm32g0xx_hal.o" --specs=nano.specs -mfloat-abi=soft -mthumb -o "Drivers/STM32G0xx_HAL_Driver/Src/stm32g0xx_hal.o"
arm-none-eabi-gcc "../Drivers/STM32G0xx_HAL_Driver/Src/stm32g0xx_hal_cortex.c" -mcpu=cortex-m0plus -std=gnu11 -g3 -DDEBUG -DUSE_HAL_DRIVER -DSTM32G0B1xx -c -I../Core/Inc -I../Drivers/STM32G0xx_HAL_Driver/Inc -I../Drivers/STM32G0xx_HAL_Driver/Inc/Legacy -I../Drivers/CMSIS/Device/ST/STM32G0xx/Include -I../Drivers/CMSIS/Include -O0 -ffunction-sections -fdata-sections -Wall -fstack-usage -fcyclomatic-complexity -MMD -MP -MF"Drivers/STM32G0xx_HAL_Driver/Src/stm32g0xx_hal_cortex.d" -MT"Drivers/STM32G0xx_HAL_Driver/Src/stm32g0xx_hal_cortex.o" --specs=nano.specs -mfloat-abi=soft -mthumb -o "Drivers/STM32G0xx_HAL_Driver/Src/stm32g0xx_hal_cortex.o"
arm-none-eabi-gcc "../Drivers/STM32G0xx_HAL_Driver/Src/stm32g0xx_hal_dma.c" -mcpu=cortex-m0plus -std=gnu11 -g3 -DDEBUG -DUSE_HAL_DRIVER -DSTM32G0B1xx -c -I../Core/Inc -I../Drivers/STM32G0xx_HAL_Driver/Inc -I../Drivers/STM32G0xx_HAL_Driver/Inc/Legacy -I../Drivers/CMSIS/Device/ST/STM32G0xx/Include -I../Drivers/CMSIS/Include -O0 -ffunction-sections -fdata-sections -Wall -fstack-usage -fcyclomatic-complexity -MMD -MP -MF"Drivers/STM32G0xx_HAL_Driver/Src/stm32g0xx_hal_dma.d" -MT"Drivers/STM32G0xx_HAL_Driver/Src/stm32g0xx_hal_dma.o" --specs=nano.specs -mfloat-abi=soft -mthumb -o "Drivers/STM32G0xx_HAL_Driver/Src/stm32g0xx_hal_dma.o"
arm-none-eabi-gcc "../Drivers/STM32G0xx_HAL_Driver/Src/stm32g0xx_hal_dma_ex.c" -mcpu=cortex-m0plus -std=gnu11 -g3 -DDEBUG -DUSE_HAL_DRIVER -DSTM32G0B1xx -c -I../Core/Inc -I../Drivers/STM32G0xx_HAL_Driver/Inc -I../Drivers/STM32G0xx_HAL_Driver/Inc/Legacy -I../Drivers/CMSIS/Device/ST/STM32G0xx/Include -I../Drivers/CMSIS/Include -O0 -ffunction-sections -fdata-sections -Wall -fstack-usage -fcyclomatic-complexity -MMD -MP -MF"Drivers/STM32G0xx_HAL_Driver/Src/stm32g0xx_hal_dma_ex.d" -MT"Drivers/STM32G0xx_HAL_Driver/Src/stm32g0xx_hal_dma_ex.o" --specs=nano.specs -mfloat-abi=soft -mthumb -o "Drivers/STM32G0xx_HAL_Driver/Src/stm32g0xx_hal_dma_ex.o"
arm-none-eabi-gcc "../Drivers/STM32G0xx_HAL_Driver/Src/stm32g0xx_hal_exti.c" -mcpu=cortex-m0plus -std=gnu11 -g3 -DDEBUG -DUSE_HAL_DRIVER -DSTM32G0B1xx -c -I../Core/Inc -I../Drivers/STM32G0xx_HAL_Driver/Inc -I../Drivers/STM32G0xx_HAL_Driver/Inc/Legacy -I../Drivers/CMSIS/Device/ST/STM32G0xx/Include -I../Drivers/CMSIS/Include -O0 -ffunction-sections -fdata-sections -Wall -fstack-usage -fcyclomatic-complexity -MMD -MP -MF"Drivers/STM32G0xx_HAL_Driver/Src/stm32g0xx_hal_exti.d" -MT"Drivers/STM32G0xx_HAL_Driver/Src/stm32g0xx_hal_exti.o" --specs=nano.specs -mfloat-abi=soft -mthumb -o "Drivers/STM32G0xx_HAL_Driver/Src/stm32g0xx_hal_exti.o"
arm-none-eabi-gcc "../Drivers/STM32G0xx_HAL_Driver/Src/stm32g0xx_hal_flash.c" -mcpu=cortex-m0plus -std=gnu11 -g3 -DDEBUG -DUSE_HAL_DRIVER -DSTM32G0B1xx -c -I../Core/Inc -I../Drivers/STM32G0xx_HAL_Driver/Inc -I../Drivers/STM32G0xx_HAL_Driver/Inc/Legacy -I../Drivers/CMSIS/Device/ST/STM32G0xx/Include -I../Drivers/CMSIS/Include -O0 -ffunction-sections -fdata-sections -Wall -fstack-usage -fcyclomatic-complexity -MMD -MP -MF"Drivers/STM32G0xx_HAL_Driver/Src/stm32g0xx_hal_flash.d" -MT"Drivers/STM32G0xx_HAL_Driver/Src/stm32g0xx_hal_flash.o" --specs=nano.specs -mfloat-abi=soft -mthumb -o "Drivers/STM32G0xx_HAL_Driver/Src/stm32g0xx_hal_flash.o"
arm-none-eabi-gcc "../Drivers/STM32G0xx_HAL_Driver/Src/stm32g0xx_hal_flash_ex.c" -mcpu=cortex-m0plus -std=gnu11 -g3 -DDEBUG -DUSE_HAL_DRIVER -DSTM32G0B1xx -c -I../Core/Inc -I../Drivers/STM32G0xx_HAL_Driver/Inc -I../Drivers/STM32G0xx_HAL_Driver/Inc/Legacy -I../Drivers/CMSIS/Device/ST/STM32G0xx/Include -I../Drivers/CMSIS/Include -O0 -ffunction-sections -fdata-sections -Wall -fstack-usage -fcyclomatic-complexity -MMD -MP -MF"Drivers/STM32G0xx_HAL_Driver/Src/stm32g0xx_hal_flash_ex.d" -MT"Drivers/STM32G0xx_HAL_Driver/Src/stm32g0xx_hal_flash_ex.o" --specs=nano.specs -mfloat-abi=soft -mthumb -o "Drivers/STM32G0xx_HAL_Driver/Src/stm32g0xx_hal_flash_ex.o"
arm-none-eabi-gcc "../Drivers/STM32G0xx_HAL_Driver/Src/stm32g0xx_hal_gpio.c" -mcpu=cortex-m0plus -std=gnu11 -g3 -DDEBUG -DUSE_HAL_DRIVER -DSTM32G0B1xx -c -I../Core/Inc -I../Drivers/STM32G0xx_HAL_Driver/Inc -I../Drivers/STM32G0xx_HAL_Driver/Inc/Legacy -I../Drivers/CMSIS/Device/ST/STM32G0xx/Include -I../Drivers/CMSIS/Include -O0 -ffunction-sections -fdata-sections -Wall -fstack-usage -fcyclomatic-complexity -MMD -MP -MF"Drivers/STM32G0xx_HAL_Driver/Src/stm32g0xx_hal_gpio.d" -MT"Drivers/STM32G0xx_HAL_Driver/Src/stm32g0xx_hal_gpio.o" --specs=nano.specs -mfloat-abi=soft -mthumb -o "Drivers/STM32G0xx_HAL_Driver/Src/stm32g0xx_hal_gpio.o"
arm-none-eabi-gcc "../Drivers/STM32G0xx_HAL_Driver/Src/stm32g0xx_hal_pwr.c" -mcpu=cortex-m0plus -std=gnu11 -g3 -DDEBUG -DUSE_HAL_DRIVER -DSTM32G0B1xx -c -I../Core/Inc -I../Drivers/STM32G0xx_HAL_Driver/Inc -I../Drivers/STM32G0xx_HAL_Driver/Inc/Legacy -I../Drivers/CMSIS/Device/ST/STM32G0xx/Include -I../Drivers/CMSIS/Include -O0 -ffunction-sections -fdata-sections -Wall -fstack-usage -fcyclomatic-complexity -MMD -MP -MF"Drivers/STM32G0xx_HAL_Driver/Src/stm32g0xx_hal_pwr.d" -MT"Drivers/STM32G0xx_HAL_Driver/Src/stm32g0xx_hal_pwr.o" --specs=nano.specs -mfloat-abi=soft -mthumb -o "Drivers/STM32G0xx_HAL_Driver/Src/stm32g0xx_hal_pwr.o"
arm-none-eabi-gcc "../Drivers/STM32G0xx_HAL_Driver/Src/stm32g0xx_hal_pwr_ex.c" -mcpu=cortex-m0plus -std=gnu11 -g3 -DDEBUG -DUSE_HAL_DRIVER -DSTM32G0B1xx -c -I../Core/Inc -I../Drivers/STM32G0xx_HAL_Driver/Inc -I../Drivers/STM32G0xx_HAL_Driver/Inc/Legacy -I../Drivers/CMSIS/Device/ST/STM32G0xx/Include -I../Drivers/CMSIS/Include -O0 -ffunction-sections -fdata-sections -Wall -fstack-usage -fcyclomatic-complexity -MMD -MP -MF"Drivers/STM32G0xx_HAL_Driver/Src/stm32g0xx_hal_pwr_ex.d" -MT"Drivers/STM32G0xx_HAL_Driver/Src/stm32g0xx_hal_pwr_ex.o" --specs=nano.specs -mfloat-abi=soft -mthumb -o "Drivers/STM32G0xx_HAL_Driver/Src/stm32g0xx_hal_pwr_ex.o"
arm-none-eabi-gcc "../Drivers/STM32G0xx_HAL_Driver/Src/stm32g0xx_hal_rcc.c" -mcpu=cortex-m0plus -std=gnu11 -g3 -DDEBUG -DUSE_HAL_DRIVER -DSTM32G0B1xx -c -I../Core/Inc -I../Drivers/STM32G0xx_HAL_Driver/Inc -I../Drivers/STM32G0xx_HAL_Driver/Inc/Legacy -I../Drivers/CMSIS/Device/ST/STM32G0xx/Include -I../Drivers/CMSIS/Include -O0 -ffunction-sections -fdata-sections -Wall -fstack-usage -fcyclomatic-complexity -MMD -MP -MF"Drivers/STM32G0xx_HAL_Driver/Src/stm32g0xx_hal_rcc.d" -MT"Drivers/STM32G0xx_HAL_Driver/Src/stm32g0xx_hal_rcc.o" --specs=nano.specs -mfloat-abi=soft -mthumb -o "Drivers/STM32G0xx_HAL_Driver/Src/stm32g0xx_hal_rcc.o"
arm-none-eabi-gcc "../Drivers/STM32G0xx_HAL_Driver/Src/stm32g0xx_hal_rcc_ex.c" -mcpu=cortex-m0plus -std=gnu11 -g3 -DDEBUG -DUSE_HAL_DRIVER -DSTM32G0B1xx -c -I../Core/Inc -I../Drivers/STM32G0xx_HAL_Driver/Inc -I../Drivers/STM32G0xx_HAL_Driver/Inc/Legacy -I../Drivers/CMSIS/Device/ST/STM32G0xx/Include -I../Drivers/CMSIS/Include -O0 -ffunction-sections -fdata-sections -Wall -fstack-usage -fcyclomatic-complexity -MMD -MP -MF"Drivers/STM32G0xx_HAL_Driver/Src/stm32g0xx_hal_rcc_ex.d" -MT"Drivers/STM32G0xx_HAL_Driver/Src/stm32g0xx_hal_rcc_ex.o" --specs=nano.specs -mfloat-abi=soft -mthumb -o "Drivers/STM32G0xx_HAL_Driver/Src/stm32g0xx_hal_rcc_ex.o"
arm-none-eabi-gcc "../Drivers/STM32G0xx_HAL_Driver/Src/stm32g0xx_hal_uart.c" -mcpu=cortex-m0plus -std=gnu11 -g3 -DDEBUG -DUSE_HAL_DRIVER -DSTM32G0B1xx -c -I../Core/Inc -I../Drivers/STM32G0xx_HAL_Driver/Inc -I../Drivers/STM32G0xx_HAL_Driver/Inc/Legacy -I../Drivers/CMSIS/Device/ST/STM32G0xx/Include -I../Drivers/CMSIS/Include -O0 -ffunction-sections -fdata-sections -Wall -fstack-usage -fcyclomatic-complexity -MMD -MP -MF"Drivers/STM32G0xx_HAL_Driver/Src/stm32g0xx_hal_uart.d" -MT"Drivers/STM32G0xx_HAL_Driver/Src/stm32g0xx_hal_uart.o" --specs=nano.specs -mfloat-abi=soft -mthumb -o "Drivers/STM32G0xx_HAL_Driver/Src/stm32g0xx_hal_uart.o"
arm-none-eabi-gcc "../Drivers/STM32G0xx_HAL_Driver/Src/stm32g0xx_hal_uart_ex.c" -mcpu=cortex-m0plus -std=gnu11 -g3 -DDEBUG -DUSE_HAL_DRIVER -DSTM32G0B1xx -c -I../Core/Inc -I../Drivers/STM32G0xx_HAL_Driver/Inc -I../Drivers/STM32G0xx_HAL_Driver/Inc/Legacy -I../Drivers/CMSIS/Device/ST/STM32G0xx/Include -I../Drivers/CMSIS/Include -O0 -ffunction-sections -fdata-sections -Wall -fstack-usage -fcyclomatic-complexity -MMD -MP -MF"Drivers/STM32G0xx_HAL_Driver/Src/stm32g0xx_hal_uart_ex.d" -MT"Drivers/STM32G0xx_HAL_Driver/Src/stm32g0xx_hal_uart_ex.o" --specs=nano.specs -mfloat-abi=soft -mthumb -o "Drivers/STM32G0xx_HAL_Driver/Src/stm32g0xx_hal_uart_ex.o"
arm-none-eabi-gcc "../Drivers/STM32G0xx_HAL_Driver/Src/stm32g0xx_ll_rcc.c" -mcpu=cortex-m0plus -std=gnu11 -g3 -DDEBUG -DUSE_HAL_DRIVER -DSTM32G0B1xx -c -I../Core/Inc -I../Drivers/STM32G0xx_HAL_Driver/Inc -I../Drivers/STM32G0xx_HAL_Driver/Inc/Legacy -I../Drivers/CMSIS/Device/ST/STM32G0xx/Include -I../Drivers/CMSIS/Include -O0 -ffunction-sections -fdata-sections -Wall -fstack-usage -fcyclomatic-complexity -MMD -MP -MF"Drivers/STM32G0xx_HAL_Driver/Src/stm32g0xx_ll_rcc.d" -MT"Drivers/STM32G0xx_HAL_Driver/Src/stm32g0xx_ll_rcc.o" --specs=nano.specs -mfloat-abi=soft -mthumb -o "Drivers/STM32G0xx_HAL_Driver/Src/stm32g0xx_ll_rcc.o"
arm-none-eabi-gcc -mcpu=cortex-m0plus -g3 -DDEBUG -c -x assembler-with-cpp -MMD -MP -MF"Core/Startup/startup_stm32g0b1retx.d" -MT"Core/Startup/startup_stm32g0b1retx.o" --specs=nano.specs -mfloat-abi=soft -mthumb -o "Core/Startup/startup_stm32g0b1retx.o" "../Core/Startup/startup_stm32g0b1retx.s"
arm-none-eabi-gcc "../Core/Src/gpio.c" -mcpu=cortex-m0plus -std=gnu11 -g3 -DDEBUG -DUSE_HAL_DRIVER -DSTM32G0B1xx -c -I../Core/Inc -I../Drivers/STM32G0xx_HAL_Driver/Inc -I../Drivers/STM32G0xx_HAL_Driver/Inc/Legacy -I../Drivers/CMSIS/Device/ST/STM32G0xx/Include -I../Drivers/CMSIS/Include -O0 -ffunction-sections -fdata-sections -Wall -fstack-usage -fcyclomatic-complexity -MMD -MP -MF"Core/Src/gpio.d" -MT"Core/Src/gpio.o" --specs=nano.specs -mfloat-abi=soft -mthumb -o "Core/Src/gpio.o"
arm-none-eabi-gcc "../Core/Src/main.c" -mcpu=cortex-m0plus -std=gnu11 -g3 -DDEBUG -DUSE_HAL_DRIVER -DSTM32G0B1xx -c -I../Core/Inc -I../Drivers/STM32G0xx_HAL_Driver/Inc -I../Drivers/STM32G0xx_HAL_Driver/Inc/Legacy -I../Drivers/CMSIS/Device/ST/STM32G0xx/Include -I../Drivers/CMSIS/Include -O0 -ffunction-sections -fdata-sections -Wall -fstack-usage -fcyclomatic-complexity -MMD -MP -MF"Core/Src/main.d" -MT"Core/Src/main.o" --specs=nano.specs -mfloat-abi=soft -mthumb -o "Core/Src/main.o"
arm-none-eabi-gcc "../Core/Src/stm32g0xx_hal_msp.c" -mcpu=cortex-m0plus -std=gnu11 -g3 -DDEBUG -DUSE_HAL_DRIVER -DSTM32G0B1xx -c -I../Core/Inc -I../Drivers/STM32G0xx_HAL_Driver/Inc -I../Drivers/STM32G0xx_HAL_Driver/Inc/Legacy -I../Drivers/CMSIS/Device/ST/STM32G0xx/Include -I../Drivers/CMSIS/Include -O0 -ffunction-sections -fdata-sections -Wall -fstack-usage -fcyclomatic-complexity -MMD -MP -MF"Core/Src/stm32g0xx_hal_msp.d" -MT"Core/Src/stm32g0xx_hal_msp.o" --specs=nano.specs -mfloat-abi=soft -mthumb -o "Core/Src/stm32g0xx_hal_msp.o"
arm-none-eabi-gcc "../Core/Src/stm32g0xx_it.c" -mcpu=cortex-m0plus -std=gnu11 -g3 -DDEBUG -DUSE_HAL_DRIVER -DSTM32G0B1xx -c -I../Core/Inc -I../Drivers/STM32G0xx_HAL_Driver/Inc -I../Drivers/STM32G0xx_HAL_Driver/Inc/Legacy -I../Drivers/CMSIS/Device/ST/STM32G0xx/Include -I../Drivers/CMSIS/Include -O0 -ffunction-sections -fdata-sections -Wall -fstack-usage -fcyclomatic-complexity -MMD -MP -MF"Core/Src/stm32g0xx_it.d" -MT"Core/Src/stm32g0xx_it.o" --specs=nano.specs -mfloat-abi=soft -mthumb -o "Core/Src/stm32g0xx_it.o"
arm-none-eabi-gcc "../Core/Src/syscalls.c" -mcpu=cortex-m0plus -std=gnu11 -g3 -DDEBUG -DUSE_HAL_DRIVER -DSTM32G0B1xx -c -I../Core/Inc -I../Drivers/STM32G0xx_HAL_Driver/Inc -I../Drivers/STM32G0xx_HAL_Driver/Inc/Legacy -I../Drivers/CMSIS/Device/ST/STM32G0xx/Include -I../Drivers/CMSIS/Include -O0 -ffunction-sections -fdata-sections -Wall -fstack-usage -fcyclomatic-complexity -MMD -MP -MF"Core/Src/syscalls.d" -MT"Core/Src/syscalls.o" --specs=nano.specs -mfloat-abi=soft -mthumb -o "Core/Src/syscalls.o"
arm-none-eabi-gcc "../Core/Src/sysmem.c" -mcpu=cortex-m0plus -std=gnu11 -g3 -DDEBUG -DUSE_HAL_DRIVER -DSTM32G0B1xx -c -I../Core/Inc -I../Drivers/STM32G0xx_HAL_Driver/Inc -I../Drivers/STM32G0xx_HAL_Driver/Inc/Legacy -I../Drivers/CMSIS/Device/ST/STM32G0xx/Include -I../Drivers/CMSIS/Include -O0 -ffunction-sections -fdata-sections -Wall -fstack-usage -fcyclomatic-complexity -MMD -MP -MF"Core/Src/sysmem.d" -MT"Core/Src/sysmem.o" --specs=nano.specs -mfloat-abi=soft -mthumb -o "Core/Src/sysmem.o"
arm-none-eabi-gcc "../Core/Src/system_stm32g0xx.c" -mcpu=cortex-m0plus -std=gnu11 -g3 -DDEBUG -DUSE_HAL_DRIVER -DSTM32G0B1xx -c -I../Core/Inc -I../Drivers/STM32G0xx_HAL_Driver/Inc -I../Drivers/STM32G0xx_HAL_Driver/Inc/Legacy -I../Drivers/CMSIS/Device/ST/STM32G0xx/Include -I../Drivers/CMSIS/Include -O0 -ffunction-sections -fdata-sections -Wall -fstack-usage -fcyclomatic-complexity -MMD -MP -MF"Core/Src/system_stm32g0xx.d" -MT"Core/Src/system_stm32g0xx.o" --specs=nano.specs -mfloat-abi=soft -mthumb -o "Core/Src/system_stm32g0xx.o"
arm-none-eabi-gcc "../Core/Src/usart.c" -mcpu=cortex-m0plus -std=gnu11 -g3 -DDEBUG -DUSE_HAL_DRIVER -DSTM32G0B1xx -c -I../Core/Inc -I../Drivers/STM32G0xx_HAL_Driver/Inc -I../Drivers/STM32G0xx_HAL_Driver/Inc/Legacy -I../Drivers/CMSIS/Device/ST/STM32G0xx/Include -I../Drivers/CMSIS/Include -O0 -ffunction-sections -fdata-sections -Wall -fstack-usage -fcyclomatic-complexity -MMD -MP -MF"Core/Src/usart.d" -MT"Core/Src/usart.o" --specs=nano.specs -mfloat-abi=soft -mthumb -o "Core/Src/usart.o"
arm-none-eabi-gcc -o "BareMetal_Serial_RS485_Board1_Bidirectional_Serial_Loopback.elf" @"objects.list"   -mcpu=cortex-m0plus -T"C:\Users\ramekp\Desktop\STM32_Projects\Version_1_19\BareMetal_Serial_RS485_Board1_Bidirectional_Serial_Loopback\BareMetal_Serial_RS485_Board1_Bidirectional_Serial_Loopback\STM32G0B1RETX_FLASH.ld" --specs=nosys.specs -Wl,-Map="BareMetal_Serial_RS485_Board1_Bidirectional_Serial_Loopback.map" -Wl,--gc-sections -static --specs=nano.specs -mfloat-abi=soft -mthumb -Wl,--start-group -lc -lm -Wl,--end-group
Finished building target: BareMetal_Serial_RS485_Board1_Bidirectional_Serial_Loopback.elf
 
arm-none-eabi-size  BareMetal_Serial_RS485_Board1_Bidirectional_Serial_Loopback.elf 
arm-none-eabi-objdump -h -S BareMetal_Serial_RS485_Board1_Bidirectional_Serial_Loopback.elf  > "BareMetal_Serial_RS485_Board1_Bidirectional_Serial_Loopback.list"
   text	   data	    bss	    dec	    hex	filename
  12136	     12	   2012	  14160	   3750	BareMetal_Serial_RS485_Board1_Bidirectional_Serial_Loopback.elf
Finished building: default.size.stdout
 
Finished building: BareMetal_Serial_RS485_Board1_Bidirectional_Serial_Loopback.list
 
18:48:42 **** Incremental Build of configuration Debug for project BareMetal_Serial_RS485_Board1_Bidirectional_Serial_Loopback ****
make -j12 all 
arm-none-eabi-gcc "../Core/Src/main.c" -mcpu=cortex-m0plus -std=gnu11 -g3 -DDEBUG -DUSE_HAL_DRIVER -DSTM32G0B1xx -c -I../Core/Inc -I../Drivers/STM32G0xx_HAL_Driver/Inc -I../Drivers/STM32G0xx_HAL_Driver/Inc/Legacy -I../Drivers/CMSIS/Device/ST/STM32G0xx/Include -I../Drivers/CMSIS/Include -O0 -ffunction-sections -fdata-sections -Wall -fstack-usage -fcyclomatic-complexity -MMD -MP -MF"Core/Src/main.d" -MT"Core/Src/main.o" --specs=nano.specs -mfloat-abi=soft -mthumb -o "Core/Src/main.o"
arm-none-eabi-gcc -o "BareMetal_Serial_RS485_Board1_Bidirectional_Serial_Loopback.elf" @"objects.list"   -mcpu=cortex-m0plus -T"C:\Users\ramekp\Desktop\STM32_Projects\Version_1_19\BareMetal_Serial_RS485_Board1_Bidirectional_Serial_Loopback\BareMetal_Serial_RS485_Board1_Bidirectional_Serial_Loopback\STM32G0B1RETX_FLASH.ld" --specs=nosys.specs -Wl,-Map="BareMetal_Serial_RS485_Board1_Bidirectional_Serial_Loopback.map" -Wl,--gc-sections -static --specs=nano.specs -mfloat-abi=soft -mthumb -Wl,--start-group -lc -lm -Wl,--end-group
Finished building target: BareMetal_Serial_RS485_Board1_Bidirectional_Serial_Loopback.elf
 
arm-none-eabi-size  BareMetal_Serial_RS485_Board1_Bidirectional_Serial_Loopback.elf 
arm-none-eabi-objdump -h -S BareMetal_Serial_RS485_Board1_Bidirectional_Serial_Loopback.elf  > "BareMetal_Serial_RS485_Board1_Bidirectional_Serial_Loopback.list"
   text	   data	    bss	    dec	    hex	filename
  12136	     12	   2012	  14160	   3750	BareMetal_Serial_RS485_Board1_Bidirectional_Serial_Loopback.elf
Finished building: default.size.stdout
 
Finished building: BareMetal_Serial_RS485_Board1_Bidirectional_Serial_Loopback.list
 
18:50:15 **** Incremental Build of configuration Debug for project BareMetal_Serial_RS485_Board1_Bidirectional_Serial_Loopback ****
make -j12 all 
arm-none-eabi-gcc "../Core/Src/main.c" -mcpu=cortex-m0plus -std=gnu11 -g3 -DDEBUG -DUSE_HAL_DRIVER -DSTM32G0B1xx -c -I../Core/Inc -I../Drivers/STM32G0xx_HAL_Driver/Inc -I../Drivers/STM32G0xx_HAL_Driver/Inc/Legacy -I../Drivers/CMSIS/Device/ST/STM32G0xx/Include -I../Drivers/CMSIS/Include -O0 -ffunction-sections -fdata-sections -Wall -fstack-usage -fcyclomatic-complexity -MMD -MP -MF"Core/Src/main.d" -MT"Core/Src/main.o" --specs=nano.specs -mfloat-abi=soft -mthumb -o "Core/Src/main.o"
../Core/Src/main.c: In function 'uart2_print':
../Core/Src/main.c:28:55: warning: implicit declaration of function 'strlen' [-Wimplicit-function-declaration]
   28 |     HAL_UART_Transmit(&huart2, (uint8_t*)s, (uint16_t)strlen(s), 50U);
      |                                                       ^~~~~~
../Core/Src/main.c:4:1: note: include '<string.h>' or provide a declaration of 'strlen'
    3 | #include "gpio.h"
  +++ |+#include <string.h>
    4 | 
../Core/Src/main.c:28:55: warning: incompatible implicit declaration of built-in function 'strlen' [-Wbuiltin-declaration-mismatch]
   28 |     HAL_UART_Transmit(&huart2, (uint8_t*)s, (uint16_t)strlen(s), 50U);
      |                                                       ^~~~~~
../Core/Src/main.c:28:55: note: include '<string.h>' or provide a declaration of 'strlen'
arm-none-eabi-gcc -o "BareMetal_Serial_RS485_Board1_Bidirectional_Serial_Loopback.elf" @"objects.list"   -mcpu=cortex-m0plus -T"C:\Users\ramekp\Desktop\STM32_Projects\Version_1_19\BareMetal_Serial_RS485_Board1_Bidirectional_Serial_Loopback\BareMetal_Serial_RS485_Board1_Bidirectional_Serial_Loopback\STM32G0B1RETX_FLASH.ld" --specs=nosys.specs -Wl,-Map="BareMetal_Serial_RS485_Board1_Bidirectional_Serial_Loopback.map" -Wl,--gc-sections -static --specs=nano.specs -mfloat-abi=soft -mthumb -Wl,--start-group -lc -lm -Wl,--end-group
Finished building target: BareMetal_Serial_RS485_Board1_Bidirectional_Serial_Loopback.elf
 
arm-none-eabi-size  BareMetal_Serial_RS485_Board1_Bidirectional_Serial_Loopback.elf 
arm-none-eabi-objdump -h -S BareMetal_Serial_RS485_Board1_Bidirectional_Serial_Loopback.elf  > "BareMetal_Serial_RS485_Board1_Bidirectional_Serial_Loopback.list"
   text	   data	    bss	    dec	    hex	filename
  12556	     12	   2012	  14580	   38f4	BareMetal_Serial_RS485_Board1_Bidirectional_Serial_Loopback.elf
Finished building: default.size.stdout
 
Finished building: BareMetal_Serial_RS485_Board1_Bidirectional_Serial_Loopback.list
 
18:50:32 **** Incremental Build of configuration Debug for project BareMetal_Serial_RS485_Board1_Bidirectional_Serial_Loopback ****
make -j12 all 
arm-none-eabi-gcc "../Core/Src/main.c" -mcpu=cortex-m0plus -std=gnu11 -g3 -DDEBUG -DUSE_HAL_DRIVER -DSTM32G0B1xx -c -I../Core/Inc -I../Drivers/STM32G0xx_HAL_Driver/Inc -I../Drivers/STM32G0xx_HAL_Driver/Inc/Legacy -I../Drivers/CMSIS/Device/ST/STM32G0xx/Include -I../Drivers/CMSIS/Include -O0 -ffunction-sections -fdata-sections -Wall -fstack-usage -fcyclomatic-complexity -MMD -MP -MF"Core/Src/main.d" -MT"Core/Src/main.o" --specs=nano.specs -mfloat-abi=soft -mthumb -o "Core/Src/main.o"
arm-none-eabi-gcc -o "BareMetal_Serial_RS485_Board1_Bidirectional_Serial_Loopback.elf" @"objects.list"   -mcpu=cortex-m0plus -T"C:\Users\ramekp\Desktop\STM32_Projects\Version_1_19\BareMetal_Serial_RS485_Board1_Bidirectional_Serial_Loopback\BareMetal_Serial_RS485_Board1_Bidirectional_Serial_Loopback\STM32G0B1RETX_FLASH.ld" --specs=nosys.specs -Wl,-Map="BareMetal_Serial_RS485_Board1_Bidirectional_Serial_Loopback.map" -Wl,--gc-sections -static --specs=nano.specs -mfloat-abi=soft -mthumb -Wl,--start-group -lc -lm -Wl,--end-group
Finished building target: BareMetal_Serial_RS485_Board1_Bidirectional_Serial_Loopback.elf
 
arm-none-eabi-size  BareMetal_Serial_RS485_Board1_Bidirectional_Serial_Loopback.elf 
arm-none-eabi-objdump -h -S BareMetal_Serial_RS485_Board1_Bidirectional_Serial_Loopback.elf  > "BareMetal_Serial_RS485_Board1_Bidirectional_Serial_Loopback.list"
   text	   data	    bss	    dec	    hex	filename
  12556	     12	   2012	  14580	   38f4	BareMetal_Serial_RS485_Board1_Bidirectional_Serial_Loopback.elf
Finished building: default.size.stdout
 
Finished building: BareMetal_Serial_RS485_Board1_Bidirectional_Serial_Loopback.list
 
18:50:49 **** Incremental Build of configuration Debug for project BareMetal_Serial_RS485_Board1_Bidirectional_Serial_Loopback ****
make -j12 all 
arm-none-eabi-size  BareMetal_Serial_RS485_Board1_Bidirectional_Serial_Loopback.elf 
   text	   data	    bss	    dec	    hex	filename
  12556	     12	   2012	  14580	   38f4	BareMetal_Serial_RS485_Board1_Bidirectional_Serial_Loopback.elf
Finished building: default.size.stdout
 
19:14:26 **** Incremental Build of configuration Debug for project BareMetal_Serial_RS485_Board1_Bidirectional_Serial_Loopback ****
make -j12 all 
arm-none-eabi-gcc "../Core/Src/main.c" -mcpu=cortex-m0plus -std=gnu11 -g3 -DDEBUG -DUSE_HAL_DRIVER -DSTM32G0B1xx -c -I../Core/Inc -I../Drivers/STM32G0xx_HAL_Driver/Inc -I../Drivers/STM32G0xx_HAL_Driver/Inc/Legacy -I../Drivers/CMSIS/Device/ST/STM32G0xx/Include -I../Drivers/CMSIS/Include -O0 -ffunction-sections -fdata-sections -Wall -fstack-usage -fcyclomatic-complexity -MMD -MP -MF"Core/Src/main.d" -MT"Core/Src/main.o" --specs=nano.specs -mfloat-abi=soft -mthumb -o "Core/Src/main.o"
../Core/Src/main.c: In function 'uart2_receive':
../Core/Src/main.c:35:9: error: unknown type name 'bool'
   35 |         bool message_complete = false;
      |         ^~~~
../Core/Src/main.c:5:1: note: 'bool' is defined in header '<stdbool.h>'; did you forget to '#include <stdbool.h>'?
    4 | #include <string.h>
  +++ |+#include <stdbool.h>
    5 | 
../Core/Src/main.c:35:33: error: 'false' undeclared (first use in this function)
   35 |         bool message_complete = false;
      |                                 ^~~~~
../Core/Src/main.c:35:33: note: 'false' is defined in header '<stdbool.h>'; did you forget to '#include <stdbool.h>'?
../Core/Src/main.c:35:33: note: each undeclared identifier is reported only once for each function it appears in
../Core/Src/main.c:42:52: error: 'true' undeclared (first use in this function)
   42 |                                 message_complete = true;
      |                                                    ^~~~
../Core/Src/main.c:42:52: note: 'true' is defined in header '<stdbool.h>'; did you forget to '#include <stdbool.h>'?
make: *** [Core/Src/subdir.mk:40: Core/Src/main.o] Error 1
"make -j12 all" terminated with exit code 2. Build might be incomplete.
19:15:27 **** Incremental Build of configuration Debug for project BareMetal_Serial_RS485_Board1_Bidirectional_Serial_Loopback ****
make -j12 all 
arm-none-eabi-gcc "../Core/Src/main.c" -mcpu=cortex-m0plus -std=gnu11 -g3 -DDEBUG -DUSE_HAL_DRIVER -DSTM32G0B1xx -c -I../Core/Inc -I../Drivers/STM32G0xx_HAL_Driver/Inc -I../Drivers/STM32G0xx_HAL_Driver/Inc/Legacy -I../Drivers/CMSIS/Device/ST/STM32G0xx/Include -I../Drivers/CMSIS/Include -O0 -ffunction-sections -fdata-sections -Wall -fstack-usage -fcyclomatic-complexity -MMD -MP -MF"Core/Src/main.d" -MT"Core/Src/main.o" --specs=nano.specs -mfloat-abi=soft -mthumb -o "Core/Src/main.o"
arm-none-eabi-gcc -o "BareMetal_Serial_RS485_Board1_Bidirectional_Serial_Loopback.elf" @"objects.list"   -mcpu=cortex-m0plus -T"C:\Users\ramekp\Desktop\STM32_Projects\Version_1_19\BareMetal_Serial_RS485_Board1_Bidirectional_Serial_Loopback\BareMetal_Serial_RS485_Board1_Bidirectional_Serial_Loopback\STM32G0B1RETX_FLASH.ld" --specs=nosys.specs -Wl,-Map="BareMetal_Serial_RS485_Board1_Bidirectional_Serial_Loopback.map" -Wl,--gc-sections -static --specs=nano.specs -mfloat-abi=soft -mthumb -Wl,--start-group -lc -lm -Wl,--end-group
Finished building target: BareMetal_Serial_RS485_Board1_Bidirectional_Serial_Loopback.elf
 
arm-none-eabi-size  BareMetal_Serial_RS485_Board1_Bidirectional_Serial_Loopback.elf 
arm-none-eabi-objdump -h -S BareMetal_Serial_RS485_Board1_Bidirectional_Serial_Loopback.elf  > "BareMetal_Serial_RS485_Board1_Bidirectional_Serial_Loopback.list"
   text	   data	    bss	    dec	    hex	filename
  13448	     12	   2012	  15472	   3c70	BareMetal_Serial_RS485_Board1_Bidirectional_Serial_Loopback.elf
Finished building: default.size.stdout
 
Finished building: BareMetal_Serial_RS485_Board1_Bidirectional_Serial_Loopback.list
 
19:15:36 **** Incremental Build of configuration Debug for project BareMetal_Serial_RS485_Board1_Bidirectional_Serial_Loopback ****
make -j12 all 
arm-none-eabi-size  BareMetal_Serial_RS485_Board1_Bidirectional_Serial_Loopback.elf 
   text	   data	    bss	    dec	    hex	filename
  13448	     12	   2012	  15472	   3c70	BareMetal_Serial_RS485_Board1_Bidirectional_Serial_Loopback.elf
Finished building: default.size.stdout
 
19:23:09 **** Incremental Build of configuration Debug for project BareMetal_Serial_RS485_Board1_Bidirectional_Serial_Loopback ****
make -j12 all 
arm-none-eabi-gcc "../Core/Src/main.c" -mcpu=cortex-m0plus -std=gnu11 -g3 -DDEBUG -DUSE_HAL_DRIVER -DSTM32G0B1xx -c -I../Core/Inc -I../Drivers/STM32G0xx_HAL_Driver/Inc -I../Drivers/STM32G0xx_HAL_Driver/Inc/Legacy -I../Drivers/CMSIS/Device/ST/STM32G0xx/Include -I../Drivers/CMSIS/Include -O0 -ffunction-sections -fdata-sections -Wall -fstack-usage -fcyclomatic-complexity -MMD -MP -MF"Core/Src/main.d" -MT"Core/Src/main.o" --specs=nano.specs -mfloat-abi=soft -mthumb -o "Core/Src/main.o"
arm-none-eabi-gcc -o "BareMetal_Serial_RS485_Board1_Bidirectional_Serial_Loopback.elf" @"objects.list"   -mcpu=cortex-m0plus -T"C:\Users\ramekp\Desktop\STM32_Projects\Version_1_19\BareMetal_Serial_RS485_Board1_Bidirectional_Serial_Loopback\BareMetal_Serial_RS485_Board1_Bidirectional_Serial_Loopback\STM32G0B1RETX_FLASH.ld" --specs=nosys.specs -Wl,-Map="BareMetal_Serial_RS485_Board1_Bidirectional_Serial_Loopback.map" -Wl,--gc-sections -static --specs=nano.specs -mfloat-abi=soft -mthumb -Wl,--start-group -lc -lm -Wl,--end-group
Finished building target: BareMetal_Serial_RS485_Board1_Bidirectional_Serial_Loopback.elf
 
arm-none-eabi-size  BareMetal_Serial_RS485_Board1_Bidirectional_Serial_Loopback.elf 
arm-none-eabi-objdump -h -S BareMetal_Serial_RS485_Board1_Bidirectional_Serial_Loopback.elf  > "BareMetal_Serial_RS485_Board1_Bidirectional_Serial_Loopback.list"
   text	   data	    bss	    dec	    hex	filename
  13516	     12	   2012	  15540	   3cb4	BareMetal_Serial_RS485_Board1_Bidirectional_Serial_Loopback.elf
Finished building: default.size.stdout
 
Finished building: BareMetal_Serial_RS485_Board1_Bidirectional_Serial_Loopback.list
 
19:23:29 **** Incremental Build of configuration Debug for project BareMetal_Serial_RS485_Board1_Bidirectional_Serial_Loopback ****
make -j12 all 
arm-none-eabi-gcc "../Core/Src/main.c" -mcpu=cortex-m0plus -std=gnu11 -g3 -DDEBUG -DUSE_HAL_DRIVER -DSTM32G0B1xx -c -I../Core/Inc -I../Drivers/STM32G0xx_HAL_Driver/Inc -I../Drivers/STM32G0xx_HAL_Driver/Inc/Legacy -I../Drivers/CMSIS/Device/ST/STM32G0xx/Include -I../Drivers/CMSIS/Include -O0 -ffunction-sections -fdata-sections -Wall -fstack-usage -fcyclomatic-complexity -MMD -MP -MF"Core/Src/main.d" -MT"Core/Src/main.o" --specs=nano.specs -mfloat-abi=soft -mthumb -o "Core/Src/main.o"
arm-none-eabi-gcc -o "BareMetal_Serial_RS485_Board1_Bidirectional_Serial_Loopback.elf" @"objects.list"   -mcpu=cortex-m0plus -T"C:\Users\ramekp\Desktop\STM32_Projects\Version_1_19\BareMetal_Serial_RS485_Board1_Bidirectional_Serial_Loopback\BareMetal_Serial_RS485_Board1_Bidirectional_Serial_Loopback\STM32G0B1RETX_FLASH.ld" --specs=nosys.specs -Wl,-Map="BareMetal_Serial_RS485_Board1_Bidirectional_Serial_Loopback.map" -Wl,--gc-sections -static --specs=nano.specs -mfloat-abi=soft -mthumb -Wl,--start-group -lc -lm -Wl,--end-group
Finished building target: BareMetal_Serial_RS485_Board1_Bidirectional_Serial_Loopback.elf
 
arm-none-eabi-size  BareMetal_Serial_RS485_Board1_Bidirectional_Serial_Loopback.elf 
arm-none-eabi-objdump -h -S BareMetal_Serial_RS485_Board1_Bidirectional_Serial_Loopback.elf  > "BareMetal_Serial_RS485_Board1_Bidirectional_Serial_Loopback.list"
   text	   data	    bss	    dec	    hex	filename
  13524	     12	   2012	  15548	   3cbc	BareMetal_Serial_RS485_Board1_Bidirectional_Serial_Loopback.elf
Finished building: default.size.stdout
 
Finished building: BareMetal_Serial_RS485_Board1_Bidirectional_Serial_Loopback.list
 
19:23:35 **** Incremental Build of configuration Debug for project BareMetal_Serial_RS485_Board1_Bidirectional_Serial_Loopback ****
make -j12 all 
arm-none-eabi-size  BareMetal_Serial_RS485_Board1_Bidirectional_Serial_Loopback.elf 
   text	   data	    bss	    dec	    hex	filename
  13524	     12	   2012	  15548	   3cbc	BareMetal_Serial_RS485_Board1_Bidirectional_Serial_Loopback.elf
Finished building: default.size.stdout
 
09:51:30 **** Incremental Build of configuration Debug for project BareMetal_Serial_RS485_Board1_Bidirectional_Serial_Loopback ****
make -j12 all 
arm-none-eabi-gcc "../Core/Src/main.c" -mcpu=cortex-m0plus -std=gnu11 -g3 -DDEBUG -DUSE_HAL_DRIVER -DSTM32G0B1xx -c -I../Core/Inc -I../Drivers/STM32G0xx_HAL_Driver/Inc -I../Drivers/STM32G0xx_HAL_Driver/Inc/Legacy -I../Drivers/CMSIS/Device/ST/STM32G0xx/Include -I../Drivers/CMSIS/Include -O0 -ffunction-sections -fdata-sections -Wall -fstack-usage -fcyclomatic-complexity -MMD -MP -MF"Core/Src/main.d" -MT"Core/Src/main.o" --specs=nano.specs -mfloat-abi=soft -mthumb -o "Core/Src/main.o"
arm-none-eabi-gcc -o "BareMetal_Serial_RS485_Board1_Bidirectional_Serial_Loopback.elf" @"objects.list"   -mcpu=cortex-m0plus -T"C:\Users\ramekp\Desktop\STM32_Projects\Version_1_19\BareMetal_Serial_RS485_Board1_Bidirectional_Serial_Loopback\BareMetal_Serial_RS485_Board1_Bidirectional_Serial_Loopback\STM32G0B1RETX_FLASH.ld" --specs=nosys.specs -Wl,-Map="BareMetal_Serial_RS485_Board1_Bidirectional_Serial_Loopback.map" -Wl,--gc-sections -static --specs=nano.specs -mfloat-abi=soft -mthumb -Wl,--start-group -lc -lm -Wl,--end-group
Finished building target: BareMetal_Serial_RS485_Board1_Bidirectional_Serial_Loopback.elf
 
arm-none-eabi-size  BareMetal_Serial_RS485_Board1_Bidirectional_Serial_Loopback.elf 
arm-none-eabi-objdump -h -S BareMetal_Serial_RS485_Board1_Bidirectional_Serial_Loopback.elf  > "BareMetal_Serial_RS485_Board1_Bidirectional_Serial_Loopback.list"
   text	   data	    bss	    dec	    hex	filename
  13524	     12	   2012	  15548	   3cbc	BareMetal_Serial_RS485_Board1_Bidirectional_Serial_Loopback.elf
Finished building: default.size.stdout
 
Finished building: BareMetal_Serial_RS485_Board1_Bidirectional_Serial_Loopback.list
 
09:51:37 **** Incremental Build of configuration Debug for project BareMetal_Serial_RS485_Board1_Bidirectional_Serial_Loopback ****
make -j12 all 
arm-none-eabi-size  BareMetal_Serial_RS485_Board1_Bidirectional_Serial_Loopback.elf 
   text	   data	    bss	    dec	    hex	filename
  13524	     12	   2012	  15548	   3cbc	BareMetal_Serial_RS485_Board1_Bidirectional_Serial_Loopback.elf
Finished building: default.size.stdout
 
09:58:07 **** Incremental Build of configuration Debug for project BareMetal_Serial_RS485_Board1_Bidirectional_Serial_Loopback ****
make -j12 all 
arm-none-eabi-gcc "../Core/Src/main.c" -mcpu=cortex-m0plus -std=gnu11 -g3 -DDEBUG -DUSE_HAL_DRIVER -DSTM32G0B1xx -c -I../Core/Inc -I../Drivers/STM32G0xx_HAL_Driver/Inc -I../Drivers/STM32G0xx_HAL_Driver/Inc/Legacy -I../Drivers/CMSIS/Device/ST/STM32G0xx/Include -I../Drivers/CMSIS/Include -O0 -ffunction-sections -fdata-sections -Wall -fstack-usage -fcyclomatic-complexity -MMD -MP -MF"Core/Src/main.d" -MT"Core/Src/main.o" --specs=nano.specs -mfloat-abi=soft -mthumb -o "Core/Src/main.o"
../Core/Src/main.c: In function 'uart6_receive':
../Core/Src/main.c:49:13: warning: implicit declaration of function 'sprintf' [-Wimplicit-function-declaration]
   49 |             sprintf(debug_byte, "Received byte: 0x%02X\r\n", buffer[index]);
      |             ^~~~~~~
../Core/Src/main.c:6:1: note: include '<stdio.h>' or provide a declaration of 'sprintf'
    5 | #include <stdbool.h>
  +++ |+#include <stdio.h>
    6 | 
../Core/Src/main.c:49:13: warning: incompatible implicit declaration of built-in function 'sprintf' [-Wbuiltin-declaration-mismatch]
   49 |             sprintf(debug_byte, "Received byte: 0x%02X\r\n", buffer[index]);
      |             ^~~~~~~
../Core/Src/main.c:49:13: note: include '<stdio.h>' or provide a declaration of 'sprintf'
../Core/Src/main.c:64:17: warning: incompatible implicit declaration of built-in function 'sprintf' [-Wbuiltin-declaration-mismatch]
   64 |                 sprintf(debug_timeout, "Waiting... %lu/1000\r\n", timeout_counter);
      |                 ^~~~~~~
../Core/Src/main.c:64:17: note: include '<stdio.h>' or provide a declaration of 'sprintf'
In file included from ../Core/Src/main.c:102:
C:\ST\STM32CubeIDE_1.19.0\STM32CubeIDE\plugins\com.st.stm32cube.ide.mcu.externaltools.gnu-tools-for-stm32.13.3.rel1.win32_1.0.0.202411081344\tools\bin/../lib/gcc/arm-none-eabi/13.3.1/../../../../arm-none-eabi/include/stdio.h: In function 'main':
C:\ST\STM32CubeIDE_1.19.0\STM32CubeIDE\plugins\com.st.stm32cube.ide.mcu.externaltools.gnu-tools-for-stm32.13.3.rel1.win32_1.0.0.202411081344\tools\bin/../lib/gcc/arm-none-eabi/13.3.1/../../../../arm-none-eabi/include/stdio.h:691:22: error: invalid storage class for function '__sputc_r'
  691 | _ELIDABLE_INLINE int __sputc_r(struct _reent *_ptr, int _c, FILE *_p) {
      |                      ^~~~~~~~~
C:\ST\STM32CubeIDE_1.19.0\STM32CubeIDE\plugins\com.st.stm32cube.ide.mcu.externaltools.gnu-tools-for-stm32.13.3.rel1.win32_1.0.0.202411081344\tools\bin/../lib/gcc/arm-none-eabi/13.3.1/../../../../arm-none-eabi/include/stdio.h:746:1: error: invalid storage class for function '_getchar_unlocked'
  746 | _getchar_unlocked(void)
      | ^~~~~~~~~~~~~~~~~
C:\ST\STM32CubeIDE_1.19.0\STM32CubeIDE\plugins\com.st.stm32cube.ide.mcu.externaltools.gnu-tools-for-stm32.13.3.rel1.win32_1.0.0.202411081344\tools\bin/../lib/gcc/arm-none-eabi/13.3.1/../../../../arm-none-eabi/include/stdio.h:755:1: error: invalid storage class for function '_putchar_unlocked'
  755 | _putchar_unlocked(int _c)
      | ^~~~~~~~~~~~~~~~~
make: *** [Core/Src/subdir.mk:40: Core/Src/main.o] Error 1
"make -j12 all" terminated with exit code 2. Build might be incomplete.
09:59:05 **** Incremental Build of configuration Debug for project BareMetal_Serial_RS485_Board1_Bidirectional_Serial_Loopback ****
make -j12 all 
arm-none-eabi-gcc "../Core/Src/main.c" -mcpu=cortex-m0plus -std=gnu11 -g3 -DDEBUG -DUSE_HAL_DRIVER -DSTM32G0B1xx -c -I../Core/Inc -I../Drivers/STM32G0xx_HAL_Driver/Inc -I../Drivers/STM32G0xx_HAL_Driver/Inc/Legacy -I../Drivers/CMSIS/Device/ST/STM32G0xx/Include -I../Drivers/CMSIS/Include -O0 -ffunction-sections -fdata-sections -Wall -fstack-usage -fcyclomatic-complexity -MMD -MP -MF"Core/Src/main.d" -MT"Core/Src/main.o" --specs=nano.specs -mfloat-abi=soft -mthumb -o "Core/Src/main.o"
../Core/Src/main.c: In function 'uart6_receive':
../Core/Src/main.c:50:57: warning: '
   ' directive writing 2 bytes into a region of size 1 [-Wformat-overflow=]
   50 |             sprintf(debug_byte, "Received byte: 0x%02X\r\n", buffer[index]);
      |                                                       ~~^~
../Core/Src/main.c:50:13: note: 'sprintf' output 22 bytes into a destination of size 20
   50 |             sprintf(debug_byte, "Received byte: 0x%02X\r\n", buffer[index]);
      |             ^~~~~~~~~~~~~~~~~~~~~~~~~~~~~~~~~~~~~~~~~~~~~~~~~~~~~~~~~~~~~~~
arm-none-eabi-gcc -o "BareMetal_Serial_RS485_Board1_Bidirectional_Serial_Loopback.elf" @"objects.list"   -mcpu=cortex-m0plus -T"C:\Users\ramekp\Desktop\STM32_Projects\Version_1_19\BareMetal_Serial_RS485_Board1_Bidirectional_Serial_Loopback\BareMetal_Serial_RS485_Board1_Bidirectional_Serial_Loopback\STM32G0B1RETX_FLASH.ld" --specs=nosys.specs -Wl,-Map="BareMetal_Serial_RS485_Board1_Bidirectional_Serial_Loopback.map" -Wl,--gc-sections -static --specs=nano.specs -mfloat-abi=soft -mthumb -Wl,--start-group -lc -lm -Wl,--end-group
Finished building target: BareMetal_Serial_RS485_Board1_Bidirectional_Serial_Loopback.elf
 
arm-none-eabi-size  BareMetal_Serial_RS485_Board1_Bidirectional_Serial_Loopback.elf 
arm-none-eabi-objdump -h -S BareMetal_Serial_RS485_Board1_Bidirectional_Serial_Loopback.elf  > "BareMetal_Serial_RS485_Board1_Bidirectional_Serial_Loopback.list"
   text	   data	    bss	    dec	    hex	filename
  16460	     92	   2348	  18900	   49d4	BareMetal_Serial_RS485_Board1_Bidirectional_Serial_Loopback.elf
Finished building: default.size.stdout
 
Finished building: BareMetal_Serial_RS485_Board1_Bidirectional_Serial_Loopback.list
 
10:00:17 **** Incremental Build of configuration Debug for project BareMetal_Serial_RS485_Board1_Bidirectional_Serial_Loopback ****
make -j12 all 
arm-none-eabi-gcc "../Core/Src/main.c" -mcpu=cortex-m0plus -std=gnu11 -g3 -DDEBUG -DUSE_HAL_DRIVER -DSTM32G0B1xx -c -I../Core/Inc -I../Drivers/STM32G0xx_HAL_Driver/Inc -I../Drivers/STM32G0xx_HAL_Driver/Inc/Legacy -I../Drivers/CMSIS/Device/ST/STM32G0xx/Include -I../Drivers/CMSIS/Include -O0 -ffunction-sections -fdata-sections -Wall -fstack-usage -fcyclomatic-complexity -MMD -MP -MF"Core/Src/main.d" -MT"Core/Src/main.o" --specs=nano.specs -mfloat-abi=soft -mthumb -o "Core/Src/main.o"
arm-none-eabi-gcc -o "BareMetal_Serial_RS485_Board1_Bidirectional_Serial_Loopback.elf" @"objects.list"   -mcpu=cortex-m0plus -T"C:\Users\ramekp\Desktop\STM32_Projects\Version_1_19\BareMetal_Serial_RS485_Board1_Bidirectional_Serial_Loopback\BareMetal_Serial_RS485_Board1_Bidirectional_Serial_Loopback\STM32G0B1RETX_FLASH.ld" --specs=nosys.specs -Wl,-Map="BareMetal_Serial_RS485_Board1_Bidirectional_Serial_Loopback.map" -Wl,--gc-sections -static --specs=nano.specs -mfloat-abi=soft -mthumb -Wl,--start-group -lc -lm -Wl,--end-group
Finished building target: BareMetal_Serial_RS485_Board1_Bidirectional_Serial_Loopback.elf
 
arm-none-eabi-size  BareMetal_Serial_RS485_Board1_Bidirectional_Serial_Loopback.elf 
arm-none-eabi-objdump -h -S BareMetal_Serial_RS485_Board1_Bidirectional_Serial_Loopback.elf  > "BareMetal_Serial_RS485_Board1_Bidirectional_Serial_Loopback.list"
   text	   data	    bss	    dec	    hex	filename
  16460	     92	   2348	  18900	   49d4	BareMetal_Serial_RS485_Board1_Bidirectional_Serial_Loopback.elf
Finished building: default.size.stdout
 
Finished building: BareMetal_Serial_RS485_Board1_Bidirectional_Serial_Loopback.list
 
10:00:30 **** Incremental Build of configuration Debug for project BareMetal_Serial_RS485_Board1_Bidirectional_Serial_Loopback ****
make -j12 all 
arm-none-eabi-size  BareMetal_Serial_RS485_Board1_Bidirectional_Serial_Loopback.elf 
   text	   data	    bss	    dec	    hex	filename
  16460	     92	   2348	  18900	   49d4	BareMetal_Serial_RS485_Board1_Bidirectional_Serial_Loopback.elf
Finished building: default.size.stdout
 
10:13:44 **** Incremental Build of configuration Debug for project BareMetal_Serial_RS485_Board1_Bidirectional_Serial_Loopback ****
make -j12 all 
arm-none-eabi-gcc "../Core/Src/main.c" -mcpu=cortex-m0plus -std=gnu11 -g3 -DDEBUG -DUSE_HAL_DRIVER -DSTM32G0B1xx -c -I../Core/Inc -I../Drivers/STM32G0xx_HAL_Driver/Inc -I../Drivers/STM32G0xx_HAL_Driver/Inc/Legacy -I../Drivers/CMSIS/Device/ST/STM32G0xx/Include -I../Drivers/CMSIS/Include -O0 -ffunction-sections -fdata-sections -Wall -fstack-usage -fcyclomatic-complexity -MMD -MP -MF"Core/Src/main.d" -MT"Core/Src/main.o" --specs=nano.specs -mfloat-abi=soft -mthumb -o "Core/Src/main.o"
../Core/Src/main.c: In function 'uart6_receive':
../Core/Src/main.c:52:57: warning: '
   ' directive writing 2 bytes into a region of size 1 [-Wformat-overflow=]
   52 |             sprintf(debug_byte, "Received byte: 0x%02X\r\n", buffer[index]);
      |                                                       ~~^~
../Core/Src/main.c:52:13: note: 'sprintf' output 22 bytes into a destination of size 20
   52 |             sprintf(debug_byte, "Received byte: 0x%02X\r\n", buffer[index]);
      |             ^~~~~~~~~~~~~~~~~~~~~~~~~~~~~~~~~~~~~~~~~~~~~~~~~~~~~~~~~~~~~~~
arm-none-eabi-gcc -o "BareMetal_Serial_RS485_Board1_Bidirectional_Serial_Loopback.elf" @"objects.list"   -mcpu=cortex-m0plus -T"C:\Users\ramekp\Desktop\STM32_Projects\Version_1_19\BareMetal_Serial_RS485_Board1_Bidirectional_Serial_Loopback\BareMetal_Serial_RS485_Board1_Bidirectional_Serial_Loopback\STM32G0B1RETX_FLASH.ld" --specs=nosys.specs -Wl,-Map="BareMetal_Serial_RS485_Board1_Bidirectional_Serial_Loopback.map" -Wl,--gc-sections -static --specs=nano.specs -mfloat-abi=soft -mthumb -Wl,--start-group -lc -lm -Wl,--end-group
Finished building target: BareMetal_Serial_RS485_Board1_Bidirectional_Serial_Loopback.elf
 
arm-none-eabi-size  BareMetal_Serial_RS485_Board1_Bidirectional_Serial_Loopback.elf 
arm-none-eabi-objdump -h -S BareMetal_Serial_RS485_Board1_Bidirectional_Serial_Loopback.elf  > "BareMetal_Serial_RS485_Board1_Bidirectional_Serial_Loopback.list"
   text	   data	    bss	    dec	    hex	filename
  16472	     92	   2348	  18912	   49e0	BareMetal_Serial_RS485_Board1_Bidirectional_Serial_Loopback.elf
Finished building: default.size.stdout
 
Finished building: BareMetal_Serial_RS485_Board1_Bidirectional_Serial_Loopback.list
 
10:14:17 **** Incremental Build of configuration Debug for project BareMetal_Serial_RS485_Board1_Bidirectional_Serial_Loopback ****
make -j12 all 
arm-none-eabi-gcc "../Core/Src/main.c" -mcpu=cortex-m0plus -std=gnu11 -g3 -DDEBUG -DUSE_HAL_DRIVER -DSTM32G0B1xx -c -I../Core/Inc -I../Drivers/STM32G0xx_HAL_Driver/Inc -I../Drivers/STM32G0xx_HAL_Driver/Inc/Legacy -I../Drivers/CMSIS/Device/ST/STM32G0xx/Include -I../Drivers/CMSIS/Include -O0 -ffunction-sections -fdata-sections -Wall -fstack-usage -fcyclomatic-complexity -MMD -MP -MF"Core/Src/main.d" -MT"Core/Src/main.o" --specs=nano.specs -mfloat-abi=soft -mthumb -o "Core/Src/main.o"
arm-none-eabi-gcc -o "BareMetal_Serial_RS485_Board1_Bidirectional_Serial_Loopback.elf" @"objects.list"   -mcpu=cortex-m0plus -T"C:\Users\ramekp\Desktop\STM32_Projects\Version_1_19\BareMetal_Serial_RS485_Board1_Bidirectional_Serial_Loopback\BareMetal_Serial_RS485_Board1_Bidirectional_Serial_Loopback\STM32G0B1RETX_FLASH.ld" --specs=nosys.specs -Wl,-Map="BareMetal_Serial_RS485_Board1_Bidirectional_Serial_Loopback.map" -Wl,--gc-sections -static --specs=nano.specs -mfloat-abi=soft -mthumb -Wl,--start-group -lc -lm -Wl,--end-group
Finished building target: BareMetal_Serial_RS485_Board1_Bidirectional_Serial_Loopback.elf
 
arm-none-eabi-size  BareMetal_Serial_RS485_Board1_Bidirectional_Serial_Loopback.elf 
arm-none-eabi-objdump -h -S BareMetal_Serial_RS485_Board1_Bidirectional_Serial_Loopback.elf  > "BareMetal_Serial_RS485_Board1_Bidirectional_Serial_Loopback.list"
   text	   data	    bss	    dec	    hex	filename
  16472	     92	   2348	  18912	   49e0	BareMetal_Serial_RS485_Board1_Bidirectional_Serial_Loopback.elf
Finished building: default.size.stdout
 
Finished building: BareMetal_Serial_RS485_Board1_Bidirectional_Serial_Loopback.list
 
10:14:24 **** Incremental Build of configuration Debug for project BareMetal_Serial_RS485_Board1_Bidirectional_Serial_Loopback ****
make -j12 all 
arm-none-eabi-size  BareMetal_Serial_RS485_Board1_Bidirectional_Serial_Loopback.elf 
   text	   data	    bss	    dec	    hex	filename
  16472	     92	   2348	  18912	   49e0	BareMetal_Serial_RS485_Board1_Bidirectional_Serial_Loopback.elf
Finished building: default.size.stdout
 
10:27:11 **** Incremental Build of configuration Debug for project BareMetal_Serial_RS485_Board1_Bidirectional_Serial_Loopback ****
make -j12 all 
arm-none-eabi-gcc "../Core/Src/main.c" -mcpu=cortex-m0plus -std=gnu11 -g3 -DDEBUG -DUSE_HAL_DRIVER -DSTM32G0B1xx -c -I../Core/Inc -I../Drivers/STM32G0xx_HAL_Driver/Inc -I../Drivers/STM32G0xx_HAL_Driver/Inc/Legacy -I../Drivers/CMSIS/Device/ST/STM32G0xx/Include -I../Drivers/CMSIS/Include -O0 -ffunction-sections -fdata-sections -Wall -fstack-usage -fcyclomatic-complexity -MMD -MP -MF"Core/Src/main.d" -MT"Core/Src/main.o" --specs=nano.specs -mfloat-abi=soft -mthumb -o "Core/Src/main.o"
../Core/Src/main.c: In function 'uart6_receive':
../Core/Src/main.c:56:57: warning: '
   ' directive writing 2 bytes into a region of size 1 [-Wformat-overflow=]
   56 |             sprintf(debug_byte, "Received byte: 0x%02X\r\n", buffer[index]);
      |                                                       ~~^~
../Core/Src/main.c:56:13: note: 'sprintf' output 22 bytes into a destination of size 20
   56 |             sprintf(debug_byte, "Received byte: 0x%02X\r\n", buffer[index]);
      |             ^~~~~~~~~~~~~~~~~~~~~~~~~~~~~~~~~~~~~~~~~~~~~~~~~~~~~~~~~~~~~~~
arm-none-eabi-gcc -o "BareMetal_Serial_RS485_Board1_Bidirectional_Serial_Loopback.elf" @"objects.list"   -mcpu=cortex-m0plus -T"C:\Users\ramekp\Desktop\STM32_Projects\Version_1_19\BareMetal_Serial_RS485_Board1_Bidirectional_Serial_Loopback\BareMetal_Serial_RS485_Board1_Bidirectional_Serial_Loopback\STM32G0B1RETX_FLASH.ld" --specs=nosys.specs -Wl,-Map="BareMetal_Serial_RS485_Board1_Bidirectional_Serial_Loopback.map" -Wl,--gc-sections -static --specs=nano.specs -mfloat-abi=soft -mthumb -Wl,--start-group -lc -lm -Wl,--end-group
Finished building target: BareMetal_Serial_RS485_Board1_Bidirectional_Serial_Loopback.elf
 
arm-none-eabi-size  BareMetal_Serial_RS485_Board1_Bidirectional_Serial_Loopback.elf 
arm-none-eabi-objdump -h -S BareMetal_Serial_RS485_Board1_Bidirectional_Serial_Loopback.elf  > "BareMetal_Serial_RS485_Board1_Bidirectional_Serial_Loopback.list"
   text	   data	    bss	    dec	    hex	filename
  16392	     92	   2348	  18832	   4990	BareMetal_Serial_RS485_Board1_Bidirectional_Serial_Loopback.elf
Finished building: default.size.stdout
 
Finished building: BareMetal_Serial_RS485_Board1_Bidirectional_Serial_Loopback.list
 
10:27:54 **** Incremental Build of configuration Debug for project BareMetal_Serial_RS485_Board1_Bidirectional_Serial_Loopback ****
make -j12 all 
arm-none-eabi-gcc "../Core/Src/main.c" -mcpu=cortex-m0plus -std=gnu11 -g3 -DDEBUG -DUSE_HAL_DRIVER -DSTM32G0B1xx -c -I../Core/Inc -I../Drivers/STM32G0xx_HAL_Driver/Inc -I../Drivers/STM32G0xx_HAL_Driver/Inc/Legacy -I../Drivers/CMSIS/Device/ST/STM32G0xx/Include -I../Drivers/CMSIS/Include -O0 -ffunction-sections -fdata-sections -Wall -fstack-usage -fcyclomatic-complexity -MMD -MP -MF"Core/Src/main.d" -MT"Core/Src/main.o" --specs=nano.specs -mfloat-abi=soft -mthumb -o "Core/Src/main.o"
arm-none-eabi-gcc -o "BareMetal_Serial_RS485_Board1_Bidirectional_Serial_Loopback.elf" @"objects.list"   -mcpu=cortex-m0plus -T"C:\Users\ramekp\Desktop\STM32_Projects\Version_1_19\BareMetal_Serial_RS485_Board1_Bidirectional_Serial_Loopback\BareMetal_Serial_RS485_Board1_Bidirectional_Serial_Loopback\STM32G0B1RETX_FLASH.ld" --specs=nosys.specs -Wl,-Map="BareMetal_Serial_RS485_Board1_Bidirectional_Serial_Loopback.map" -Wl,--gc-sections -static --specs=nano.specs -mfloat-abi=soft -mthumb -Wl,--start-group -lc -lm -Wl,--end-group
Finished building target: BareMetal_Serial_RS485_Board1_Bidirectional_Serial_Loopback.elf
 
arm-none-eabi-size  BareMetal_Serial_RS485_Board1_Bidirectional_Serial_Loopback.elf 
arm-none-eabi-objdump -h -S BareMetal_Serial_RS485_Board1_Bidirectional_Serial_Loopback.elf  > "BareMetal_Serial_RS485_Board1_Bidirectional_Serial_Loopback.list"
   text	   data	    bss	    dec	    hex	filename
  16392	     92	   2348	  18832	   4990	BareMetal_Serial_RS485_Board1_Bidirectional_Serial_Loopback.elf
Finished building: default.size.stdout
 
Finished building: BareMetal_Serial_RS485_Board1_Bidirectional_Serial_Loopback.list
 
10:28:05 **** Incremental Build of configuration Debug for project BareMetal_Serial_RS485_Board1_Bidirectional_Serial_Loopback ****
make -j12 all 
arm-none-eabi-size  BareMetal_Serial_RS485_Board1_Bidirectional_Serial_Loopback.elf 
   text	   data	    bss	    dec	    hex	filename
  16392	     92	   2348	  18832	   4990	BareMetal_Serial_RS485_Board1_Bidirectional_Serial_Loopback.elf
Finished building: default.size.stdout
 
11:16:20 **** Incremental Build of configuration Debug for project BareMetal_Serial_RS485_Board1_Bidirectional_Serial_Loopback ****
make -j12 all 
arm-none-eabi-gcc "../Core/Src/main.c" -mcpu=cortex-m0plus -std=gnu11 -g3 -DDEBUG -DUSE_HAL_DRIVER -DSTM32G0B1xx -c -I../Core/Inc -I../Drivers/STM32G0xx_HAL_Driver/Inc -I../Drivers/STM32G0xx_HAL_Driver/Inc/Legacy -I../Drivers/CMSIS/Device/ST/STM32G0xx/Include -I../Drivers/CMSIS/Include -O0 -ffunction-sections -fdata-sections -Wall -fstack-usage -fcyclomatic-complexity -MMD -MP -MF"Core/Src/main.d" -MT"Core/Src/main.o" --specs=nano.specs -mfloat-abi=soft -mthumb -o "Core/Src/main.o"
arm-none-eabi-gcc -o "BareMetal_Serial_RS485_Board1_Bidirectional_Serial_Loopback.elf" @"objects.list"   -mcpu=cortex-m0plus -T"C:\Users\ramekp\Desktop\STM32_Projects\Version_1_19\BareMetal_Serial_RS485_Board1_Bidirectional_Serial_Loopback\BareMetal_Serial_RS485_Board1_Bidirectional_Serial_Loopback\STM32G0B1RETX_FLASH.ld" --specs=nosys.specs -Wl,-Map="BareMetal_Serial_RS485_Board1_Bidirectional_Serial_Loopback.map" -Wl,--gc-sections -static --specs=nano.specs -mfloat-abi=soft -mthumb -Wl,--start-group -lc -lm -Wl,--end-group
Finished building target: BareMetal_Serial_RS485_Board1_Bidirectional_Serial_Loopback.elf
 
arm-none-eabi-size  BareMetal_Serial_RS485_Board1_Bidirectional_Serial_Loopback.elf 
arm-none-eabi-objdump -h -S BareMetal_Serial_RS485_Board1_Bidirectional_Serial_Loopback.elf  > "BareMetal_Serial_RS485_Board1_Bidirectional_Serial_Loopback.list"
   text	   data	    bss	    dec	    hex	filename
  12136	     12	   2012	  14160	   3750	BareMetal_Serial_RS485_Board1_Bidirectional_Serial_Loopback.elf
Finished building: default.size.stdout
 
Finished building: BareMetal_Serial_RS485_Board1_Bidirectional_Serial_Loopback.list
 
11:18:56 **** Incremental Build of configuration Debug for project BareMetal_Serial_RS485_Board1_Bidirectional_Serial_Loopback ****
make -j12 all 
arm-none-eabi-gcc "../Core/Src/main.c" -mcpu=cortex-m0plus -std=gnu11 -g3 -DDEBUG -DUSE_HAL_DRIVER -DSTM32G0B1xx -c -I../Core/Inc -I../Drivers/STM32G0xx_HAL_Driver/Inc -I../Drivers/STM32G0xx_HAL_Driver/Inc/Legacy -I../Drivers/CMSIS/Device/ST/STM32G0xx/Include -I../Drivers/CMSIS/Include -O0 -ffunction-sections -fdata-sections -Wall -fstack-usage -fcyclomatic-complexity -MMD -MP -MF"Core/Src/main.d" -MT"Core/Src/main.o" --specs=nano.specs -mfloat-abi=soft -mthumb -o "Core/Src/main.o"
arm-none-eabi-gcc -o "BareMetal_Serial_RS485_Board1_Bidirectional_Serial_Loopback.elf" @"objects.list"   -mcpu=cortex-m0plus -T"C:\Users\ramekp\Desktop\STM32_Projects\Version_1_19\BareMetal_Serial_RS485_Board1_Bidirectional_Serial_Loopback\BareMetal_Serial_RS485_Board1_Bidirectional_Serial_Loopback\STM32G0B1RETX_FLASH.ld" --specs=nosys.specs -Wl,-Map="BareMetal_Serial_RS485_Board1_Bidirectional_Serial_Loopback.map" -Wl,--gc-sections -static --specs=nano.specs -mfloat-abi=soft -mthumb -Wl,--start-group -lc -lm -Wl,--end-group
Finished building target: BareMetal_Serial_RS485_Board1_Bidirectional_Serial_Loopback.elf
 
arm-none-eabi-size  BareMetal_Serial_RS485_Board1_Bidirectional_Serial_Loopback.elf 
arm-none-eabi-objdump -h -S BareMetal_Serial_RS485_Board1_Bidirectional_Serial_Loopback.elf  > "BareMetal_Serial_RS485_Board1_Bidirectional_Serial_Loopback.list"
   text	   data	    bss	    dec	    hex	filename
  13192	     12	   2020	  15224	   3b78	BareMetal_Serial_RS485_Board1_Bidirectional_Serial_Loopback.elf
Finished building: default.size.stdout
 
Finished building: BareMetal_Serial_RS485_Board1_Bidirectional_Serial_Loopback.list
 
11:19:03 **** Incremental Build of configuration Debug for project BareMetal_Serial_RS485_Board1_Bidirectional_Serial_Loopback ****
make -j12 all 
arm-none-eabi-size  BareMetal_Serial_RS485_Board1_Bidirectional_Serial_Loopback.elf 
   text	   data	    bss	    dec	    hex	filename
  13192	     12	   2020	  15224	   3b78	BareMetal_Serial_RS485_Board1_Bidirectional_Serial_Loopback.elf
Finished building: default.size.stdout
 
11:23:05 **** Incremental Build of configuration Debug for project BareMetal_Serial_RS485_Board1_Bidirectional_Serial_Loopback ****
make -j12 all 
arm-none-eabi-gcc "../Core/Src/main.c" -mcpu=cortex-m0plus -std=gnu11 -g3 -DDEBUG -DUSE_HAL_DRIVER -DSTM32G0B1xx -c -I../Core/Inc -I../Drivers/STM32G0xx_HAL_Driver/Inc -I../Drivers/STM32G0xx_HAL_Driver/Inc/Legacy -I../Drivers/CMSIS/Device/ST/STM32G0xx/Include -I../Drivers/CMSIS/Include -O0 -ffunction-sections -fdata-sections -Wall -fstack-usage -fcyclomatic-complexity -MMD -MP -MF"Core/Src/main.d" -MT"Core/Src/main.o" --specs=nano.specs -mfloat-abi=soft -mthumb -o "Core/Src/main.o"
arm-none-eabi-gcc -o "BareMetal_Serial_RS485_Board1_Bidirectional_Serial_Loopback.elf" @"objects.list"   -mcpu=cortex-m0plus -T"C:\Users\ramekp\Desktop\STM32_Projects\Version_1_19\BareMetal_Serial_RS485_Board1_Bidirectional_Serial_Loopback\BareMetal_Serial_RS485_Board1_Bidirectional_Serial_Loopback\STM32G0B1RETX_FLASH.ld" --specs=nosys.specs -Wl,-Map="BareMetal_Serial_RS485_Board1_Bidirectional_Serial_Loopback.map" -Wl,--gc-sections -static --specs=nano.specs -mfloat-abi=soft -mthumb -Wl,--start-group -lc -lm -Wl,--end-group
Finished building target: BareMetal_Serial_RS485_Board1_Bidirectional_Serial_Loopback.elf
 
arm-none-eabi-size  BareMetal_Serial_RS485_Board1_Bidirectional_Serial_Loopback.elf 
arm-none-eabi-objdump -h -S BareMetal_Serial_RS485_Board1_Bidirectional_Serial_Loopback.elf  > "BareMetal_Serial_RS485_Board1_Bidirectional_Serial_Loopback.list"
   text	   data	    bss	    dec	    hex	filename
  12888	     12	   1724	  14624	   3920	BareMetal_Serial_RS485_Board1_Bidirectional_Serial_Loopback.elf
Finished building: default.size.stdout
 
Finished building: BareMetal_Serial_RS485_Board1_Bidirectional_Serial_Loopback.list
 
11:23:16 **** Incremental Build of configuration Debug for project BareMetal_Serial_RS485_Board1_Bidirectional_Serial_Loopback ****
make -j12 all 
arm-none-eabi-size  BareMetal_Serial_RS485_Board1_Bidirectional_Serial_Loopback.elf 
   text	   data	    bss	    dec	    hex	filename
  12888	     12	   1724	  14624	   3920	BareMetal_Serial_RS485_Board1_Bidirectional_Serial_Loopback.elf
Finished building: default.size.stdout
 
11:38:01 **** Incremental Build of configuration Debug for project BareMetal_Serial_RS485_Board1_Bidirectional_Serial_Loopback ****
make -j12 all 
arm-none-eabi-gcc "../Core/Src/main.c" -mcpu=cortex-m0plus -std=gnu11 -g3 -DDEBUG -DUSE_HAL_DRIVER -DSTM32G0B1xx -c -I../Core/Inc -I../Drivers/STM32G0xx_HAL_Driver/Inc -I../Drivers/STM32G0xx_HAL_Driver/Inc/Legacy -I../Drivers/CMSIS/Device/ST/STM32G0xx/Include -I../Drivers/CMSIS/Include -O0 -ffunction-sections -fdata-sections -Wall -fstack-usage -fcyclomatic-complexity -MMD -MP -MF"Core/Src/main.d" -MT"Core/Src/main.o" --specs=nano.specs -mfloat-abi=soft -mthumb -o "Core/Src/main.o"
arm-none-eabi-gcc -o "BareMetal_Serial_RS485_Board1_Bidirectional_Serial_Loopback.elf" @"objects.list"   -mcpu=cortex-m0plus -T"C:\Users\ramekp\Desktop\STM32_Projects\Version_1_19\BareMetal_Serial_RS485_Board1_Bidirectional_Serial_Loopback\BareMetal_Serial_RS485_Board1_Bidirectional_Serial_Loopback\STM32G0B1RETX_FLASH.ld" --specs=nosys.specs -Wl,-Map="BareMetal_Serial_RS485_Board1_Bidirectional_Serial_Loopback.map" -Wl,--gc-sections -static --specs=nano.specs -mfloat-abi=soft -mthumb -Wl,--start-group -lc -lm -Wl,--end-group
Finished building target: BareMetal_Serial_RS485_Board1_Bidirectional_Serial_Loopback.elf
 
arm-none-eabi-size  BareMetal_Serial_RS485_Board1_Bidirectional_Serial_Loopback.elf 
arm-none-eabi-objdump -h -S BareMetal_Serial_RS485_Board1_Bidirectional_Serial_Loopback.elf  > "BareMetal_Serial_RS485_Board1_Bidirectional_Serial_Loopback.list"
   text	   data	    bss	    dec	    hex	filename
  11404	     12	   1724	  13140	   3354	BareMetal_Serial_RS485_Board1_Bidirectional_Serial_Loopback.elf
Finished building: default.size.stdout
 
Finished building: BareMetal_Serial_RS485_Board1_Bidirectional_Serial_Loopback.list
 
11:38:13 **** Incremental Build of configuration Debug for project BareMetal_Serial_RS485_Board1_Bidirectional_Serial_Loopback ****
make -j12 all 
arm-none-eabi-size  BareMetal_Serial_RS485_Board1_Bidirectional_Serial_Loopback.elf 
   text	   data	    bss	    dec	    hex	filename
  11404	     12	   1724	  13140	   3354	BareMetal_Serial_RS485_Board1_Bidirectional_Serial_Loopback.elf
Finished building: default.size.stdout
 
11:39:15 **** Incremental Build of configuration Debug for project BareMetal_Serial_RS485_Board1_Bidirectional_Serial_Loopback ****
make -j12 all 
arm-none-eabi-gcc "../Core/Src/main.c" -mcpu=cortex-m0plus -std=gnu11 -g3 -DDEBUG -DUSE_HAL_DRIVER -DSTM32G0B1xx -c -I../Core/Inc -I../Drivers/STM32G0xx_HAL_Driver/Inc -I../Drivers/STM32G0xx_HAL_Driver/Inc/Legacy -I../Drivers/CMSIS/Device/ST/STM32G0xx/Include -I../Drivers/CMSIS/Include -O0 -ffunction-sections -fdata-sections -Wall -fstack-usage -fcyclomatic-complexity -MMD -MP -MF"Core/Src/main.d" -MT"Core/Src/main.o" --specs=nano.specs -mfloat-abi=soft -mthumb -o "Core/Src/main.o"
arm-none-eabi-gcc -o "BareMetal_Serial_RS485_Board1_Bidirectional_Serial_Loopback.elf" @"objects.list"   -mcpu=cortex-m0plus -T"C:\Users\ramekp\Desktop\STM32_Projects\Version_1_19\BareMetal_Serial_RS485_Board1_Bidirectional_Serial_Loopback\BareMetal_Serial_RS485_Board1_Bidirectional_Serial_Loopback\STM32G0B1RETX_FLASH.ld" --specs=nosys.specs -Wl,-Map="BareMetal_Serial_RS485_Board1_Bidirectional_Serial_Loopback.map" -Wl,--gc-sections -static --specs=nano.specs -mfloat-abi=soft -mthumb -Wl,--start-group -lc -lm -Wl,--end-group
Finished building target: BareMetal_Serial_RS485_Board1_Bidirectional_Serial_Loopback.elf
 
arm-none-eabi-size  BareMetal_Serial_RS485_Board1_Bidirectional_Serial_Loopback.elf 
arm-none-eabi-objdump -h -S BareMetal_Serial_RS485_Board1_Bidirectional_Serial_Loopback.elf  > "BareMetal_Serial_RS485_Board1_Bidirectional_Serial_Loopback.list"
   text	   data	    bss	    dec	    hex	filename
  11408	     12	   1868	  13288	   33e8	BareMetal_Serial_RS485_Board1_Bidirectional_Serial_Loopback.elf
Finished building: default.size.stdout
 
Finished building: BareMetal_Serial_RS485_Board1_Bidirectional_Serial_Loopback.list
 
11:39:23 **** Incremental Build of configuration Debug for project BareMetal_Serial_RS485_Board1_Bidirectional_Serial_Loopback ****
make -j12 all 
arm-none-eabi-size  BareMetal_Serial_RS485_Board1_Bidirectional_Serial_Loopback.elf 
   text	   data	    bss	    dec	    hex	filename
  11408	     12	   1868	  13288	   33e8	BareMetal_Serial_RS485_Board1_Bidirectional_Serial_Loopback.elf
Finished building: default.size.stdout
 
11:39:59 **** Incremental Build of configuration Debug for project BareMetal_Serial_RS485_Board1_Bidirectional_Serial_Loopback ****
make -j12 all 
arm-none-eabi-size  BareMetal_Serial_RS485_Board1_Bidirectional_Serial_Loopback.elf 
   text	   data	    bss	    dec	    hex	filename
  11408	     12	   1868	  13288	   33e8	BareMetal_Serial_RS485_Board1_Bidirectional_Serial_Loopback.elf
Finished building: default.size.stdout
 
11:42:53 **** Incremental Build of configuration Debug for project BareMetal_Serial_RS485_Board1_Bidirectional_Serial_Loopback ****
make -j12 all 
arm-none-eabi-gcc "../Core/Src/main.c" -mcpu=cortex-m0plus -std=gnu11 -g3 -DDEBUG -DUSE_HAL_DRIVER -DSTM32G0B1xx -c -I../Core/Inc -I../Drivers/STM32G0xx_HAL_Driver/Inc -I../Drivers/STM32G0xx_HAL_Driver/Inc/Legacy -I../Drivers/CMSIS/Device/ST/STM32G0xx/Include -I../Drivers/CMSIS/Include -O0 -ffunction-sections -fdata-sections -Wall -fstack-usage -fcyclomatic-complexity -MMD -MP -MF"Core/Src/main.d" -MT"Core/Src/main.o" --specs=nano.specs -mfloat-abi=soft -mthumb -o "Core/Src/main.o"
arm-none-eabi-gcc -o "BareMetal_Serial_RS485_Board1_Bidirectional_Serial_Loopback.elf" @"objects.list"   -mcpu=cortex-m0plus -T"C:\Users\ramekp\Desktop\STM32_Projects\Version_1_19\BareMetal_Serial_RS485_Board1_Bidirectional_Serial_Loopback\BareMetal_Serial_RS485_Board1_Bidirectional_Serial_Loopback\STM32G0B1RETX_FLASH.ld" --specs=nosys.specs -Wl,-Map="BareMetal_Serial_RS485_Board1_Bidirectional_Serial_Loopback.map" -Wl,--gc-sections -static --specs=nano.specs -mfloat-abi=soft -mthumb -Wl,--start-group -lc -lm -Wl,--end-group
Finished building target: BareMetal_Serial_RS485_Board1_Bidirectional_Serial_Loopback.elf
 
arm-none-eabi-size  BareMetal_Serial_RS485_Board1_Bidirectional_Serial_Loopback.elf 
arm-none-eabi-objdump -h -S BareMetal_Serial_RS485_Board1_Bidirectional_Serial_Loopback.elf  > "BareMetal_Serial_RS485_Board1_Bidirectional_Serial_Loopback.list"
   text	   data	    bss	    dec	    hex	filename
  11412	     12	   1724	  13148	   335c	BareMetal_Serial_RS485_Board1_Bidirectional_Serial_Loopback.elf
Finished building: default.size.stdout
 
Finished building: BareMetal_Serial_RS485_Board1_Bidirectional_Serial_Loopback.list
 
11:43:10 **** Incremental Build of configuration Debug for project BareMetal_Serial_RS485_Board1_Bidirectional_Serial_Loopback ****
make -j12 all 
arm-none-eabi-gcc "../Core/Src/main.c" -mcpu=cortex-m0plus -std=gnu11 -g3 -DDEBUG -DUSE_HAL_DRIVER -DSTM32G0B1xx -c -I../Core/Inc -I../Drivers/STM32G0xx_HAL_Driver/Inc -I../Drivers/STM32G0xx_HAL_Driver/Inc/Legacy -I../Drivers/CMSIS/Device/ST/STM32G0xx/Include -I../Drivers/CMSIS/Include -O0 -ffunction-sections -fdata-sections -Wall -fstack-usage -fcyclomatic-complexity -MMD -MP -MF"Core/Src/main.d" -MT"Core/Src/main.o" --specs=nano.specs -mfloat-abi=soft -mthumb -o "Core/Src/main.o"
arm-none-eabi-gcc -o "BareMetal_Serial_RS485_Board1_Bidirectional_Serial_Loopback.elf" @"objects.list"   -mcpu=cortex-m0plus -T"C:\Users\ramekp\Desktop\STM32_Projects\Version_1_19\BareMetal_Serial_RS485_Board1_Bidirectional_Serial_Loopback\BareMetal_Serial_RS485_Board1_Bidirectional_Serial_Loopback\STM32G0B1RETX_FLASH.ld" --specs=nosys.specs -Wl,-Map="BareMetal_Serial_RS485_Board1_Bidirectional_Serial_Loopback.map" -Wl,--gc-sections -static --specs=nano.specs -mfloat-abi=soft -mthumb -Wl,--start-group -lc -lm -Wl,--end-group
Finished building target: BareMetal_Serial_RS485_Board1_Bidirectional_Serial_Loopback.elf
 
arm-none-eabi-size  BareMetal_Serial_RS485_Board1_Bidirectional_Serial_Loopback.elf 
arm-none-eabi-objdump -h -S BareMetal_Serial_RS485_Board1_Bidirectional_Serial_Loopback.elf  > "BareMetal_Serial_RS485_Board1_Bidirectional_Serial_Loopback.list"
   text	   data	    bss	    dec	    hex	filename
  11416	     12	   1868	  13296	   33f0	BareMetal_Serial_RS485_Board1_Bidirectional_Serial_Loopback.elf
Finished building: default.size.stdout
 
Finished building: BareMetal_Serial_RS485_Board1_Bidirectional_Serial_Loopback.list
 
11:43:17 **** Incremental Build of configuration Debug for project BareMetal_Serial_RS485_Board1_Bidirectional_Serial_Loopback ****
make -j12 all 
arm-none-eabi-size  BareMetal_Serial_RS485_Board1_Bidirectional_Serial_Loopback.elf 
   text	   data	    bss	    dec	    hex	filename
  11416	     12	   1868	  13296	   33f0	BareMetal_Serial_RS485_Board1_Bidirectional_Serial_Loopback.elf
Finished building: default.size.stdout
 
11:45:34 **** Incremental Build of configuration Debug for project BareMetal_Serial_RS485_Board1_Bidirectional_Serial_Loopback ****
make -j12 all 
arm-none-eabi-gcc "../Core/Src/main.c" -mcpu=cortex-m0plus -std=gnu11 -g3 -DDEBUG -DUSE_HAL_DRIVER -DSTM32G0B1xx -c -I../Core/Inc -I../Drivers/STM32G0xx_HAL_Driver/Inc -I../Drivers/STM32G0xx_HAL_Driver/Inc/Legacy -I../Drivers/CMSIS/Device/ST/STM32G0xx/Include -I../Drivers/CMSIS/Include -O0 -ffunction-sections -fdata-sections -Wall -fstack-usage -fcyclomatic-complexity -MMD -MP -MF"Core/Src/main.d" -MT"Core/Src/main.o" --specs=nano.specs -mfloat-abi=soft -mthumb -o "Core/Src/main.o"
arm-none-eabi-gcc -o "BareMetal_Serial_RS485_Board1_Bidirectional_Serial_Loopback.elf" @"objects.list"   -mcpu=cortex-m0plus -T"C:\Users\ramekp\Desktop\STM32_Projects\Version_1_19\BareMetal_Serial_RS485_Board1_Bidirectional_Serial_Loopback\BareMetal_Serial_RS485_Board1_Bidirectional_Serial_Loopback\STM32G0B1RETX_FLASH.ld" --specs=nosys.specs -Wl,-Map="BareMetal_Serial_RS485_Board1_Bidirectional_Serial_Loopback.map" -Wl,--gc-sections -static --specs=nano.specs -mfloat-abi=soft -mthumb -Wl,--start-group -lc -lm -Wl,--end-group
Finished building target: BareMetal_Serial_RS485_Board1_Bidirectional_Serial_Loopback.elf
 
arm-none-eabi-size  BareMetal_Serial_RS485_Board1_Bidirectional_Serial_Loopback.elf 
arm-none-eabi-objdump -h -S BareMetal_Serial_RS485_Board1_Bidirectional_Serial_Loopback.elf  > "BareMetal_Serial_RS485_Board1_Bidirectional_Serial_Loopback.list"
   text	   data	    bss	    dec	    hex	filename
  11456	     12	   1868	  13336	   3418	BareMetal_Serial_RS485_Board1_Bidirectional_Serial_Loopback.elf
Finished building: default.size.stdout
 
Finished building: BareMetal_Serial_RS485_Board1_Bidirectional_Serial_Loopback.list
 
11:45:41 **** Incremental Build of configuration Debug for project BareMetal_Serial_RS485_Board1_Bidirectional_Serial_Loopback ****
make -j12 all 
arm-none-eabi-size  BareMetal_Serial_RS485_Board1_Bidirectional_Serial_Loopback.elf 
   text	   data	    bss	    dec	    hex	filename
  11456	     12	   1868	  13336	   3418	BareMetal_Serial_RS485_Board1_Bidirectional_Serial_Loopback.elf
Finished building: default.size.stdout
 
11:46:20 **** Incremental Build of configuration Debug for project BareMetal_Serial_RS485_Board1_Bidirectional_Serial_Loopback ****
make -j12 all 
arm-none-eabi-gcc "../Core/Src/main.c" -mcpu=cortex-m0plus -std=gnu11 -g3 -DDEBUG -DUSE_HAL_DRIVER -DSTM32G0B1xx -c -I../Core/Inc -I../Drivers/STM32G0xx_HAL_Driver/Inc -I../Drivers/STM32G0xx_HAL_Driver/Inc/Legacy -I../Drivers/CMSIS/Device/ST/STM32G0xx/Include -I../Drivers/CMSIS/Include -O0 -ffunction-sections -fdata-sections -Wall -fstack-usage -fcyclomatic-complexity -MMD -MP -MF"Core/Src/main.d" -MT"Core/Src/main.o" --specs=nano.specs -mfloat-abi=soft -mthumb -o "Core/Src/main.o"
arm-none-eabi-gcc -o "BareMetal_Serial_RS485_Board1_Bidirectional_Serial_Loopback.elf" @"objects.list"   -mcpu=cortex-m0plus -T"C:\Users\ramekp\Desktop\STM32_Projects\Version_1_19\BareMetal_Serial_RS485_Board1_Bidirectional_Serial_Loopback\BareMetal_Serial_RS485_Board1_Bidirectional_Serial_Loopback\STM32G0B1RETX_FLASH.ld" --specs=nosys.specs -Wl,-Map="BareMetal_Serial_RS485_Board1_Bidirectional_Serial_Loopback.map" -Wl,--gc-sections -static --specs=nano.specs -mfloat-abi=soft -mthumb -Wl,--start-group -lc -lm -Wl,--end-group
Finished building target: BareMetal_Serial_RS485_Board1_Bidirectional_Serial_Loopback.elf
 
arm-none-eabi-size  BareMetal_Serial_RS485_Board1_Bidirectional_Serial_Loopback.elf 
arm-none-eabi-objdump -h -S BareMetal_Serial_RS485_Board1_Bidirectional_Serial_Loopback.elf  > "BareMetal_Serial_RS485_Board1_Bidirectional_Serial_Loopback.list"
   text	   data	    bss	    dec	    hex	filename
  12664	     12	   1868	  14544	   38d0	BareMetal_Serial_RS485_Board1_Bidirectional_Serial_Loopback.elf
Finished building: default.size.stdout
 
Finished building: BareMetal_Serial_RS485_Board1_Bidirectional_Serial_Loopback.list
 
11:46:27 **** Incremental Build of configuration Debug for project BareMetal_Serial_RS485_Board1_Bidirectional_Serial_Loopback ****
make -j12 all 
arm-none-eabi-size  BareMetal_Serial_RS485_Board1_Bidirectional_Serial_Loopback.elf 
   text	   data	    bss	    dec	    hex	filename
  12664	     12	   1868	  14544	   38d0	BareMetal_Serial_RS485_Board1_Bidirectional_Serial_Loopback.elf
Finished building: default.size.stdout
 
12:22:56 **** Incremental Build of configuration Debug for project BareMetal_Serial_RS485_Board1_Bidirectional_Serial_Loopback ****
make -j12 all 
arm-none-eabi-gcc "../Core/Src/main.c" -mcpu=cortex-m0plus -std=gnu11 -g3 -DDEBUG -DUSE_HAL_DRIVER -DSTM32G0B1xx -c -I../Core/Inc -I../Drivers/STM32G0xx_HAL_Driver/Inc -I../Drivers/STM32G0xx_HAL_Driver/Inc/Legacy -I../Drivers/CMSIS/Device/ST/STM32G0xx/Include -I../Drivers/CMSIS/Include -O0 -ffunction-sections -fdata-sections -Wall -fstack-usage -fcyclomatic-complexity -MMD -MP -MF"Core/Src/main.d" -MT"Core/Src/main.o" --specs=nano.specs -mfloat-abi=soft -mthumb -o "Core/Src/main.o"
../Core/Src/main.c: In function 'main':
../Core/Src/main.c:97:9: warning: implicit declaration of function 'uart_receive_exact' [-Wimplicit-function-declaration]
   97 |     if (uart_receive_exact(&huart6, rx_buf, sizeof(rx_buf), 100U) == HAL_OK) {
      |         ^~~~~~~~~~~~~~~~~~
../Core/Src/main.c:97:37: error: 'rx_buf' undeclared (first use in this function)
   97 |     if (uart_receive_exact(&huart6, rx_buf, sizeof(rx_buf), 100U) == HAL_OK) {
      |                                     ^~~~~~
../Core/Src/main.c:97:37: note: each undeclared identifier is reported only once for each function it appears in
make: *** [Core/Src/subdir.mk:40: Core/Src/main.o] Error 1
"make -j12 all" terminated with exit code 2. Build might be incomplete.
12:23:29 **** Incremental Build of configuration Debug for project BareMetal_Serial_RS485_Board1_Bidirectional_Serial_Loopback ****
make -j12 all 
arm-none-eabi-gcc "../Core/Src/main.c" -mcpu=cortex-m0plus -std=gnu11 -g3 -DDEBUG -DUSE_HAL_DRIVER -DSTM32G0B1xx -c -I../Core/Inc -I../Drivers/STM32G0xx_HAL_Driver/Inc -I../Drivers/STM32G0xx_HAL_Driver/Inc/Legacy -I../Drivers/CMSIS/Device/ST/STM32G0xx/Include -I../Drivers/CMSIS/Include -O0 -ffunction-sections -fdata-sections -Wall -fstack-usage -fcyclomatic-complexity -MMD -MP -MF"Core/Src/main.d" -MT"Core/Src/main.o" --specs=nano.specs -mfloat-abi=soft -mthumb -o "Core/Src/main.o"
../Core/Src/main.c: In function 'main':
../Core/Src/main.c:98:9: warning: implicit declaration of function 'uart_receive_exact' [-Wimplicit-function-declaration]
   98 |     if (uart_receive_exact(&huart6, rx_buf, sizeof(rx_buf), 100U) == HAL_OK) {
      |         ^~~~~~~~~~~~~~~~~~
arm-none-eabi-gcc -o "BareMetal_Serial_RS485_Board1_Bidirectional_Serial_Loopback.elf" @"objects.list"   -mcpu=cortex-m0plus -T"C:\Users\ramekp\Desktop\STM32_Projects\Version_1_19\BareMetal_Serial_RS485_Board1_Bidirectional_Serial_Loopback\BareMetal_Serial_RS485_Board1_Bidirectional_Serial_Loopback\STM32G0B1RETX_FLASH.ld" --specs=nosys.specs -Wl,-Map="BareMetal_Serial_RS485_Board1_Bidirectional_Serial_Loopback.map" -Wl,--gc-sections -static --specs=nano.specs -mfloat-abi=soft -mthumb -Wl,--start-group -lc -lm -Wl,--end-group
C:/ST/STM32CubeIDE_1.19.0/STM32CubeIDE/plugins/com.st.stm32cube.ide.mcu.externaltools.gnu-tools-for-stm32.13.3.rel1.win32_1.0.0.202411081344/tools/bin/../lib/gcc/arm-none-eabi/13.3.1/../../../../arm-none-eabi/bin/ld.exe: ./Core/Src/main.o: in function `main':
C:/Users/ramekp/Desktop/STM32_Projects/Version_1_19/BareMetal_Serial_RS485_Board1_Bidirectional_Serial_Loopback/BareMetal_Serial_RS485_Board1_Bidirectional_Serial_Loopback/Debug/../Core/Src/main.c:98:(.text.main+0x36): undefined reference to `uart_receive_exact'
collect2.exe: error: ld returned 1 exit status
make: *** [makefile:64: BareMetal_Serial_RS485_Board1_Bidirectional_Serial_Loopback.elf] Error 1
"make -j12 all" terminated with exit code 2. Build might be incomplete.
12:24:04 **** Incremental Build of configuration Debug for project BareMetal_Serial_RS485_Board1_Bidirectional_Serial_Loopback ****
make -j12 all 
arm-none-eabi-gcc "../Core/Src/main.c" -mcpu=cortex-m0plus -std=gnu11 -g3 -DDEBUG -DUSE_HAL_DRIVER -DSTM32G0B1xx -c -I../Core/Inc -I../Drivers/STM32G0xx_HAL_Driver/Inc -I../Drivers/STM32G0xx_HAL_Driver/Inc/Legacy -I../Drivers/CMSIS/Device/ST/STM32G0xx/Include -I../Drivers/CMSIS/Include -O0 -ffunction-sections -fdata-sections -Wall -fstack-usage -fcyclomatic-complexity -MMD -MP -MF"Core/Src/main.d" -MT"Core/Src/main.o" --specs=nano.specs -mfloat-abi=soft -mthumb -o "Core/Src/main.o"
arm-none-eabi-gcc -o "BareMetal_Serial_RS485_Board1_Bidirectional_Serial_Loopback.elf" @"objects.list"   -mcpu=cortex-m0plus -T"C:\Users\ramekp\Desktop\STM32_Projects\Version_1_19\BareMetal_Serial_RS485_Board1_Bidirectional_Serial_Loopback\BareMetal_Serial_RS485_Board1_Bidirectional_Serial_Loopback\STM32G0B1RETX_FLASH.ld" --specs=nosys.specs -Wl,-Map="BareMetal_Serial_RS485_Board1_Bidirectional_Serial_Loopback.map" -Wl,--gc-sections -static --specs=nano.specs -mfloat-abi=soft -mthumb -Wl,--start-group -lc -lm -Wl,--end-group
Finished building target: BareMetal_Serial_RS485_Board1_Bidirectional_Serial_Loopback.elf
 
arm-none-eabi-size  BareMetal_Serial_RS485_Board1_Bidirectional_Serial_Loopback.elf 
arm-none-eabi-objdump -h -S BareMetal_Serial_RS485_Board1_Bidirectional_Serial_Loopback.elf  > "BareMetal_Serial_RS485_Board1_Bidirectional_Serial_Loopback.list"
   text	   data	    bss	    dec	    hex	filename
  13264	     12	   2020	  15296	   3bc0	BareMetal_Serial_RS485_Board1_Bidirectional_Serial_Loopback.elf
Finished building: default.size.stdout
 
Finished building: BareMetal_Serial_RS485_Board1_Bidirectional_Serial_Loopback.list
 
12:24:25 **** Incremental Build of configuration Debug for project BareMetal_Serial_RS485_Board1_Bidirectional_Serial_Loopback ****
make -j12 all 
arm-none-eabi-size  BareMetal_Serial_RS485_Board1_Bidirectional_Serial_Loopback.elf 
   text	   data	    bss	    dec	    hex	filename
  13264	     12	   2020	  15296	   3bc0	BareMetal_Serial_RS485_Board1_Bidirectional_Serial_Loopback.elf
Finished building: default.size.stdout
 
