Archive member included to satisfy reference by file (symbol)

C:/ST/STM32CubeIDE_1.19.0/STM32CubeIDE/plugins/com.st.stm32cube.ide.mcu.externaltools.gnu-tools-for-stm32.13.3.rel1.win32_1.0.0.202411081344/tools/bin/../lib/gcc/arm-none-eabi/13.3.1/../../../../arm-none-eabi/lib/thumb/v8-m.main+fp/hard\libc_nano.a(libc_a-exit.o)
                              C:/ST/STM32CubeIDE_1.19.0/STM32CubeIDE/plugins/com.st.stm32cube.ide.mcu.externaltools.gnu-tools-for-stm32.13.3.rel1.win32_1.0.0.202411081344/tools/bin/../lib/gcc/arm-none-eabi/13.3.1/../../../../arm-none-eabi/lib/thumb/v8-m.main+fp/hard/crt0.o (exit)
C:/ST/STM32CubeIDE_1.19.0/STM32CubeIDE/plugins/com.st.stm32cube.ide.mcu.externaltools.gnu-tools-for-stm32.13.3.rel1.win32_1.0.0.202411081344/tools/bin/../lib/gcc/arm-none-eabi/13.3.1/../../../../arm-none-eabi/lib/thumb/v8-m.main+fp/hard\libc_nano.a(libc_a-findfp.o)
                              C:/ST/STM32CubeIDE_1.19.0/STM32CubeIDE/plugins/com.st.stm32cube.ide.mcu.externaltools.gnu-tools-for-stm32.13.3.rel1.win32_1.0.0.202411081344/tools/bin/../lib/gcc/arm-none-eabi/13.3.1/../../../../arm-none-eabi/lib/thumb/v8-m.main+fp/hard\libc_nano.a(libc_a-exit.o) (__stdio_exit_handler)
C:/ST/STM32CubeIDE_1.19.0/STM32CubeIDE/plugins/com.st.stm32cube.ide.mcu.externaltools.gnu-tools-for-stm32.13.3.rel1.win32_1.0.0.202411081344/tools/bin/../lib/gcc/arm-none-eabi/13.3.1/../../../../arm-none-eabi/lib/thumb/v8-m.main+fp/hard\libc_nano.a(libc_a-fwalk.o)
                              C:/ST/STM32CubeIDE_1.19.0/STM32CubeIDE/plugins/com.st.stm32cube.ide.mcu.externaltools.gnu-tools-for-stm32.13.3.rel1.win32_1.0.0.202411081344/tools/bin/../lib/gcc/arm-none-eabi/13.3.1/../../../../arm-none-eabi/lib/thumb/v8-m.main+fp/hard\libc_nano.a(libc_a-findfp.o) (_fwalk_sglue)
C:/ST/STM32CubeIDE_1.19.0/STM32CubeIDE/plugins/com.st.stm32cube.ide.mcu.externaltools.gnu-tools-for-stm32.13.3.rel1.win32_1.0.0.202411081344/tools/bin/../lib/gcc/arm-none-eabi/13.3.1/../../../../arm-none-eabi/lib/thumb/v8-m.main+fp/hard\libc_nano.a(libc_a-stdio.o)
                              C:/ST/STM32CubeIDE_1.19.0/STM32CubeIDE/plugins/com.st.stm32cube.ide.mcu.externaltools.gnu-tools-for-stm32.13.3.rel1.win32_1.0.0.202411081344/tools/bin/../lib/gcc/arm-none-eabi/13.3.1/../../../../arm-none-eabi/lib/thumb/v8-m.main+fp/hard\libc_nano.a(libc_a-findfp.o) (__sread)
C:/ST/STM32CubeIDE_1.19.0/STM32CubeIDE/plugins/com.st.stm32cube.ide.mcu.externaltools.gnu-tools-for-stm32.13.3.rel1.win32_1.0.0.202411081344/tools/bin/../lib/gcc/arm-none-eabi/13.3.1/../../../../arm-none-eabi/lib/thumb/v8-m.main+fp/hard\libc_nano.a(libc_a-memset.o)
                              C:/ST/STM32CubeIDE_1.19.0/STM32CubeIDE/plugins/com.st.stm32cube.ide.mcu.externaltools.gnu-tools-for-stm32.13.3.rel1.win32_1.0.0.202411081344/tools/bin/../lib/gcc/arm-none-eabi/13.3.1/../../../../arm-none-eabi/lib/thumb/v8-m.main+fp/hard/crt0.o (memset)
C:/ST/STM32CubeIDE_1.19.0/STM32CubeIDE/plugins/com.st.stm32cube.ide.mcu.externaltools.gnu-tools-for-stm32.13.3.rel1.win32_1.0.0.202411081344/tools/bin/../lib/gcc/arm-none-eabi/13.3.1/../../../../arm-none-eabi/lib/thumb/v8-m.main+fp/hard\libc_nano.a(libc_a-closer.o)
                              C:/ST/STM32CubeIDE_1.19.0/STM32CubeIDE/plugins/com.st.stm32cube.ide.mcu.externaltools.gnu-tools-for-stm32.13.3.rel1.win32_1.0.0.202411081344/tools/bin/../lib/gcc/arm-none-eabi/13.3.1/../../../../arm-none-eabi/lib/thumb/v8-m.main+fp/hard\libc_nano.a(libc_a-stdio.o) (_close_r)
C:/ST/STM32CubeIDE_1.19.0/STM32CubeIDE/plugins/com.st.stm32cube.ide.mcu.externaltools.gnu-tools-for-stm32.13.3.rel1.win32_1.0.0.202411081344/tools/bin/../lib/gcc/arm-none-eabi/13.3.1/../../../../arm-none-eabi/lib/thumb/v8-m.main+fp/hard\libc_nano.a(libc_a-reent.o)
                              C:/ST/STM32CubeIDE_1.19.0/STM32CubeIDE/plugins/com.st.stm32cube.ide.mcu.externaltools.gnu-tools-for-stm32.13.3.rel1.win32_1.0.0.202411081344/tools/bin/../lib/gcc/arm-none-eabi/13.3.1/../../../../arm-none-eabi/lib/thumb/v8-m.main+fp/hard\libc_nano.a(libc_a-closer.o) (errno)
C:/ST/STM32CubeIDE_1.19.0/STM32CubeIDE/plugins/com.st.stm32cube.ide.mcu.externaltools.gnu-tools-for-stm32.13.3.rel1.win32_1.0.0.202411081344/tools/bin/../lib/gcc/arm-none-eabi/13.3.1/../../../../arm-none-eabi/lib/thumb/v8-m.main+fp/hard\libc_nano.a(libc_a-impure.o)
                              C:/ST/STM32CubeIDE_1.19.0/STM32CubeIDE/plugins/com.st.stm32cube.ide.mcu.externaltools.gnu-tools-for-stm32.13.3.rel1.win32_1.0.0.202411081344/tools/bin/../lib/gcc/arm-none-eabi/13.3.1/../../../../arm-none-eabi/lib/thumb/v8-m.main+fp/hard\libc_nano.a(libc_a-reent.o) (_impure_ptr)
C:/ST/STM32CubeIDE_1.19.0/STM32CubeIDE/plugins/com.st.stm32cube.ide.mcu.externaltools.gnu-tools-for-stm32.13.3.rel1.win32_1.0.0.202411081344/tools/bin/../lib/gcc/arm-none-eabi/13.3.1/../../../../arm-none-eabi/lib/thumb/v8-m.main+fp/hard\libc_nano.a(libc_a-lseekr.o)
[...]
Memory Configuration

Name             Origin             Length             Attributes
RAM              0x20000000         0x00040000         xrw
SRAM4            0x28000000         0x00004000         xrw
FLASH            0x08000000         0x00080000         xr
*default*        0x00000000         0xffffffff

Linker script and memory map

LOAD C:/ST/STM32CubeIDE_1.19.0/STM32CubeIDE/plugins/com.st.stm32cube.ide.mcu.externaltools.gnu-tools-for-stm32.13.3.rel1.win32_1.0.0.202411081344/tools/bin/../lib/gcc/arm-none-eabi/13.3.1/thumb/v8-m.main+fp/hard/crti.o
LOAD C:/ST/STM32CubeIDE_1.19.0/STM32CubeIDE/plugins/com.st.stm32cube.ide.mcu.externaltools.gnu-tools-for-stm32.13.3.rel1.win32_1.0.0.202411081344/tools/bin/../lib/gcc/arm-none-eabi/13.3.1/thumb/v8-m.main+fp/hard/crtbegin.o
LOAD C:/ST/STM32CubeIDE_1.19.0/STM32CubeIDE/plugins/com.st.stm32cube.ide.mcu.externaltools.gnu-tools-for-stm32.13.3.rel1.win32_1.0.0.202411081344/tools/bin/../lib/gcc/arm-none-eabi/13.3.1/../../../../arm-none-eabi/lib/thumb/v8-m.main+fp/hard/crt0.o
LOAD ./Core/Src/app_freertos.o
LOAD ./Core/Src/gpio.o
LOAD ./Core/Src/icache.o
LOAD ./Core/Src/main.o
LOAD ./Core/Src/stm32u5xx_hal_msp.o
LOAD ./Core/Src/stm32u5xx_it.o
LOAD ./Core/Src/syscalls.o
LOAD ./Core/Src/sysmem.o
LOAD ./Core/Src/system_stm32u5xx.o
LOAD ./Core/Src/usart.o
LOAD ./Core/Startup/startup_stm32u545retxq.o
LOAD ./Drivers/BSP/STM32U5xx_Nucleo/stm32u5xx_nucleo.o
LOAD ./Drivers/STM32U5xx_HAL_Driver/Src/stm32u5xx_hal.o
LOAD ./Drivers/STM32U5xx_HAL_Driver/Src/stm32u5xx_hal_cortex.o
LOAD ./Drivers/STM32U5xx_HAL_Driver/Src/stm32u5xx_hal_dma.o
LOAD ./Drivers/STM32U5xx_HAL_Driver/Src/stm32u5xx_hal_dma_ex.o
LOAD ./Drivers/STM32U5xx_HAL_Driver/Src/stm32u5xx_hal_exti.o
LOAD ./Drivers/STM32U5xx_HAL_Driver/Src/stm32u5xx_hal_flash.o
LOAD ./Drivers/STM32U5xx_HAL_Driver/Src/stm32u5xx_hal_flash_ex.o
LOAD ./Drivers/STM32U5xx_HAL_Driver/Src/stm32u5xx_hal_gpio.o
LOAD ./Drivers/STM32U5xx_HAL_Driver/Src/stm32u5xx_hal_gtzc.o
LOAD ./Drivers/STM32U5xx_HAL_Driver/Src/stm32u5xx_hal_i2c.o
LOAD ./Drivers/STM32U5xx_HAL_Driver/Src/stm32u5xx_hal_i2c_ex.o
LOAD ./Drivers/STM32U5xx_HAL_Driver/Src/stm32u5xx_hal_icache.o
LOAD ./Drivers/STM32U5xx_HAL_Driver/Src/stm32u5xx_hal_pwr.o
LOAD ./Drivers/STM32U5xx_HAL_Driver/Src/stm32u5xx_hal_pwr_ex.o
LOAD ./Drivers/STM32U5xx_HAL_Driver/Src/stm32u5xx_hal_rcc.o
LOAD ./Drivers/STM32U5xx_HAL_Driver/Src/stm32u5xx_hal_rcc_ex.o
LOAD ./Drivers/STM32U5xx_HAL_Driver/Src/stm32u5xx_hal_uart.o
LOAD ./Drivers/STM32U5xx_HAL_Driver/Src/stm32u5xx_hal_uart_ex.o
LOAD ./Drivers/STM32U5xx_HAL_Driver/Src/stm32u5xx_hal_usart.o
LOAD ./Drivers/STM32U5xx_HAL_Driver/Src/stm32u5xx_hal_usart_ex.o
LOAD ./Middlewares/Third_Party/FreeRTOS/Source/CMSIS_RTOS_V2/cmsis_os2.o
LOAD ./Middlewares/Third_Party/FreeRTOS/Source/croutine.o
LOAD ./Middlewares/Third_Party/FreeRTOS/Source/event_groups.o
LOAD ./Middlewares/Third_Party/FreeRTOS/Source/list.o
LOAD ./Middlewares/Third_Party/FreeRTOS/Source/queue.o
LOAD ./Middlewares/Third_Party/FreeRTOS/Source/stream_buffer.o
LOAD ./Middlewares/Third_Party/FreeRTOS/Source/tasks.o
LOAD ./Middlewares/Third_Party/FreeRTOS/Source/timers.o
LOAD ./Middlewares/Third_Party/FreeRTOS/Source/portable/GCC/ARM_CM33_NTZ/non_secure/port.o
LOAD ./Middlewares/Third_Party/FreeRTOS/Source/portable/GCC/ARM_CM33_NTZ/non_secure/portasm.o
LOAD ./Middlewares/Third_Party/FreeRTOS/Source/portable/MemMang/heap_4.o
START GROUP
LOAD C:/ST/STM32CubeIDE_1.19.0/STM32CubeIDE/plugins/com.st.stm32cube.ide.mcu.externaltools.gnu-tools-for-stm32.13.3.rel1.win32_1.0.0.202411081344/tools/bin/../lib/gcc/arm-none-eabi/13.3.1/../../../../arm-none-eabi/lib/thumb/v8-m.main+fp/hard\libc_nano.a
LOAD C:/ST/STM32CubeIDE_1.19.0/STM32CubeIDE/plugins/com.st.stm32cube.ide.mcu.externaltools.gnu-tools-for-stm32.13.3.rel1.win32_1.0.0.202411081344/tools/bin/../lib/gcc/arm-none-eabi/13.3.1/../../../../arm-none-eabi/lib/thumb/v8-m.main+fp/hard\libm.a
END GROUP
START GROUP
LOAD C:/ST/STM32CubeIDE_1.19.0/STM32CubeIDE/plugins/com.st.stm32cube.ide.mcu.externaltools.gnu-tools-for-stm32.13.3.rel1.win32_1.0.0.202411081344/tools/bin/../lib/gcc/arm-none-eabi/13.3.1/thumb/v8-m.main+fp/hard\libgcc.a
LOAD C:/ST/STM32CubeIDE_1.19.0/STM32CubeIDE/plugins/com.st.stm32cube.ide.mcu.externaltools.gnu-tools-for-stm32.13.3.rel1.win32_1.0.0.202411081344/tools/bin/../lib/gcc/arm-none-eabi/13.3.1/../../../../arm-none-eabi/lib/thumb/v8-m.main+fp/hard\libc_nano.a
END GROUP
START GROUP
LOAD C:/ST/STM32CubeIDE_1.19.0/STM32CubeIDE/plugins/com.st.stm32cube.ide.mcu.externaltools.gnu-tools-for-stm32.13.3.rel1.win32_1.0.0.202411081344/tools/bin/../lib/gcc/arm-none-eabi/13.3.1/thumb/v8-m.main+fp/hard\libgcc.a
LOAD C:/ST/STM32CubeIDE_1.19.0/STM32CubeIDE/plugins/com.st.stm32cube.ide.mcu.externaltools.gnu-tools-for-stm32.13.3.rel1.win32_1.0.0.202411081344/tools/bin/../lib/gcc/arm-none-eabi/13.3.1/../../../../arm-none-eabi/lib/thumb/v8-m.main+fp/hard\libc_nano.a
LOAD C:/ST/STM32CubeIDE_1.19.0/STM32CubeIDE/plugins/com.st.stm32cube.ide.mcu.externaltools.gnu-tools-for-stm32.13.3.rel1.win32_1.0.0.202411081344/tools/bin/../lib/gcc/arm-none-eabi/13.3.1/../../../../arm-none-eabi/lib/thumb/v8-m.main+fp/hard\libnosys.a
END GROUP
START GROUP
LOAD C:/ST/STM32CubeIDE_1.19.0/STM32CubeIDE/plugins/com.st.stm32cube.ide.mcu.externaltools.gnu-tools-for-stm32.13.3.rel1.win32_1.0.0.202411081344/tools/bin/../lib/gcc/arm-none-eabi/13.3.1/thumb/v8-m.main+fp/hard\libgcc.a
LOAD C:/ST/STM32CubeIDE_1.19.0/STM32CubeIDE/plugins/com.st.stm32cube.ide.mcu.externaltools.gnu-tools-for-stm32.13.3.rel1.win32_1.0.0.202411081344/tools/bin/../lib/gcc/arm-none-eabi/13.3.1/../../../../arm-none-eabi/lib/thumb/v8-m.main+fp/hard\libc_nano.a
LOAD C:/ST/STM32CubeIDE_1.19.0/STM32CubeIDE/plugins/com.st.stm32cube.ide.mcu.externaltools.gnu-tools-for-stm32.13.3.rel1.win32_1.0.0.202411081344/tools/bin/../lib/gcc/arm-none-eabi/13.3.1/../../../../arm-none-eabi/lib/thumb/v8-m.main+fp/hard\libnosys.a
END GROUP
LOAD C:/ST/STM32CubeIDE_1.19.0/STM32CubeIDE/plugins/com.st.stm32cube.ide.mcu.externaltools.gnu-tools-for-stm32.13.3.rel1.win32_1.0.0.202411081344/tools/bin/../lib/gcc/arm-none-eabi/13.3.1/thumb/v8-m.main+fp/hard/crtend.o
LOAD C:/ST/STM32CubeIDE_1.19.0/STM32CubeIDE/plugins/com.st.stm32cube.ide.mcu.externaltools.gnu-tools-for-stm32.13.3.rel1.win32_1.0.0.202411081344/tools/bin/../lib/gcc/arm-none-eabi/13.3.1/thumb/v8-m.main+fp/hard/crtn.o
                0x20040000                        _estack = (ORIGIN (RAM) + LENGTH (RAM))
                0x00000200                        _Min_Heap_Size = 0x200
                0x00000400                        _Min_Stack_Size = 0x400

.isr_vector     0x08000000      0x238
 *(.isr_vector)
 .isr_vector    0x08000000      0x238 ./Core/Startup/startup_stm32u545retxq.o
                0x08000000                g_pfnVectors

.text           0x08000238     0x8410
 *(.text)
 .text          0x08000238       0x40 C:/ST/STM32CubeIDE_1.19.0/STM32CubeIDE/plugins/com.st.stm32cube.ide.mcu.externaltools.gnu-tools-for-stm32.13.3.rel1.win32_1.0.0.202411081344/tools/bin/../lib/gcc/arm-none-eabi/13.3.1/thumb/v8-m.main+fp/hard/crtbegin.o
 .text          0x08000278       0x30 C:/ST/STM32CubeIDE_1.19.0/STM32CubeIDE/plugins/com.st.stm32cube.ide.mcu.externaltools.gnu-tools-for-stm32.13.3.rel1.win32_1.0.0.202411081344/tools/bin/../lib/gcc/arm-none-eabi/13.3.1/thumb/v8-m.main+fp/hard\libgcc.a(_aeabi_uldivmod.o)
                0x08000278                __aeabi_uldivmod
 .text          0x080002a8      0x348 C:/ST/STM32CubeIDE_1.19.0/STM32CubeIDE/plugins/com.st.stm32cube.ide.mcu.externaltools.gnu-tools-for-stm32.13.3.rel1.win32_1.0.0.202411081344/tools/bin/../lib/gcc/arm-none-eabi/13.3.1/thumb/v8-m.main+fp/hard\libgcc.a(_udivmoddi4.o)
                0x080002a8                __udivmoddi4
 .text          0x080005f0        0x4 C:/ST/STM32CubeIDE_1.19.0/STM32CubeIDE/plugins/com.st.stm32cube.ide.mcu.externaltools.gnu-tools-for-stm32.13.3.rel1.win32_1.0.0.202411081344/tools/bin/../lib/gcc/arm-none-eabi/13.3.1/thumb/v8-m.main+fp/hard\libgcc.a(_dvmd_tls.o)
                0x080005f0                __aeabi_idiv0
                0x080005f0                __aeabi_ldiv0
 *(.text*)
 .text.MX_FREERTOS_Init
                0x080005f4       0x5c ./Core/Src/app_freertos.o
                0x080005f4                MX_FREERTOS_Init
 .text.StartDefaultTask
                0x08000650       0x10 ./Core/Src/app_freertos.o
                0x08000650                StartDefaultTask
 .text.LEDTaskFunction
                0x08000660       0x20 ./Core/Src/app_freertos.o
                0x08000660                LEDTaskFunction
 .text.SerialTaskFunction
                0x08000680       0x4c ./Core/Src/app_freertos.o
                0x08000680                SerialTaskFunction
 .text.MX_GPIO_Init
                0x080006cc       0xac ./Core/Src/gpio.o
                0x080006cc                MX_GPIO_Init
 .text.MX_ICACHE_Init
                0x08000778       0x26 ./Core/Src/icache.o
                0x08000778                MX_ICACHE_Init
 *fill*         0x0800079e        0x2 
 .text.main     0x080007a0       0x54 ./Core/Src/main.o
                0x080007a0                main
 .text.SystemClock_Config
                0x080007f4       0x8e ./Core/Src/main.o
                0x080007f4                SystemClock_Config
 .text.SystemPower_Config
                0x08000882       0x18 ./Core/Src/main.o
 .text.Error_Handler
                0x0800089a        0xc ./Core/Src/main.o
                0x0800089a                Error_Handler
 *fill*         0x080008a6        0x2 
 .text.HAL_MspInit
                0x080008a8       0x3c ./Core/Src/stm32u5xx_hal_msp.o
                0x080008a8                HAL_MspInit
 .text.NMI_Handler
                0x080008e4        0x8 ./Core/Src/stm32u5xx_it.o
                0x080008e4                NMI_Handler
 .text.HardFault_Handler
                0x080008ec        0x8 ./Core/Src/stm32u5xx_it.o
                0x080008ec                HardFault_Handler
 .text.MemManage_Handler
                0x080008f4        0x8 ./Core/Src/stm32u5xx_it.o
                0x080008f4                MemManage_Handler
 .text.BusFault_Handler
                0x080008fc        0x8 ./Core/Src/stm32u5xx_it.o
                0x080008fc                BusFault_Handler
 .text.UsageFault_Handler
                0x08000904        0x8 ./Core/Src/stm32u5xx_it.o
                0x08000904                UsageFault_Handler
 .text.DebugMon_Handler
                0x0800090c        0xe ./Core/Src/stm32u5xx_it.o
                0x0800090c                DebugMon_Handler
 *fill*         0x0800091a        0x2 
 .text.SystemInit
                0x0800091c       0x70 ./Core/Src/system_stm32u5xx.o
                0x0800091c                SystemInit
 .text.MX_UART4_Init
                0x0800098c       0x98 ./Core/Src/usart.o
                0x0800098c                MX_UART4_Init
 .text.HAL_UART_MspInit
                0x08000a24       0xd0 ./Core/Src/usart.o
                0x08000a24                HAL_UART_MspInit
 .text.Reset_Handler
                0x08000af4       0x50 ./Core/Startup/startup_stm32u545retxq.o
                0x08000af4                Reset_Handler
 .text.Default_Handler
                0x08000b44        0x2 ./Core/Startup/startup_stm32u545retxq.o
                0x08000b44                EXTI2_IRQHandler
                0x08000b44                TIM8_TRG_COM_IRQHandler
                0x08000b44                TIM8_CC_IRQHandler
                0x08000b44                EXTI5_IRQHandler
                0x08000b44                FLASH_S_IRQHandler
                0x08000b44                EXTI13_IRQHandler
                0x08000b44                TIM1_CC_IRQHandler
                0x08000b44                TSC_IRQHandler
                0x08000b44                TAMP_IRQHandler
                0x08000b44                TIM6_IRQHandler
                0x08000b44                EXTI12_IRQHandler
                0x08000b44                CORDIC_IRQHandler
                0x08000b44                EXTI3_IRQHandler
                0x08000b44                LPTIM4_IRQHandler
                0x08000b44                GPDMA1_Channel5_IRQHandler
                0x08000b44                EXTI8_IRQHandler
                0x08000b44                LPTIM2_IRQHandler
                0x08000b44                I2C3_ER_IRQHandler
                0x08000b44                PWR_S3WU_IRQHandler
                0x08000b44                LPDMA1_Channel3_IRQHandler
                0x08000b44                LPTIM3_IRQHandler
                0x08000b44                EXTI0_IRQHandler
                0x08000b44                I2C2_EV_IRQHandler
                0x08000b44                FPU_IRQHandler
                0x08000b44                GPDMA1_Channel3_IRQHandler
                0x08000b44                GPDMA1_Channel7_IRQHandler
                0x08000b44                FDCAN1_IT1_IRQHandler
                0x08000b44                RAMCFG_IRQHandler
                0x08000b44                GPDMA1_Channel9_IRQHandler
                0x08000b44                DCACHE1_IRQHandler
                0x08000b44                SPI1_IRQHandler
                0x08000b44                OCTOSPI1_IRQHandler
                0x08000b44                GPDMA1_Channel2_IRQHandler
                0x08000b44                TIM8_UP_IRQHandler
                0x08000b44                RCC_S_IRQHandler
                0x08000b44                MDF1_FLT1_IRQHandler
                0x08000b44                ADC1_IRQHandler
                0x08000b44                PKA_IRQHandler
                0x08000b44                EXTI15_IRQHandler
                0x08000b44                TIM17_IRQHandler
                0x08000b44                USART3_IRQHandler
                0x08000b44                RTC_IRQHandler
                0x08000b44                EXTI9_IRQHandler
                0x08000b44                UART5_IRQHandler
                0x08000b44                TIM4_IRQHandler
                0x08000b44                I2C1_EV_IRQHandler
                0x08000b44                GPDMA1_Channel12_IRQHandler
                0x08000b44                GPDMA1_Channel1_IRQHandler
                0x08000b44                TIM16_IRQHandler
                0x08000b44                GPDMA1_Channel15_IRQHandler
                0x08000b44                UART4_IRQHandler
                0x08000b44                SecureFault_Handler
                0x08000b44                TIM3_IRQHandler
                0x08000b44                RCC_IRQHandler
                0x08000b44                TIM1_TRG_COM_IRQHandler
                0x08000b44                Default_Handler
                0x08000b44                GPDMA1_Channel8_IRQHandler
                0x08000b44                FMAC_IRQHandler
                0x08000b44                OTFDEC1_IRQHandler
                0x08000b44                GPDMA1_Channel11_IRQHandler
                0x08000b44                TIM7_IRQHandler
                0x08000b44                SDMMC1_IRQHandler
                0x08000b44                SAES_IRQHandler
                0x08000b44                TIM5_IRQHandler
                0x08000b44                GPDMA1_Channel0_IRQHandler
                0x08000b44                TIM15_IRQHandler
                0x08000b44                I2C3_EV_IRQHandler
                0x08000b44                USB_IRQHandler
                0x08000b44                LPDMA1_Channel0_IRQHandler
                0x08000b44                PVD_PVM_IRQHandler
                0x08000b44                SPI2_IRQHandler
                0x08000b44                LPDMA1_Channel1_IRQHandler
                0x08000b44                EXTI14_IRQHandler
                0x08000b44                EXTI11_IRQHandler
                0x08000b44                CRS_IRQHandler
                0x08000b44                GPDMA1_Channel14_IRQHandler
                0x08000b44                LSECSSD_IRQHandler
                0x08000b44                EXTI4_IRQHandler
                0x08000b44                RTC_S_IRQHandler
                0x08000b44                GPDMA1_Channel13_IRQHandler
                0x08000b44                RNG_IRQHandler
                0x08000b44                COMP_IRQHandler
                0x08000b44                TIM1_UP_IRQHandler
                0x08000b44                ADC4_IRQHandler
                0x08000b44                WWDG_IRQHandler
                0x08000b44                I2C4_EV_IRQHandler
                0x08000b44                ADF1_IRQHandler
                0x08000b44                IWDG_IRQHandler
                0x08000b44                LPUART1_IRQHandler
                0x08000b44                MDF1_FLT0_IRQHandler
                0x08000b44                FDCAN1_IT0_IRQHandler
                0x08000b44                TIM2_IRQHandler
                0x08000b44                GPDMA1_Channel4_IRQHandler
                0x08000b44                EXTI7_IRQHandler
                0x08000b44                TIM1_BRK_IRQHandler
                0x08000b44                EXTI1_IRQHandler
                0x08000b44                AES_IRQHandler
                0x08000b44                DAC1_IRQHandler
                0x08000b44                GTZC_IRQHandler
                0x08000b44                GPDMA1_Channel6_IRQHandler
                0x08000b44                I2C2_ER_IRQHandler
                0x08000b44                TIM8_BRK_IRQHandler
                0x08000b44                FLASH_IRQHandler
                0x08000b44                USART1_IRQHandler
                0x08000b44                EXTI10_IRQHandler
                0x08000b44                SPI3_IRQHandler
                0x08000b44                LPDMA1_Channel2_IRQHandler
                0x08000b44                I2C1_ER_IRQHandler
                0x08000b44                EXTI6_IRQHandler
                0x08000b44                LPTIM1_IRQHandler
                0x08000b44                DCMI_PSSI_IRQHandler
                0x08000b44                I2C4_ER_IRQHandler
                0x08000b44                GPDMA1_Channel10_IRQHandler
                0x08000b44                ICACHE_IRQHandler
                0x08000b44                SAI1_IRQHandler
                0x08000b44                HASH_IRQHandler
 *fill*         0x08000b46        0x2 
 .text.HAL_Init
                0x08000b48       0x60 ./Drivers/STM32U5xx_HAL_Driver/Src/stm32u5xx_hal.o
                0x08000b48                HAL_Init
 .text.HAL_InitTick
                0x08000ba8       0xec ./Drivers/STM32U5xx_HAL_Driver/Src/stm32u5xx_hal.o
                0x08000ba8                HAL_InitTick
 .text.HAL_GetTick
                0x08000c94       0x18 ./Drivers/STM32U5xx_HAL_Driver/Src/stm32u5xx_hal.o
                0x08000c94                HAL_GetTick
 .text.__NVIC_SetPriorityGrouping
                0x08000cac       0x48 ./Drivers/STM32U5xx_HAL_Driver/Src/stm32u5xx_hal_cortex.o
 .text.__NVIC_GetPriorityGrouping
                0x08000cf4       0x1c ./Drivers/STM32U5xx_HAL_Driver/Src/stm32u5xx_hal_cortex.o
 .text.__NVIC_SetPriority
                0x08000d10       0x54 ./Drivers/STM32U5xx_HAL_Driver/Src/stm32u5xx_hal_cortex.o
 .text.NVIC_EncodePriority
                0x08000d64       0x66 ./Drivers/STM32U5xx_HAL_Driver/Src/stm32u5xx_hal_cortex.o
 .text.HAL_NVIC_SetPriorityGrouping
                0x08000dca       0x16 ./Drivers/STM32U5xx_HAL_Driver/Src/stm32u5xx_hal_cortex.o
                0x08000dca                HAL_NVIC_SetPriorityGrouping
 .text.HAL_NVIC_SetPriority
                0x08000de0       0x34 ./Drivers/STM32U5xx_HAL_Driver/Src/stm32u5xx_hal_cortex.o
                0x08000de0                HAL_NVIC_SetPriority
 .text.HAL_SYSTICK_Config
                0x08000e14       0x44 ./Drivers/STM32U5xx_HAL_Driver/Src/stm32u5xx_hal_cortex.o
                0x08000e14                HAL_SYSTICK_Config
 .text.HAL_SYSTICK_CLKSourceConfig
                0x08000e58       0xb0 ./Drivers/STM32U5xx_HAL_Driver/Src/stm32u5xx_hal_cortex.o
                0x08000e58                HAL_SYSTICK_CLKSourceConfig
 .text.HAL_SYSTICK_GetCLKSourceConfig
                0x08000f08       0x74 ./Drivers/STM32U5xx_HAL_Driver/Src/stm32u5xx_hal_cortex.o
                0x08000f08                HAL_SYSTICK_GetCLKSourceConfig
 .text.HAL_GPIO_Init
                0x08000f7c      0x3c0 ./Drivers/STM32U5xx_HAL_Driver/Src/stm32u5xx_hal_gpio.o
                0x08000f7c                HAL_GPIO_Init
 .text.HAL_GPIO_WritePin
                0x0800133c       0x30 ./Drivers/STM32U5xx_HAL_Driver/Src/stm32u5xx_hal_gpio.o
                0x0800133c                HAL_GPIO_WritePin
 .text.HAL_GPIO_TogglePin
                0x0800136c       0x34 ./Drivers/STM32U5xx_HAL_Driver/Src/stm32u5xx_hal_gpio.o
                0x0800136c                HAL_GPIO_TogglePin
 .text.HAL_ICACHE_ConfigAssociativityMode
                0x080013a0       0x40 ./Drivers/STM32U5xx_HAL_Driver/Src/stm32u5xx_hal_icache.o
                0x080013a0                HAL_ICACHE_ConfigAssociativityMode
 .text.HAL_ICACHE_Enable
                0x080013e0       0x20 ./Drivers/STM32U5xx_HAL_Driver/Src/stm32u5xx_hal_icache.o
                0x080013e0                HAL_ICACHE_Enable
 .text.HAL_PWREx_ControlVoltageScaling
                0x08001400       0xfc ./Drivers/STM32U5xx_HAL_Driver/Src/stm32u5xx_hal_pwr_ex.o
                0x08001400                HAL_PWREx_ControlVoltageScaling
 .text.HAL_PWREx_GetVoltageRange
                0x080014fc       0x1c ./Drivers/STM32U5xx_HAL_Driver/Src/stm32u5xx_hal_pwr_ex.o
                0x080014fc                HAL_PWREx_GetVoltageRange
 .text.HAL_PWREx_ConfigSupply
                0x08001518       0xa0 ./Drivers/STM32U5xx_HAL_Driver/Src/stm32u5xx_hal_pwr_ex.o
                0x08001518                HAL_PWREx_ConfigSupply
 .text.HAL_RCC_OscConfig
                0x080015b8      0xdb8 ./Drivers/STM32U5xx_HAL_Driver/Src/stm32u5xx_hal_rcc.o
                0x080015b8                HAL_RCC_OscConfig
 .text.HAL_RCC_ClockConfig
                0x08002370      0x3e4 ./Drivers/STM32U5xx_HAL_Driver/Src/stm32u5xx_hal_rcc.o
                0x08002370                HAL_RCC_ClockConfig
 .text.HAL_RCC_GetSysClockFreq
                0x08002754      0x204 ./Drivers/STM32U5xx_HAL_Driver/Src/stm32u5xx_hal_rcc.o
                0x08002754                HAL_RCC_GetSysClockFreq
 .text.HAL_RCC_GetHCLKFreq
                0x08002958       0x34 ./Drivers/STM32U5xx_HAL_Driver/Src/stm32u5xx_hal_rcc.o
                0x08002958                HAL_RCC_GetHCLKFreq
 .text.HAL_RCC_GetPCLK1Freq
                0x0800298c       0x28 ./Drivers/STM32U5xx_HAL_Driver/Src/stm32u5xx_hal_rcc.o
                0x0800298c                HAL_RCC_GetPCLK1Freq
 .text.HAL_RCC_GetPCLK2Freq
                0x080029b4       0x28 ./Drivers/STM32U5xx_HAL_Driver/Src/stm32u5xx_hal_rcc.o
                0x080029b4                HAL_RCC_GetPCLK2Freq
 .text.HAL_RCC_GetPCLK3Freq
                0x080029dc       0x28 ./Drivers/STM32U5xx_HAL_Driver/Src/stm32u5xx_hal_rcc.o
                0x080029dc                HAL_RCC_GetPCLK3Freq
 .text.RCC_SetFlashLatencyFromMSIRange
                0x08002a04      0x10c ./Drivers/STM32U5xx_HAL_Driver/Src/stm32u5xx_hal_rcc.o
 .text.HAL_RCCEx_PeriphCLKConfig
                0x08002b10      0xa7c ./Drivers/STM32U5xx_HAL_Driver/Src/stm32u5xx_hal_rcc_ex.o
                0x08002b10                HAL_RCCEx_PeriphCLKConfig
 .text.HAL_RCCEx_GetPLL1ClockFreq
                0x0800358c      0x2b4 ./Drivers/STM32U5xx_HAL_Driver/Src/stm32u5xx_hal_rcc_ex.o
                0x0800358c                HAL_RCCEx_GetPLL1ClockFreq
 .text.HAL_RCCEx_GetPLL2ClockFreq
                0x08003840      0x2b4 ./Drivers/STM32U5xx_HAL_Driver/Src/stm32u5xx_hal_rcc_ex.o
                0x08003840                HAL_RCCEx_GetPLL2ClockFreq
 .text.HAL_RCCEx_GetPLL3ClockFreq
                0x08003af4      0x2b4 ./Drivers/STM32U5xx_HAL_Driver/Src/stm32u5xx_hal_rcc_ex.o
                0x08003af4                HAL_RCCEx_GetPLL3ClockFreq
 .text.HAL_RCCEx_GetPeriphCLKFreq
                0x08003da8     0x1284 ./Drivers/STM32U5xx_HAL_Driver/Src/stm32u5xx_hal_rcc_ex.o
                0x08003da8                HAL_RCCEx_GetPeriphCLKFreq
 .text.RCCEx_PLL2_Config
                0x0800502c      0x130 ./Drivers/STM32U5xx_HAL_Driver/Src/stm32u5xx_hal_rcc_ex.o
 .text.RCCEx_PLL3_Config
                0x0800515c      0x130 ./Drivers/STM32U5xx_HAL_Driver/Src/stm32u5xx_hal_rcc_ex.o
 .text.HAL_UART_Init
                0x0800528c       0xa0 ./Drivers/STM32U5xx_HAL_Driver/Src/stm32u5xx_hal_uart.o
                0x0800528c                HAL_UART_Init
 .text.HAL_UART_Transmit
                0x0800532c      0x11c ./Drivers/STM32U5xx_HAL_Driver/Src/stm32u5xx_hal_uart.o
                0x0800532c                HAL_UART_Transmit
 .text.UART_SetConfig
                0x08005448      0x330 ./Drivers/STM32U5xx_HAL_Driver/Src/stm32u5xx_hal_uart.o
                0x08005448                UART_SetConfig
 .text.UART_AdvFeatureConfig
                0x08005778      0x144 ./Drivers/STM32U5xx_HAL_Driver/Src/stm32u5xx_hal_uart.o
                0x08005778                UART_AdvFeatureConfig
 .text.UART_CheckIdleState
                0x080058bc      0x154 ./Drivers/STM32U5xx_HAL_Driver/Src/stm32u5xx_hal_uart.o
                0x080058bc                UART_CheckIdleState
 .text.UART_WaitOnFlagUntilTimeout
                0x08005a10       0xda ./Drivers/STM32U5xx_HAL_Driver/Src/stm32u5xx_hal_uart.o
                0x08005a10                UART_WaitOnFlagUntilTimeout
 .text.UART_EndRxTransfer
                0x08005aea       0xcc ./Drivers/STM32U5xx_HAL_Driver/Src/stm32u5xx_hal_uart.o
 .text.HAL_UARTEx_DisableFifoMode
                0x08005bb6       0x72 ./Drivers/STM32U5xx_HAL_Driver/Src/stm32u5xx_hal_uart_ex.o
                0x08005bb6                HAL_UARTEx_DisableFifoMode
 .text.HAL_UARTEx_SetTxFifoThreshold
                0x08005c28       0x7c ./Drivers/STM32U5xx_HAL_Driver/Src/stm32u5xx_hal_uart_ex.o
                0x08005c28                HAL_UARTEx_SetTxFifoThreshold
 .text.HAL_UARTEx_SetRxFifoThreshold
                0x08005ca4       0x7c ./Drivers/STM32U5xx_HAL_Driver/Src/stm32u5xx_hal_uart_ex.o
                0x08005ca4                HAL_UARTEx_SetRxFifoThreshold
 .text.UARTEx_SetNbDataToProcess
                0x08005d20       0x9c ./Drivers/STM32U5xx_HAL_Driver/Src/stm32u5xx_hal_uart_ex.o
 .text.SysTick_Handler
                0x08005dbc       0x20 ./Middlewares/Third_Party/FreeRTOS/Source/CMSIS_RTOS_V2/cmsis_os2.o
                0x08005dbc                SysTick_Handler
 .text.IRQ_Context
                0x08005ddc       0x4e ./Middlewares/Third_Party/FreeRTOS/Source/CMSIS_RTOS_V2/cmsis_os2.o
 *fill*         0x08005e2a        0x2 
 .text.osKernelInitialize
                0x08005e2c       0x4c ./Middlewares/Third_Party/FreeRTOS/Source/CMSIS_RTOS_V2/cmsis_os2.o
                0x08005e2c                osKernelInitialize
 .text.osKernelStart
                0x08005e78       0x50 ./Middlewares/Third_Party/FreeRTOS/Source/CMSIS_RTOS_V2/cmsis_os2.o
                0x08005e78                osKernelStart
 .text.osThreadNew
                0x08005ec8      0x124 ./Middlewares/Third_Party/FreeRTOS/Source/CMSIS_RTOS_V2/cmsis_os2.o
                0x08005ec8                osThreadNew
 .text.osDelay  0x08005fec       0x34 ./Middlewares/Third_Party/FreeRTOS/Source/CMSIS_RTOS_V2/cmsis_os2.o
                0x08005fec                osDelay
 .text.vListInitialise
                0x08006020       0x40 ./Middlewares/Third_Party/FreeRTOS/Source/list.o
                0x08006020                vListInitialise
 .text.vListInitialiseItem
                0x08006060       0x1a ./Middlewares/Third_Party/FreeRTOS/Source/list.o
                0x08006060                vListInitialiseItem
 .text.vListInsert
                0x0800607a       0x72 ./Middlewares/Third_Party/FreeRTOS/Source/list.o
                0x0800607a                vListInsert
 .text.uxListRemove
                0x080060ec       0x54 ./Middlewares/Third_Party/FreeRTOS/Source/list.o
                0x080060ec                uxListRemove
 .text.xQueueGenericReset
                0x08006140       0xf2 ./Middlewares/Third_Party/FreeRTOS/Source/queue.o
                0x08006140                xQueueGenericReset
 .text.xQueueGenericCreateStatic
                0x08006232       0x92 ./Middlewares/Third_Party/FreeRTOS/Source/queue.o
                0x08006232                xQueueGenericCreateStatic
 .text.prvInitialiseNewQueue
                0x080062c4       0x46 ./Middlewares/Third_Party/FreeRTOS/Source/queue.o
 .text.xQueueReceive
                0x0800630a      0x178 ./Middlewares/Third_Party/FreeRTOS/Source/queue.o
                0x0800630a                xQueueReceive
 .text.prvCopyDataFromQueue
                0x08006482       0x4c ./Middlewares/Third_Party/FreeRTOS/Source/queue.o
 .text.prvUnlockQueue
                0x080064ce       0xa4 ./Middlewares/Third_Party/FreeRTOS/Source/queue.o
 .text.prvIsQueueEmpty
                0x08006572       0x2c ./Middlewares/Third_Party/FreeRTOS/Source/queue.o
 *fill*         0x0800659e        0x2 
 .text.vQueueAddToRegistry
                0x080065a0       0x8c ./Middlewares/Third_Party/FreeRTOS/Source/queue.o
                0x080065a0                vQueueAddToRegistry
 .text.vQueueWaitForMessageRestricted
                0x0800662c       0x68 ./Middlewares/Third_Party/FreeRTOS/Source/queue.o
                0x0800662c                vQueueWaitForMessageRestricted
 .text.prvCreateStaticTask
                0x08006694       0x92 ./Middlewares/Third_Party/FreeRTOS/Source/tasks.o
 .text.xTaskCreateStatic
                0x08006726       0x48 ./Middlewares/Third_Party/FreeRTOS/Source/tasks.o
                0x08006726                xTaskCreateStatic
 .text.prvCreateTask
                0x0800676e       0x80 ./Middlewares/Third_Party/FreeRTOS/Source/tasks.o
 .text.xTaskCreate
                0x080067ee       0x46 ./Middlewares/Third_Party/FreeRTOS/Source/tasks.o
                0x080067ee                xTaskCreate
 .text.prvInitialiseNewTask
                0x08006834      0x104 ./Middlewares/Third_Party/FreeRTOS/Source/tasks.o
 .text.prvAddNewTaskToReadyList
                0x08006938      0x124 ./Middlewares/Third_Party/FreeRTOS/Source/tasks.o
 .text.vTaskDelay
                0x08006a5c       0x4c ./Middlewares/Third_Party/FreeRTOS/Source/tasks.o
                0x08006a5c                vTaskDelay
 .text.prvCreateIdleTasks
                0x08006aa8       0xec ./Middlewares/Third_Party/FreeRTOS/Source/tasks.o
 .text.vTaskStartScheduler
                0x08006b94       0x68 ./Middlewares/Third_Party/FreeRTOS/Source/tasks.o
                0x08006b94                vTaskStartScheduler
 .text.vTaskSuspendAll
                0x08006bfc       0x1c ./Middlewares/Third_Party/FreeRTOS/Source/tasks.o
                0x08006bfc                vTaskSuspendAll
 .text.xTaskResumeAll
                0x08006c18      0x1f4 ./Middlewares/Third_Party/FreeRTOS/Source/tasks.o
                0x08006c18                xTaskResumeAll
 .text.xTaskGetTickCount
                0x08006e0c       0x20 ./Middlewares/Third_Party/FreeRTOS/Source/tasks.o
                0x08006e0c                xTaskGetTickCount
 .text.xTaskIncrementTick
                0x08006e2c      0x224 ./Middlewares/Third_Party/FreeRTOS/Source/tasks.o
                0x08006e2c                xTaskIncrementTick
 .text.vTaskSwitchContext
                0x08007050       0xac ./Middlewares/Third_Party/FreeRTOS/Source/tasks.o
                0x08007050                vTaskSwitchContext
 .text.vTaskPlaceOnEventList
                0x080070fc       0x3c ./Middlewares/Third_Party/FreeRTOS/Source/tasks.o
                0x080070fc                vTaskPlaceOnEventList
 .text.vTaskPlaceOnEventListRestricted
                0x08007138       0x7c ./Middlewares/Third_Party/FreeRTOS/Source/tasks.o
                0x08007138                vTaskPlaceOnEventListRestricted
 .text.xTaskRemoveFromEventList
                0x080071b4      0x1a0 ./Middlewares/Third_Party/FreeRTOS/Source/tasks.o
                0x080071b4                xTaskRemoveFromEventList
 .text.vTaskInternalSetTimeOutState
                0x08007354       0x2c ./Middlewares/Third_Party/FreeRTOS/Source/tasks.o
                0x08007354                vTaskInternalSetTimeOutState
 .text.xTaskCheckForTimeOut
                0x08007380       0xd0 ./Middlewares/Third_Party/FreeRTOS/Source/tasks.o
                0x08007380                xTaskCheckForTimeOut
 .text.vTaskMissedYield
                0x08007450       0x18 ./Middlewares/Third_Party/FreeRTOS/Source/tasks.o
                0x08007450                vTaskMissedYield
 .text.prvIdleTask
                0x08007468       0x20 ./Middlewares/Third_Party/FreeRTOS/Source/tasks.o
 .text.prvInitialiseTaskLists
                0x08007488       0x80 ./Middlewares/Third_Party/FreeRTOS/Source/tasks.o
 .text.prvCheckTasksWaitingTermination
                0x08007508       0x5c ./Middlewares/Third_Party/FreeRTOS/Source/tasks.o
 .text.prvDeleteTCB
                0x08007564       0x50 ./Middlewares/Third_Party/FreeRTOS/Source/tasks.o
 .text.prvResetNextTaskUnblockTime
                0x080075b4       0x38 ./Middlewares/Third_Party/FreeRTOS/Source/tasks.o
 .text.xTaskGetSchedulerState
                0x080075ec       0x3c ./Middlewares/Third_Party/FreeRTOS/Source/tasks.o
                0x080075ec                xTaskGetSchedulerState
 .text.prvAddCurrentTaskToDelayedList
                0x08007628       0xec ./Middlewares/Third_Party/FreeRTOS/Source/tasks.o
 .text.vApplicationGetIdleTaskMemory
                0x08007714       0x34 ./Middlewares/Third_Party/FreeRTOS/Source/tasks.o
                0x08007714                vApplicationGetIdleTaskMemory
 .text.vApplicationGetTimerTaskMemory
                0x08007748       0x34 ./Middlewares/Third_Party/FreeRTOS/Source/tasks.o
                0x08007748                vApplicationGetTimerTaskMemory
 .text.xTimerCreateTimerTask
                0x0800777c       0x80 ./Middlewares/Third_Party/FreeRTOS/Source/timers.o
                0x0800777c                xTimerCreateTimerTask
 .text.prvReloadTimer
                0x080077fc       0x42 ./Middlewares/Third_Party/FreeRTOS/Source/timers.o
 *fill*         0x0800783e        0x2 
 .text.prvProcessExpiredTimer
                0x08007840       0x60 ./Middlewares/Third_Party/FreeRTOS/Source/timers.o
 .text.prvTimerTask
                0x080078a0       0x26 ./Middlewares/Third_Party/FreeRTOS/Source/timers.o
 *fill*         0x080078c6        0x2 
 .text.prvProcessTimerOrBlockTask
                0x080078c8       0x8c ./Middlewares/Third_Party/FreeRTOS/Source/timers.o
 .text.prvGetNextExpireTime
                0x08007954       0x48 ./Middlewares/Third_Party/FreeRTOS/Source/timers.o
 .text.prvSampleTimeNow
                0x0800799c       0x40 ./Middlewares/Third_Party/FreeRTOS/Source/timers.o
 .text.prvInsertTimerInActiveList
                0x080079dc       0x84 ./Middlewares/Third_Party/FreeRTOS/Source/timers.o
 .text.prvProcessReceivedCommands
                0x08007a60      0x1b0 ./Middlewares/Third_Party/FreeRTOS/Source/timers.o
 .text.prvSwitchTimerLists
                0x08007c10       0x4c ./Middlewares/Third_Party/FreeRTOS/Source/timers.o
 .text.prvCheckForValidListAndQueue
                0x08007c5c       0x80 ./Middlewares/Third_Party/FreeRTOS/Source/timers.o
 .text.vPortSetupTimerInterrupt
                0x08007cdc       0x48 ./Middlewares/Third_Party/FreeRTOS/Source/portable/GCC/ARM_CM33_NTZ/non_secure/port.o
                0x08007cdc                vPortSetupTimerInterrupt
 .text.prvTaskExitError
                0x08007d24       0x38 ./Middlewares/Third_Party/FreeRTOS/Source/portable/GCC/ARM_CM33_NTZ/non_secure/port.o
 .text.vPortYield
                0x08007d5c       0x24 ./Middlewares/Third_Party/FreeRTOS/Source/portable/GCC/ARM_CM33_NTZ/non_secure/port.o
                0x08007d5c                vPortYield
 .text.vPortEnterCritical
                0x08007d80       0x24 ./Middlewares/Third_Party/FreeRTOS/Source/portable/GCC/ARM_CM33_NTZ/non_secure/port.o
                0x08007d80                vPortEnterCritical
 .text.vPortExitCritical
                0x08007da4       0x34 ./Middlewares/Third_Party/FreeRTOS/Source/portable/GCC/ARM_CM33_NTZ/non_secure/port.o
                0x08007da4                vPortExitCritical
 .text.xPortSysTickHandler
                0x08007dd8       0x30 ./Middlewares/Third_Party/FreeRTOS/Source/portable/GCC/ARM_CM33_NTZ/non_secure/port.o
                0x08007dd8                xPortSysTickHandler
 .text.vPortSVCHandler_C
                0x08007e08       0x32 ./Middlewares/Third_Party/FreeRTOS/Source/portable/GCC/ARM_CM33_NTZ/non_secure/port.o
                0x08007e08                vPortSVCHandler_C
 *fill*         0x08007e3a        0x2 
 .text.pxPortInitialiseStack
                0x08007e3c      0x114 ./Middlewares/Third_Party/FreeRTOS/Source/portable/GCC/ARM_CM33_NTZ/non_secure/port.o
                0x08007e3c                pxPortInitialiseStack
 .text.xPortStartScheduler
                0x08007f50      0x12c ./Middlewares/Third_Party/FreeRTOS/Source/portable/GCC/ARM_CM33_NTZ/non_secure/port.o
                0x08007f50                xPortStartScheduler
 .text.vRestoreContextOfFirstTask
                0x0800807c       0x34 ./Middlewares/Third_Party/FreeRTOS/Source/portable/GCC/ARM_CM33_NTZ/non_secure/portasm.o
                0x0800807c                vRestoreContextOfFirstTask
 .text.vStartFirstTask
                0x080080b0       0x20 ./Middlewares/Third_Party/FreeRTOS/Source/portable/GCC/ARM_CM33_NTZ/non_secure/portasm.o
                0x080080b0                vStartFirstTask
 .text.ulSetInterruptMask
                0x080080d0       0x1a ./Middlewares/Third_Party/FreeRTOS/Source/portable/GCC/ARM_CM33_NTZ/non_secure/portasm.o
                0x080080d0                ulSetInterruptMask
 .text.vClearInterruptMask
                0x080080ea       0x10 ./Middlewares/Third_Party/FreeRTOS/Source/portable/GCC/ARM_CM33_NTZ/non_secure/portasm.o
                0x080080ea                vClearInterruptMask
 *fill*         0x080080fa        0x2 
 .text.PendSV_Handler
                0x080080fc       0x4c ./Middlewares/Third_Party/FreeRTOS/Source/portable/GCC/ARM_CM33_NTZ/non_secure/portasm.o
                0x080080fc                PendSV_Handler
 .text.SVC_Handler
                0x08008148       0x18 ./Middlewares/Third_Party/FreeRTOS/Source/portable/GCC/ARM_CM33_NTZ/non_secure/portasm.o
                0x08008148                SVC_Handler
 .text.pvPortMalloc
                0x08008160      0x20c ./Middlewares/Third_Party/FreeRTOS/Source/portable/MemMang/heap_4.o
                0x08008160                pvPortMalloc
 .text.vPortFree
                0x0800836c       0xbc ./Middlewares/Third_Party/FreeRTOS/Source/portable/MemMang/heap_4.o
                0x0800836c                vPortFree
 .text.prvHeapInit
                0x08008428       0xb4 ./Middlewares/Third_Party/FreeRTOS/Source/portable/MemMang/heap_4.o
 .text.prvInsertBlockIntoFreeList
                0x080084dc       0xe0 ./Middlewares/Third_Party/FreeRTOS/Source/portable/MemMang/heap_4.o
 .text.memset   0x080085bc       0x10 C:/ST/STM32CubeIDE_1.19.0/STM32CubeIDE/plugins/com.st.stm32cube.ide.mcu.externaltools.gnu-tools-for-stm32.13.3.rel1.win32_1.0.0.202411081344/tools/bin/../lib/gcc/arm-none-eabi/13.3.1/../../../../arm-none-eabi/lib/thumb/v8-m.main+fp/hard\libc_nano.a(libc_a-memset.o)
                0x080085bc                memset
 .text.__libc_init_array
                0x080085cc       0x48 C:/ST/STM32CubeIDE_1.19.0/STM32CubeIDE/plugins/com.st.stm32cube.ide.mcu.externaltools.gnu-tools-for-stm32.13.3.rel1.win32_1.0.0.202411081344/tools/bin/../lib/gcc/arm-none-eabi/13.3.1/../../../../arm-none-eabi/lib/thumb/v8-m.main+fp/hard\libc_nano.a(libc_a-init.o)
                0x080085cc                __libc_init_array
 .text.memcpy   0x08008614       0x1a C:/ST/STM32CubeIDE_1.19.0/STM32CubeIDE/plugins/com.st.stm32cube.ide.mcu.externaltools.gnu-tools-for-stm32.13.3.rel1.win32_1.0.0.202411081344/tools/bin/../lib/gcc/arm-none-eabi/13.3.1/../../../../arm-none-eabi/lib/thumb/v8-m.main+fp/hard\libc_nano.a(libc_a-memcpy-stub.o)
                0x08008614                memcpy
 *(.glue_7)
 .glue_7        0x0800862e        0x0 linker stubs
 *(.glue_7t)
 .glue_7t       0x0800862e        0x0 linker stubs
 *(.eh_frame)
 *fill*         0x0800862e        0x2 
 .eh_frame      0x08008630        0x0 C:/ST/STM32CubeIDE_1.19.0/STM32CubeIDE/plugins/com.st.stm32cube.ide.mcu.externaltools.gnu-tools-for-stm32.13.3.rel1.win32_1.0.0.202411081344/tools/bin/../lib/gcc/arm-none-eabi/13.3.1/thumb/v8-m.main+fp/hard/crtbegin.o
 *(.init)
 .init          0x08008630        0x4 C:/ST/STM32CubeIDE_1.19.0/STM32CubeIDE/plugins/com.st.stm32cube.ide.mcu.externaltools.gnu-tools-for-stm32.13.3.rel1.win32_1.0.0.202411081344/tools/bin/../lib/gcc/arm-none-eabi/13.3.1/thumb/v8-m.main+fp/hard/crti.o
                0x08008630                _init
 .init          0x08008634        0x8 C:/ST/STM32CubeIDE_1.19.0/STM32CubeIDE/plugins/com.st.stm32cube.ide.mcu.externaltools.gnu-tools-for-stm32.13.3.rel1.win32_1.0.0.202411081344/tools/bin/../lib/gcc/arm-none-eabi/13.3.1/thumb/v8-m.main+fp/hard/crtn.o
 *(.fini)
 .fini          0x0800863c        0x4 C:/ST/STM32CubeIDE_1.19.0/STM32CubeIDE/plugins/com.st.stm32cube.ide.mcu.externaltools.gnu-tools-for-stm32.13.3.rel1.win32_1.0.0.202411081344/tools/bin/../lib/gcc/arm-none-eabi/13.3.1/thumb/v8-m.main+fp/hard/crti.o
                0x0800863c                _fini
 .fini          0x08008640        0x8 C:/ST/STM32CubeIDE_1.19.0/STM32CubeIDE/plugins/com.st.stm32cube.ide.mcu.externaltools.gnu-tools-for-stm32.13.3.rel1.win32_1.0.0.202411081344/tools/bin/../lib/gcc/arm-none-eabi/13.3.1/thumb/v8-m.main+fp/hard/crtn.o
                0x08008648                        _etext = .

.vfp11_veneer   0x08008648        0x0
 .vfp11_veneer  0x08008648        0x0 linker stubs

.v4_bx          0x08008648        0x0
 .v4_bx         0x08008648        0x0 linker stubs

.iplt           0x08008648        0x0
 .iplt          0x08008648        0x0 C:/ST/STM32CubeIDE_1.19.0/STM32CubeIDE/plugins/com.st.stm32cube.ide.mcu.externaltools.gnu-tools-for-stm32.13.3.rel1.win32_1.0.0.202411081344/tools/bin/../lib/gcc/arm-none-eabi/13.3.1/thumb/v8-m.main+fp/hard/crtbegin.o

.rodata         0x08008648      0x1e0
 *(.rodata)
 .rodata        0x08008648       0x4b ./Core/Src/app_freertos.o
 *fill*         0x08008693        0x1 
 .rodata        0x08008694        0xb ./Core/Src/main.o
 *fill*         0x0800869f        0x1 
 .rodata        0x080086a0        0x5 ./Middlewares/Third_Party/FreeRTOS/Source/tasks.o
 *fill*         0x080086a5        0x3 
 .rodata        0x080086a8        0xd ./Middlewares/Third_Party/FreeRTOS/Source/timers.o
 *(.rodata*)
 *fill*         0x080086b5        0x3 
 .rodata.defaultTask_attributes
                0x080086b8       0x24 ./Core/Src/app_freertos.o
                0x080086b8                defaultTask_attributes
 .rodata.LEDTask_attributes
                0x080086dc       0x24 ./Core/Src/app_freertos.o
                0x080086dc                LEDTask_attributes
 .rodata.SerialTask_attributes
                0x08008700       0x24 ./Core/Src/app_freertos.o
                0x08008700                SerialTask_attributes
 .rodata.AHBPrescTable
                0x08008724       0x10 ./Core/Src/system_stm32u5xx.o
                0x08008724                AHBPrescTable
 .rodata.APBPrescTable
                0x08008734        0x8 ./Core/Src/system_stm32u5xx.o
                0x08008734                APBPrescTable
 .rodata.MSIRangeTable
                0x0800873c       0x40 ./Core/Src/system_stm32u5xx.o
                0x0800873c                MSIRangeTable
 .rodata.LPGPIO_Map
                0x0800877c       0x80 ./Drivers/STM32U5xx_HAL_Driver/Src/stm32u5xx_hal_gpio.o
 .rodata.UARTPrescTable
                0x080087fc       0x18 ./Drivers/STM32U5xx_HAL_Driver/Src/stm32u5xx_hal_uart.o
                0x080087fc                UARTPrescTable
 .rodata.numerator.1
                0x08008814        0x8 ./Drivers/STM32U5xx_HAL_Driver/Src/stm32u5xx_hal_uart_ex.o
 .rodata.denominator.0
                0x0800881c        0x8 ./Drivers/STM32U5xx_HAL_Driver/Src/stm32u5xx_hal_uart_ex.o
 .rodata.uxTopUsedPriority
                0x08008824        0x4 ./Middlewares/Third_Party/FreeRTOS/Source/tasks.o

.ARM.extab
 *(.ARM.extab* .gnu.linkonce.armextab.*)

.ARM            0x08008828        0x8
                0x08008828                        __exidx_start = .
 *(.ARM.exidx*)
 .ARM.exidx     0x08008828        0x8 C:/ST/STM32CubeIDE_1.19.0/STM32CubeIDE/plugins/com.st.stm32cube.ide.mcu.externaltools.gnu-tools-for-stm32.13.3.rel1.win32_1.0.0.202411081344/tools/bin/../lib/gcc/arm-none-eabi/13.3.1/thumb/v8-m.main+fp/hard\libgcc.a(_udivmoddi4.o)
                0x08008830                        __exidx_end = .

.preinit_array  0x08008830        0x0
                0x08008830                        PROVIDE (__preinit_array_start = .)
 *(.preinit_array*)
                0x08008830                        PROVIDE (__preinit_array_end = .)

.init_array     0x08008830        0x4
                0x08008830                        PROVIDE (__init_array_start = .)
 *(SORT_BY_NAME(.init_array.*))
 *(.init_array*)
 .init_array    0x08008830        0x4 C:/ST/STM32CubeIDE_1.19.0/STM32CubeIDE/plugins/com.st.stm32cube.ide.mcu.externaltools.gnu-tools-for-stm32.13.3.rel1.win32_1.0.0.202411081344/tools/bin/../lib/gcc/arm-none-eabi/13.3.1/thumb/v8-m.main+fp/hard/crtbegin.o
                0x08008834                        PROVIDE (__init_array_end = .)

.fini_array     0x08008834        0x4
                [!provide]                        PROVIDE (__fini_array_start = .)
 *(SORT_BY_NAME(.fini_array.*))
 *(.fini_array*)
 .fini_array    0x08008834        0x4 C:/ST/STM32CubeIDE_1.19.0/STM32CubeIDE/plugins/com.st.stm32cube.ide.mcu.externaltools.gnu-tools-for-stm32.13.3.rel1.win32_1.0.0.202411081344/tools/bin/../lib/gcc/arm-none-eabi/13.3.1/thumb/v8-m.main+fp/hard/crtbegin.o
                [!provide]                        PROVIDE (__fini_array_end = .)
                0x08008838                        _sidata = LOADADDR (.data)

.rel.dyn        0x08008838        0x0
 .rel.iplt      0x08008838        0x0 C:/ST/STM32CubeIDE_1.19.0/STM32CubeIDE/plugins/com.st.stm32cube.ide.mcu.externaltools.gnu-tools-for-stm32.13.3.rel1.win32_1.0.0.202411081344/tools/bin/../lib/gcc/arm-none-eabi/13.3.1/thumb/v8-m.main+fp/hard/crtbegin.o

.data           0x20000000       0x10 load address 0x08008838
                0x20000000                        _sdata = .
 *(.data)
 *(.data*)
 .data.SystemCoreClock
                0x20000000        0x4 ./Core/Src/system_stm32u5xx.o
                0x20000000                SystemCoreClock
 .data.uwTickPrio
                0x20000004        0x4 ./Drivers/STM32U5xx_HAL_Driver/Src/stm32u5xx_hal.o
                0x20000004                uwTickPrio
 .data.uwTickFreq
                0x20000008        0x1 ./Drivers/STM32U5xx_HAL_Driver/Src/stm32u5xx_hal.o
                0x20000008                uwTickFreq
 *fill*         0x20000009        0x3 
 .data.ulCriticalNesting
                0x2000000c        0x4 ./Middlewares/Third_Party/FreeRTOS/Source/portable/GCC/ARM_CM33_NTZ/non_secure/port.o
 *(.RamFunc)
 *(.RamFunc*)
                0x20000010                        _edata = .

.igot.plt       0x20000010        0x0 load address 0x08008848
 .igot.plt      0x20000010        0x0 C:/ST/STM32CubeIDE_1.19.0/STM32CubeIDE/plugins/com.st.stm32cube.ide.mcu.externaltools.gnu-tools-for-stm32.13.3.rel1.win32_1.0.0.202411081344/tools/bin/../lib/gcc/arm-none-eabi/13.3.1/thumb/v8-m.main+fp/hard/crtbegin.o

.bss            0x20000010     0x2c0c load address 0x08008848
                0x20000010                        _sbss = .
                0x20000010                        __bss_start__ = _sbss
 *(.bss)
 .bss           0x20000010       0x1c C:/ST/STM32CubeIDE_1.19.0/STM32CubeIDE/plugins/com.st.stm32cube.ide.mcu.externaltools.gnu-tools-for-stm32.13.3.rel1.win32_1.0.0.202411081344/tools/bin/../lib/gcc/arm-none-eabi/13.3.1/thumb/v8-m.main+fp/hard/crtbegin.o
 *(.bss*)
 .bss.defaultTaskHandle
                0x2000002c        0x4 ./Core/Src/app_freertos.o
                0x2000002c                defaultTaskHandle
 .bss.LEDTaskHandle
                0x20000030        0x4 ./Core/Src/app_freertos.o
                0x20000030                LEDTaskHandle
 .bss.SerialTaskHandle
                0x20000034        0x4 ./Core/Src/app_freertos.o
                0x20000034                SerialTaskHandle
 .bss.huart4    0x20000038       0x94 ./Core/Src/usart.o
                0x20000038                huart4
 .bss.uwTick    0x200000cc        0x4 ./Drivers/STM32U5xx_HAL_Driver/Src/stm32u5xx_hal.o
                0x200000cc                uwTick
 .bss.KernelState
                0x200000d0        0x4 ./Middlewares/Third_Party/FreeRTOS/Source/CMSIS_RTOS_V2/cmsis_os2.o
 .bss.xQueueRegistry
                0x200000d4       0x40 ./Middlewares/Third_Party/FreeRTOS/Source/queue.o
                0x200000d4                xQueueRegistry
 .bss.pxCurrentTCB
                0x20000114        0x4 ./Middlewares/Third_Party/FreeRTOS/Source/tasks.o
                0x20000114                pxCurrentTCB
 .bss.pxReadyTasksLists
                0x20000118      0x460 ./Middlewares/Third_Party/FreeRTOS/Source/tasks.o
 .bss.xDelayedTaskList1
                0x20000578       0x14 ./Middlewares/Third_Party/FreeRTOS/Source/tasks.o
 .bss.xDelayedTaskList2
                0x2000058c       0x14 ./Middlewares/Third_Party/FreeRTOS/Source/tasks.o
 .bss.pxDelayedTaskList
                0x200005a0        0x4 ./Middlewares/Third_Party/FreeRTOS/Source/tasks.o
 .bss.pxOverflowDelayedTaskList
                0x200005a4        0x4 ./Middlewares/Third_Party/FreeRTOS/Source/tasks.o
 .bss.xPendingReadyList
                0x200005a8       0x14 ./Middlewares/Third_Party/FreeRTOS/Source/tasks.o
 .bss.xTasksWaitingTermination
                0x200005bc       0x14 ./Middlewares/Third_Party/FreeRTOS/Source/tasks.o
 .bss.uxDeletedTasksWaitingCleanUp
                0x200005d0        0x4 ./Middlewares/Third_Party/FreeRTOS/Source/tasks.o
 .bss.xSuspendedTaskList
                0x200005d4       0x14 ./Middlewares/Third_Party/FreeRTOS/Source/tasks.o
 .bss.uxCurrentNumberOfTasks
                0x200005e8        0x4 ./Middlewares/Third_Party/FreeRTOS/Source/tasks.o
 .bss.xTickCount
                0x200005ec        0x4 ./Middlewares/Third_Party/FreeRTOS/Source/tasks.o
 .bss.uxTopReadyPriority
                0x200005f0        0x4 ./Middlewares/Third_Party/FreeRTOS/Source/tasks.o
 .bss.xSchedulerRunning
                0x200005f4        0x4 ./Middlewares/Third_Party/FreeRTOS/Source/tasks.o
 .bss.xPendedTicks
                0x200005f8        0x4 ./Middlewares/Third_Party/FreeRTOS/Source/tasks.o
 .bss.xYieldPendings
                0x200005fc        0x4 ./Middlewares/Third_Party/FreeRTOS/Source/tasks.o
 .bss.xNumOfOverflows
                0x20000600        0x4 ./Middlewares/Third_Party/FreeRTOS/Source/tasks.o
 .bss.uxTaskNumber
                0x20000604        0x4 ./Middlewares/Third_Party/FreeRTOS/Source/tasks.o
 .bss.xNextTaskUnblockTime
                0x20000608        0x4 ./Middlewares/Third_Party/FreeRTOS/Source/tasks.o
 .bss.xIdleTaskHandles
                0x2000060c        0x4 ./Middlewares/Third_Party/FreeRTOS/Source/tasks.o
 .bss.uxSchedulerSuspended
                0x20000610        0x4 ./Middlewares/Third_Party/FreeRTOS/Source/tasks.o
 .bss.xIdleTaskTCB.3
                0x20000614       0x5c ./Middlewares/Third_Party/FreeRTOS/Source/tasks.o
 .bss.uxIdleTaskStack.2
                0x20000670      0x200 ./Middlewares/Third_Party/FreeRTOS/Source/tasks.o
 .bss.xTimerTaskTCB.1
                0x20000870       0x5c ./Middlewares/Third_Party/FreeRTOS/Source/tasks.o
 .bss.uxTimerTaskStack.0
                0x200008cc      0x200 ./Middlewares/Third_Party/FreeRTOS/Source/tasks.o
 .bss.xActiveTimerList1
                0x20000acc       0x14 ./Middlewares/Third_Party/FreeRTOS/Source/timers.o
 .bss.xActiveTimerList2
                0x20000ae0       0x14 ./Middlewares/Third_Party/FreeRTOS/Source/timers.o
 .bss.pxCurrentTimerList
                0x20000af4        0x4 ./Middlewares/Third_Party/FreeRTOS/Source/timers.o
 .bss.pxOverflowTimerList
                0x20000af8        0x4 ./Middlewares/Third_Party/FreeRTOS/Source/timers.o
 .bss.xTimerQueue
                0x20000afc        0x4 ./Middlewares/Third_Party/FreeRTOS/Source/timers.o
 .bss.xTimerTaskHandle
                0x20000b00        0x4 ./Middlewares/Third_Party/FreeRTOS/Source/timers.o
 .bss.xLastTime.2
                0x20000b04        0x4 ./Middlewares/Third_Party/FreeRTOS/Source/timers.o
 .bss.ucStaticTimerQueueStorage.1
                0x20000b08       0xa0 ./Middlewares/Third_Party/FreeRTOS/Source/timers.o
 .bss.xStaticTimerQueue.0
                0x20000ba8       0x50 ./Middlewares/Third_Party/FreeRTOS/Source/timers.o
 .bss.ucMaxSysCallPriority
                0x20000bf8        0x1 ./Middlewares/Third_Party/FreeRTOS/Source/portable/GCC/ARM_CM33_NTZ/non_secure/port.o
 *fill*         0x20000bf9        0x3 
 .bss.ulMaxPRIGROUPValue
                0x20000bfc        0x4 ./Middlewares/Third_Party/FreeRTOS/Source/portable/GCC/ARM_CM33_NTZ/non_secure/port.o
 .bss.ucHeap    0x20000c00     0x2000 ./Middlewares/Third_Party/FreeRTOS/Source/portable/MemMang/heap_4.o
 .bss.xStart    0x20002c00        0x8 ./Middlewares/Third_Party/FreeRTOS/Source/portable/MemMang/heap_4.o
 .bss.pxEnd     0x20002c08        0x4 ./Middlewares/Third_Party/FreeRTOS/Source/portable/MemMang/heap_4.o
 .bss.xFreeBytesRemaining
                0x20002c0c        0x4 ./Middlewares/Third_Party/FreeRTOS/Source/portable/MemMang/heap_4.o
 .bss.xMinimumEverFreeBytesRemaining
                0x20002c10        0x4 ./Middlewares/Third_Party/FreeRTOS/Source/portable/MemMang/heap_4.o
 .bss.xNumberOfSuccessfulAllocations
                0x20002c14        0x4 ./Middlewares/Third_Party/FreeRTOS/Source/portable/MemMang/heap_4.o
 .bss.xNumberOfSuccessfulFrees
                0x20002c18        0x4 ./Middlewares/Third_Party/FreeRTOS/Source/portable/MemMang/heap_4.o
 *(COMMON)
                0x20002c1c                        _ebss = .
                0x20002c1c                        __bss_end__ = _ebss

._user_heap_stack
                0x20002c1c      0x604 load address 0x08008848
                0x20002c20                        . = ALIGN (0x8)
 *fill*         0x20002c1c        0x4 
                [!provide]                        PROVIDE (end = .)
                0x20002c20                        PROVIDE (_end = .)
                0x20002e20                        . = (. + _Min_Heap_Size)
 *fill*         0x20002c20      0x200 
                0x20003220                        . = (. + _Min_Stack_Size)
 *fill*         0x20002e20      0x400 
                0x20003220                        . = ALIGN (0x8)

/DISCARD/
 libc.a(*)
 libm.a(*)
 libgcc.a(*)

.ARM.attributes
                0x00000000       0x36
 *(.ARM.attributes)
 .ARM.attributes
                0x00000000       0x26 C:/ST/STM32CubeIDE_1.19.0/STM32CubeIDE/plugins/com.st.stm32cube.ide.mcu.externaltools.gnu-tools-for-stm32.13.3.rel1.win32_1.0.0.202411081344/tools/bin/../lib/gcc/arm-none-eabi/13.3.1/thumb/v8-m.main+fp/hard/crti.o
 .ARM.attributes
                0x00000026       0x38 C:/ST/STM32CubeIDE_1.19.0/STM32CubeIDE/plugins/com.st.stm32cube.ide.mcu.externaltools.gnu-tools-for-stm32.13.3.rel1.win32_1.0.0.202411081344/tools/bin/../lib/gcc/arm-none-eabi/13.3.1/thumb/v8-m.main+fp/hard/crtbegin.o
 .ARM.attributes
                0x0000005e       0x3a ./Core/Src/app_freertos.o
 .ARM.attributes
                0x00000098       0x3a ./Core/Src/gpio.o
 .ARM.attributes
                0x000000d2       0x3a ./Core/Src/icache.o
 .ARM.attributes
                0x0000010c       0x3a ./Core/Src/main.o
 .ARM.attributes
                0x00000146       0x3a ./Core/Src/stm32u5xx_hal_msp.o
 .ARM.attributes
                0x00000180       0x3a ./Core/Src/stm32u5xx_it.o
 .ARM.attributes
                0x000001ba       0x3a ./Core/Src/system_stm32u5xx.o
 .ARM.attributes
                0x000001f4       0x3a ./Core/Src/usart.o
 .ARM.attributes
                0x0000022e       0x24 ./Core/Startup/startup_stm32u545retxq.o
 .ARM.attributes
                0x00000252       0x3a ./Drivers/STM32U5xx_HAL_Driver/Src/stm32u5xx_hal.o
 .ARM.attributes
                0x0000028c       0x3a ./Drivers/STM32U5xx_HAL_Driver/Src/stm32u5xx_hal_cortex.o
 .ARM.attributes
                0x000002c6       0x3a ./Drivers/STM32U5xx_HAL_Driver/Src/stm32u5xx_hal_gpio.o
 .ARM.attributes
                0x00000300       0x3a ./Drivers/STM32U5xx_HAL_Driver/Src/stm32u5xx_hal_icache.o
 .ARM.attributes
                0x0000033a       0x3a ./Drivers/STM32U5xx_HAL_Driver/Src/stm32u5xx_hal_pwr_ex.o
 .ARM.attributes
                0x00000374       0x3a ./Drivers/STM32U5xx_HAL_Driver/Src/stm32u5xx_hal_rcc.o
 .ARM.attributes
                0x000003ae       0x3a ./Drivers/STM32U5xx_HAL_Driver/Src/stm32u5xx_hal_rcc_ex.o
 .ARM.attributes
                0x000003e8       0x3a ./Drivers/STM32U5xx_HAL_Driver/Src/stm32u5xx_hal_uart.o
 .ARM.attributes
                0x00000422       0x3a ./Drivers/STM32U5xx_HAL_Driver/Src/stm32u5xx_hal_uart_ex.o
 .ARM.attributes
                0x0000045c       0x3a ./Middlewares/Third_Party/FreeRTOS/Source/CMSIS_RTOS_V2/cmsis_os2.o
 .ARM.attributes
                0x00000496       0x3a ./Middlewares/Third_Party/FreeRTOS/Source/list.o
 .ARM.attributes
                0x000004d0       0x3a ./Middlewares/Third_Party/FreeRTOS/Source/queue.o
 .ARM.attributes
                0x0000050a       0x3a ./Middlewares/Third_Party/FreeRTOS/Source/tasks.o
 .ARM.attributes
                0x00000544       0x3a ./Middlewares/Third_Party/FreeRTOS/Source/timers.o
 .ARM.attributes
                0x0000057e       0x3a ./Middlewares/Third_Party/FreeRTOS/Source/portable/GCC/ARM_CM33_NTZ/non_secure/port.o
 .ARM.attributes
                0x000005b8       0x3a ./Middlewares/Third_Party/FreeRTOS/Source/portable/GCC/ARM_CM33_NTZ/non_secure/portasm.o
 .ARM.attributes
                0x000005f2       0x3a ./Middlewares/Third_Party/FreeRTOS/Source/portable/MemMang/heap_4.o
 .ARM.attributes
                0x0000062c       0x38 C:/ST/STM32CubeIDE_1.19.0/STM32CubeIDE/plugins/com.st.stm32cube.ide.mcu.externaltools.gnu-tools-for-stm32.13.3.rel1.win32_1.0.0.202411081344/tools/bin/../lib/gcc/arm-none-eabi/13.3.1/../../../../arm-none-eabi/lib/thumb/v8-m.main+fp/hard\libc_nano.a(libc_a-memset.o)
 .ARM.attributes
                0x00000664       0x38 C:/ST/STM32CubeIDE_1.19.0/STM32CubeIDE/plugins/com.st.stm32cube.ide.mcu.externaltools.gnu-tools-for-stm32.13.3.rel1.win32_1.0.0.202411081344/tools/bin/../lib/gcc/arm-none-eabi/13.3.1/../../../../arm-none-eabi/lib/thumb/v8-m.main+fp/hard\libc_nano.a(libc_a-init.o)
 .ARM.attributes
                0x0000069c       0x38 C:/ST/STM32CubeIDE_1.19.0/STM32CubeIDE/plugins/com.st.stm32cube.ide.mcu.externaltools.gnu-tools-for-stm32.13.3.rel1.win32_1.0.0.202411081344/tools/bin/../lib/gcc/arm-none-eabi/13.3.1/../../../../arm-none-eabi/lib/thumb/v8-m.main+fp/hard\libc_nano.a(libc_a-memcpy-stub.o)
 .ARM.attributes
                0x000006d4       0x26 C:/ST/STM32CubeIDE_1.19.0/STM32CubeIDE/plugins/com.st.stm32cube.ide.mcu.externaltools.gnu-tools-for-stm32.13.3.rel1.win32_1.0.0.202411081344/tools/bin/../lib/gcc/arm-none-eabi/13.3.1/thumb/v8-m.main+fp/hard\libgcc.a(_aeabi_uldivmod.o)
 .ARM.attributes
                0x000006fa       0x38 C:/ST/STM32CubeIDE_1.19.0/STM32CubeIDE/plugins/com.st.stm32cube.ide.mcu.externaltools.gnu-tools-for-stm32.13.3.rel1.win32_1.0.0.202411081344/tools/bin/../lib/gcc/arm-none-eabi/13.3.1/thumb/v8-m.main+fp/hard\libgcc.a(_udivmoddi4.o)
 .ARM.attributes
                0x00000732       0x26 C:/ST/STM32CubeIDE_1.19.0/STM32CubeIDE/plugins/com.st.stm32cube.ide.mcu.externaltools.gnu-tools-for-stm32.13.3.rel1.win32_1.0.0.202411081344/tools/bin/../lib/gcc/arm-none-eabi/13.3.1/thumb/v8-m.main+fp/hard\libgcc.a(_dvmd_tls.o)
 .ARM.attributes
                0x00000758       0x26 C:/ST/STM32CubeIDE_1.19.0/STM32CubeIDE/plugins/com.st.stm32cube.ide.mcu.externaltools.gnu-tools-for-stm32.13.3.rel1.win32_1.0.0.202411081344/tools/bin/../lib/gcc/arm-none-eabi/13.3.1/thumb/v8-m.main+fp/hard/crtn.o
OUTPUT(FreeRTOS_GPIO_Serial.elf elf32-littlearm)
LOAD linker stubs
LOAD C:/ST/STM32CubeIDE_1.19.0/STM32CubeIDE/plugins/com.st.stm32cube.ide.mcu.externaltools.gnu-tools-for-stm32.13.3.rel1.win32_1.0.0.202411081344/tools/bin/../lib/gcc/arm-none-eabi/13.3.1/../../../../arm-none-eabi/lib/thumb/v8-m.main+fp/hard\libc.a
LOAD C:/ST/STM32CubeIDE_1.19.0/STM32CubeIDE/plugins/com.st.stm32cube.ide.mcu.externaltools.gnu-tools-for-stm32.13.3.rel1.win32_1.0.0.202411081344/tools/bin/../lib/gcc/arm-none-eabi/13.3.1/../../../../arm-none-eabi/lib/thumb/v8-m.main+fp/hard\libm.a
LOAD C:/ST/STM32CubeIDE_1.19.0/STM32CubeIDE/plugins/com.st.stm32cube.ide.mcu.externaltools.gnu-tools-for-stm32.13.3.rel1.win32_1.0.0.202411081344/tools/bin/../lib/gcc/arm-none-eabi/13.3.1/thumb/v8-m.main+fp/hard\libgcc.a

.debug_info     0x00000000    0x18ffe
 .debug_info    0x00000000      0xdb2 ./Core/Src/app_freertos.o
 .debug_info    0x00000db2      0x5bc ./Core/Src/gpio.o
 .debug_info    0x0000136e      0x114 ./Core/Src/icache.o
 .debug_info    0x00001482      0xc99 ./Core/Src/main.o
 .debug_info    0x0000211b      0x732 ./Core/Src/stm32u5xx_hal_msp.o
 .debug_info    0x0000284d       0xed ./Core/Src/stm32u5xx_it.o
 .debug_info    0x0000293a      0x929 ./Core/Src/system_stm32u5xx.o
 .debug_info    0x00003263     0x11f3 ./Core/Src/usart.o
 .debug_info    0x00004456       0x30 ./Core/Startup/startup_stm32u545retxq.o
 .debug_info    0x00004486     0x111c ./Drivers/STM32U5xx_HAL_Driver/Src/stm32u5xx_hal.o
 .debug_info    0x000055a2     0x1610 ./Drivers/STM32U5xx_HAL_Driver/Src/stm32u5xx_hal_cortex.o
 .debug_info    0x00006bb2      0x859 ./Drivers/STM32U5xx_HAL_Driver/Src/stm32u5xx_hal_gpio.o
 .debug_info    0x0000740b      0x4d6 ./Drivers/STM32U5xx_HAL_Driver/Src/stm32u5xx_hal_icache.o
 .debug_info    0x000078e1      0xddc ./Drivers/STM32U5xx_HAL_Driver/Src/stm32u5xx_hal_pwr_ex.o
 .debug_info    0x000086bd     0x114d ./Drivers/STM32U5xx_HAL_Driver/Src/stm32u5xx_hal_rcc.o
 .debug_info    0x0000980a     0x1569 ./Drivers/STM32U5xx_HAL_Driver/Src/stm32u5xx_hal_rcc_ex.o
 .debug_info    0x0000ad73     0x45a4 ./Drivers/STM32U5xx_HAL_Driver/Src/stm32u5xx_hal_uart.o
 .debug_info    0x0000f317     0x11ef ./Drivers/STM32U5xx_HAL_Driver/Src/stm32u5xx_hal_uart_ex.o
 .debug_info    0x00010506     0x2e5a ./Middlewares/Third_Party/FreeRTOS/Source/CMSIS_RTOS_V2/cmsis_os2.o
 .debug_info    0x00013360      0x2aa ./Middlewares/Third_Party/FreeRTOS/Source/list.o
 .debug_info    0x0001360a     0x16ac ./Middlewares/Third_Party/FreeRTOS/Source/queue.o
 .debug_info    0x00014cb6     0x256e ./Middlewares/Third_Party/FreeRTOS/Source/tasks.o
 .debug_info    0x00017224     0x13c9 ./Middlewares/Third_Party/FreeRTOS/Source/timers.o
 .debug_info    0x000185ed      0x3e8 ./Middlewares/Third_Party/FreeRTOS/Source/portable/GCC/ARM_CM33_NTZ/non_secure/port.o
 .debug_info    0x000189d5      0x151 ./Middlewares/Third_Party/FreeRTOS/Source/portable/GCC/ARM_CM33_NTZ/non_secure/portasm.o
 .debug_info    0x00018b26      0x4d8 ./Middlewares/Third_Party/FreeRTOS/Source/portable/MemMang/heap_4.o

.debug_abbrev   0x00000000     0x35d9
 .debug_abbrev  0x00000000      0x1e5 ./Core/Src/app_freertos.o
 .debug_abbrev  0x000001e5      0x179 ./Core/Src/gpio.o
 .debug_abbrev  0x0000035e       0xb6 ./Core/Src/icache.o
 .debug_abbrev  0x00000414      0x237 ./Core/Src/main.o
 .debug_abbrev  0x0000064b      0x11f ./Core/Src/stm32u5xx_hal_msp.o
 .debug_abbrev  0x0000076a       0x47 ./Core/Src/stm32u5xx_it.o
 .debug_abbrev  0x000007b1      0x129 ./Core/Src/system_stm32u5xx.o
 .debug_abbrev  0x000008da      0x218 ./Core/Src/usart.o
 .debug_abbrev  0x00000af2       0x24 ./Core/Startup/startup_stm32u545retxq.o
 .debug_abbrev  0x00000b16      0x2a3 ./Drivers/STM32U5xx_HAL_Driver/Src/stm32u5xx_hal.o
 .debug_abbrev  0x00000db9      0x311 ./Drivers/STM32U5xx_HAL_Driver/Src/stm32u5xx_hal_cortex.o
 .debug_abbrev  0x000010ca      0x25a ./Drivers/STM32U5xx_HAL_Driver/Src/stm32u5xx_hal_gpio.o
 .debug_abbrev  0x00001324      0x228 ./Drivers/STM32U5xx_HAL_Driver/Src/stm32u5xx_hal_icache.o
 .debug_abbrev  0x0000154c      0x215 ./Drivers/STM32U5xx_HAL_Driver/Src/stm32u5xx_hal_pwr_ex.o
 .debug_abbrev  0x00001761      0x2c9 ./Drivers/STM32U5xx_HAL_Driver/Src/stm32u5xx_hal_rcc.o
 .debug_abbrev  0x00001a2a      0x23d ./Drivers/STM32U5xx_HAL_Driver/Src/stm32u5xx_hal_rcc_ex.o
 .debug_abbrev  0x00001c67      0x305 ./Drivers/STM32U5xx_HAL_Driver/Src/stm32u5xx_hal_uart.o
 .debug_abbrev  0x00001f6c      0x2d4 ./Drivers/STM32U5xx_HAL_Driver/Src/stm32u5xx_hal_uart_ex.o
 .debug_abbrev  0x00002240      0x47e ./Middlewares/Third_Party/FreeRTOS/Source/CMSIS_RTOS_V2/cmsis_os2.o
 .debug_abbrev  0x000026be       0xee ./Middlewares/Third_Party/FreeRTOS/Source/list.o
 .debug_abbrev  0x000027ac      0x324 ./Middlewares/Third_Party/FreeRTOS/Source/queue.o
 .debug_abbrev  0x00002ad0      0x329 ./Middlewares/Third_Party/FreeRTOS/Source/tasks.o
 .debug_abbrev  0x00002df9      0x33f ./Middlewares/Third_Party/FreeRTOS/Source/timers.o
 .debug_abbrev  0x00003138      0x1c8 ./Middlewares/Third_Party/FreeRTOS/Source/portable/GCC/ARM_CM33_NTZ/non_secure/port.o
 .debug_abbrev  0x00003300       0xb8 ./Middlewares/Third_Party/FreeRTOS/Source/portable/GCC/ARM_CM33_NTZ/non_secure/portasm.o
 .debug_abbrev  0x000033b8      0x221 ./Middlewares/Third_Party/FreeRTOS/Source/portable/MemMang/heap_4.o

.debug_aranges  0x00000000     0x1530
 .debug_aranges
                0x00000000       0x38 ./Core/Src/app_freertos.o
 .debug_aranges
                0x00000038       0x20 ./Core/Src/gpio.o
 .debug_aranges
                0x00000058       0x20 ./Core/Src/icache.o
 .debug_aranges
                0x00000078       0x38 ./Core/Src/main.o
 .debug_aranges
                0x000000b0       0x20 ./Core/Src/stm32u5xx_hal_msp.o
 .debug_aranges
                0x000000d0       0x48 ./Core/Src/stm32u5xx_it.o
 .debug_aranges
                0x00000118       0x28 ./Core/Src/system_stm32u5xx.o
 .debug_aranges
                0x00000140       0x30 ./Core/Src/usart.o
 .debug_aranges
                0x00000170       0x28 ./Core/Startup/startup_stm32u545retxq.o
 .debug_aranges
                0x00000198      0x148 ./Drivers/STM32U5xx_HAL_Driver/Src/stm32u5xx_hal.o
 .debug_aranges
                0x000002e0      0x140 ./Drivers/STM32U5xx_HAL_Driver/Src/stm32u5xx_hal_cortex.o
 .debug_aranges
                0x00000420       0x78 ./Drivers/STM32U5xx_HAL_Driver/Src/stm32u5xx_hal_gpio.o
 .debug_aranges
                0x00000498       0xa8 ./Drivers/STM32U5xx_HAL_Driver/Src/stm32u5xx_hal_icache.o
 .debug_aranges
                0x00000540      0x1e0 ./Drivers/STM32U5xx_HAL_Driver/Src/stm32u5xx_hal_pwr_ex.o
 .debug_aranges
                0x00000720       0xa8 ./Drivers/STM32U5xx_HAL_Driver/Src/stm32u5xx_hal_rcc.o
 .debug_aranges
                0x000007c8      0x160 ./Drivers/STM32U5xx_HAL_Driver/Src/stm32u5xx_hal_rcc_ex.o
 .debug_aranges
                0x00000928      0x248 ./Drivers/STM32U5xx_HAL_Driver/Src/stm32u5xx_hal_uart.o
 .debug_aranges
                0x00000b70       0xb8 ./Drivers/STM32U5xx_HAL_Driver/Src/stm32u5xx_hal_uart_ex.o
 .debug_aranges
                0x00000c28      0x298 ./Middlewares/Third_Party/FreeRTOS/Source/CMSIS_RTOS_V2/cmsis_os2.o
 .debug_aranges
                0x00000ec0       0x40 ./Middlewares/Third_Party/FreeRTOS/Source/list.o
 .debug_aranges
                0x00000f00      0x170 ./Middlewares/Third_Party/FreeRTOS/Source/queue.o
 .debug_aranges
                0x00001070      0x260 ./Middlewares/Third_Party/FreeRTOS/Source/tasks.o
 .debug_aranges
                0x000012d0      0x118 ./Middlewares/Third_Party/FreeRTOS/Source/timers.o
 .debug_aranges
                0x000013e8       0x78 ./Middlewares/Third_Party/FreeRTOS/Source/portable/GCC/ARM_CM33_NTZ/non_secure/port.o
 .debug_aranges
                0x00001460       0x60 ./Middlewares/Third_Party/FreeRTOS/Source/portable/GCC/ARM_CM33_NTZ/non_secure/portasm.o
 .debug_aranges
                0x000014c0       0x70 ./Middlewares/Third_Party/FreeRTOS/Source/portable/MemMang/heap_4.o

.debug_rnglists
                0x00000000     0x1042
 .debug_rnglists
                0x00000000       0x25 ./Core/Src/app_freertos.o
 .debug_rnglists
                0x00000025       0x14 ./Core/Src/gpio.o
 .debug_rnglists
                0x00000039       0x13 ./Core/Src/icache.o
 .debug_rnglists
                0x0000004c       0x26 ./Core/Src/main.o
 .debug_rnglists
                0x00000072       0x13 ./Core/Src/stm32u5xx_hal_msp.o
 .debug_rnglists
                0x00000085       0x31 ./Core/Src/stm32u5xx_it.o
 .debug_rnglists
                0x000000b6       0x1a ./Core/Src/system_stm32u5xx.o
 .debug_rnglists
                0x000000d0       0x21 ./Core/Src/usart.o
 .debug_rnglists
                0x000000f1       0x19 ./Core/Startup/startup_stm32u545retxq.o
 .debug_rnglists
                0x0000010a       0xf3 ./Drivers/STM32U5xx_HAL_Driver/Src/stm32u5xx_hal.o
 .debug_rnglists
                0x000001fd       0xec ./Drivers/STM32U5xx_HAL_Driver/Src/stm32u5xx_hal_cortex.o
 .debug_rnglists
                0x000002e9       0x5a ./Drivers/STM32U5xx_HAL_Driver/Src/stm32u5xx_hal_gpio.o
 .debug_rnglists
                0x00000343       0x7a ./Drivers/STM32U5xx_HAL_Driver/Src/stm32u5xx_hal_icache.o
 .debug_rnglists
                0x000003bd      0x16e ./Drivers/STM32U5xx_HAL_Driver/Src/stm32u5xx_hal_pwr_ex.o
 .debug_rnglists
                0x0000052b       0x7f ./Drivers/STM32U5xx_HAL_Driver/Src/stm32u5xx_hal_rcc.o
 .debug_rnglists
                0x000005aa      0x113 ./Drivers/STM32U5xx_HAL_Driver/Src/stm32u5xx_hal_rcc_ex.o
 .debug_rnglists
                0x000006bd      0x1fc ./Drivers/STM32U5xx_HAL_Driver/Src/stm32u5xx_hal_uart.o
 .debug_rnglists
                0x000008b9       0x8c ./Drivers/STM32U5xx_HAL_Driver/Src/stm32u5xx_hal_uart_ex.o
 .debug_rnglists
                0x00000945      0x200 ./Middlewares/Third_Party/FreeRTOS/Source/CMSIS_RTOS_V2/cmsis_os2.o
 .debug_rnglists
                0x00000b45       0x2b ./Middlewares/Third_Party/FreeRTOS/Source/list.o
 .debug_rnglists
                0x00000b70      0x11d ./Middlewares/Third_Party/FreeRTOS/Source/queue.o
 .debug_rnglists
                0x00000c8d      0x1f4 ./Middlewares/Third_Party/FreeRTOS/Source/tasks.o
 .debug_rnglists
                0x00000e81       0xd3 ./Middlewares/Third_Party/FreeRTOS/Source/timers.o
 .debug_rnglists
                0x00000f54       0x57 ./Middlewares/Third_Party/FreeRTOS/Source/portable/GCC/ARM_CM33_NTZ/non_secure/port.o
 .debug_rnglists
                0x00000fab       0x43 ./Middlewares/Third_Party/FreeRTOS/Source/portable/GCC/ARM_CM33_NTZ/non_secure/portasm.o
 .debug_rnglists
                0x00000fee       0x54 ./Middlewares/Third_Party/FreeRTOS/Source/portable/MemMang/heap_4.o

.debug_macro    0x00000000    0x307be
 .debug_macro   0x00000000      0x370 ./Core/Src/app_freertos.o
 .debug_macro   0x00000370      0xae4 ./Core/Src/app_freertos.o
 .debug_macro   0x00000e54      0x190 ./Core/Src/app_freertos.o
 .debug_macro   0x00000fe4       0x22 ./Core/Src/app_freertos.o
 .debug_macro   0x00001006       0x8e ./Core/Src/app_freertos.o
 .debug_macro   0x00001094       0x51 ./Core/Src/app_freertos.o
 .debug_macro   0x000010e5      0x103 ./Core/Src/app_freertos.o
 .debug_macro   0x000011e8       0x6a ./Core/Src/app_freertos.o
 .debug_macro   0x00001252      0x1df ./Core/Src/app_freertos.o
 .debug_macro   0x00001431       0x16 ./Core/Src/app_freertos.o
 .debug_macro   0x00001447      0x1cd ./Core/Src/app_freertos.o
 .debug_macro   0x00001614       0x28 ./Core/Src/app_freertos.o
 .debug_macro   0x0000163c      0x182 ./Core/Src/app_freertos.o
 .debug_macro   0x000017be       0x22 ./Core/Src/app_freertos.o
 .debug_macro   0x000017e0      0x1c1 ./Core/Src/app_freertos.o
 .debug_macro   0x000019a1       0x16 ./Core/Src/app_freertos.o
 .debug_macro   0x000019b7       0x1c ./Core/Src/app_freertos.o
 .debug_macro   0x000019d3       0x1f ./Core/Src/app_freertos.o
 .debug_macro   0x000019f2       0x12 ./Core/Src/app_freertos.o
 .debug_macro   0x00001a04     0x1055 ./Core/Src/app_freertos.o
 .debug_macro   0x00002a59       0xc3 ./Core/Src/app_freertos.o
 .debug_macro   0x00002b1c      0x14f ./Core/Src/app_freertos.o
 .debug_macro   0x00002c6b      0x1fb ./Core/Src/app_freertos.o
 .debug_macro   0x00002e66       0x2e ./Core/Src/app_freertos.o
 .debug_macro   0x00002e94       0x42 ./Core/Src/app_freertos.o
 .debug_macro   0x00002ed6       0x1c ./Core/Src/app_freertos.o
 .debug_macro   0x00002ef2       0x29 ./Core/Src/app_freertos.o
 .debug_macro   0x00002f1b       0xfb ./Core/Src/app_freertos.o
 .debug_macro   0x00003016     0x1685 ./Core/Src/app_freertos.o
 .debug_macro   0x0000469b       0x5e ./Core/Src/app_freertos.o
 .debug_macro   0x000046f9    0x1e737 ./Core/Src/app_freertos.o
 .debug_macro   0x00022e30       0x6d ./Core/Src/app_freertos.o
 .debug_macro   0x00022e9d     0x393e ./Core/Src/app_freertos.o
 .debug_macro   0x000267db       0x61 ./Core/Src/app_freertos.o
 .debug_macro   0x0002683c       0x2a ./Core/Src/app_freertos.o
 .debug_macro   0x00026866       0x43 ./Core/Src/app_freertos.o
 .debug_macro   0x000268a9       0x34 ./Core/Src/app_freertos.o
 .debug_macro   0x000268dd      0x370 ./Core/Src/app_freertos.o
 .debug_macro   0x00026c4d       0x16 ./Core/Src/app_freertos.o
 .debug_macro   0x00026c63       0x4a ./Core/Src/app_freertos.o
 .debug_macro   0x00026cad       0x34 ./Core/Src/app_freertos.o
 .debug_macro   0x00026ce1       0x10 ./Core/Src/app_freertos.o
 .debug_macro   0x00026cf1       0x58 ./Core/Src/app_freertos.o
 .debug_macro   0x00026d49       0x8e ./Core/Src/app_freertos.o
 .debug_macro   0x00026dd7       0x1c ./Core/Src/app_freertos.o
 .debug_macro   0x00026df3      0x185 ./Core/Src/app_freertos.o
 .debug_macro   0x00026f78      0x19b ./Core/Src/app_freertos.o
 .debug_macro   0x00027113       0x5d ./Core/Src/app_freertos.o
 .debug_macro   0x00027170     0x1933 ./Core/Src/app_freertos.o
 .debug_macro   0x00028aa3      0x796 ./Core/Src/app_freertos.o
 .debug_macro   0x00029239      0x166 ./Core/Src/app_freertos.o
 .debug_macro   0x0002939f      0x250 ./Core/Src/app_freertos.o
 .debug_macro   0x000295ef       0xc9 ./Core/Src/app_freertos.o
 .debug_macro   0x000296b8      0x574 ./Core/Src/app_freertos.o
 .debug_macro   0x00029c2c      0x440 ./Core/Src/app_freertos.o
 .debug_macro   0x0002a06c       0xd6 ./Core/Src/app_freertos.o
 .debug_macro   0x0002a142      0x1cd ./Core/Src/app_freertos.o
 .debug_macro   0x0002a30f      0x42b ./Core/Src/app_freertos.o
 .debug_macro   0x0002a73a       0x95 ./Core/Src/app_freertos.o
 .debug_macro   0x0002a7cf      0x11c ./Core/Src/app_freertos.o
 .debug_macro   0x0002a8eb      0x525 ./Core/Src/app_freertos.o
 .debug_macro   0x0002ae10      0x448 ./Core/Src/app_freertos.o
 .debug_macro   0x0002b258      0x677 ./Core/Src/app_freertos.o
 .debug_macro   0x0002b8cf      0x1a1 ./Core/Src/app_freertos.o
 .debug_macro   0x0002ba70      0x1b8 ./Core/Src/app_freertos.o
 .debug_macro   0x0002bc28      0x361 ./Core/Src/app_freertos.o
 .debug_macro   0x0002bf89       0x22 ./Core/Src/app_freertos.o
 .debug_macro   0x0002bfab       0x52 ./Core/Src/app_freertos.o
 .debug_macro   0x0002bffd       0x89 ./Core/Src/app_freertos.o
 .debug_macro   0x0002c086       0x1c ./Core/Src/app_freertos.o
 .debug_macro   0x0002c0a2       0x74 ./Core/Src/app_freertos.o
 .debug_macro   0x0002c116       0x16 ./Core/Src/app_freertos.o
 .debug_macro   0x0002c12c       0x3c ./Core/Src/app_freertos.o
 .debug_macro   0x0002c168       0x20 ./Core/Src/app_freertos.o
 .debug_macro   0x0002c188      0x29e ./Core/Src/gpio.o
 .debug_macro   0x0002c426      0x29e ./Core/Src/icache.o
 .debug_macro   0x0002c6c4      0x2f9 ./Core/Src/main.o
 .debug_macro   0x0002c9bd      0x294 ./Core/Src/stm32u5xx_hal_msp.o
 .debug_macro   0x0002cc51      0x323 ./Core/Src/stm32u5xx_it.o
 .debug_macro   0x0002cf74      0x1cd ./Core/Src/stm32u5xx_it.o
 .debug_macro   0x0002d141      0x26b ./Core/Src/system_stm32u5xx.o
 .debug_macro   0x0002d3ac      0x29e ./Core/Src/usart.o
 .debug_macro   0x0002d64a      0x288 ./Drivers/STM32U5xx_HAL_Driver/Src/stm32u5xx_hal.o
 .debug_macro   0x0002d8d2      0x264 ./Drivers/STM32U5xx_HAL_Driver/Src/stm32u5xx_hal_cortex.o
 .debug_macro   0x0002db36      0x299 ./Drivers/STM32U5xx_HAL_Driver/Src/stm32u5xx_hal_gpio.o
 .debug_macro   0x0002ddcf      0x296 ./Drivers/STM32U5xx_HAL_Driver/Src/stm32u5xx_hal_icache.o
 .debug_macro   0x0002e065      0x28f ./Drivers/STM32U5xx_HAL_Driver/Src/stm32u5xx_hal_pwr_ex.o
 .debug_macro   0x0002e2f4      0x36a ./Drivers/STM32U5xx_HAL_Driver/Src/stm32u5xx_hal_rcc.o
 .debug_macro   0x0002e65e      0x388 ./Drivers/STM32U5xx_HAL_Driver/Src/stm32u5xx_hal_rcc_ex.o
 .debug_macro   0x0002e9e6      0x28f ./Drivers/STM32U5xx_HAL_Driver/Src/stm32u5xx_hal_uart.o
 .debug_macro   0x0002ec75      0x270 ./Drivers/STM32U5xx_HAL_Driver/Src/stm32u5xx_hal_uart_ex.o
 .debug_macro   0x0002eee5      0x3d6 ./Middlewares/Third_Party/FreeRTOS/Source/CMSIS_RTOS_V2/cmsis_os2.o
 .debug_macro   0x0002f2bb       0x10 ./Middlewares/Third_Party/FreeRTOS/Source/CMSIS_RTOS_V2/cmsis_os2.o
 .debug_macro   0x0002f2cb       0x98 ./Middlewares/Third_Party/FreeRTOS/Source/CMSIS_RTOS_V2/cmsis_os2.o
 .debug_macro   0x0002f363       0x23 ./Middlewares/Third_Party/FreeRTOS/Source/CMSIS_RTOS_V2/cmsis_os2.o
 .debug_macro   0x0002f386       0x94 ./Middlewares/Third_Party/FreeRTOS/Source/CMSIS_RTOS_V2/cmsis_os2.o
 .debug_macro   0x0002f41a       0xa8 ./Middlewares/Third_Party/FreeRTOS/Source/CMSIS_RTOS_V2/cmsis_os2.o
 .debug_macro   0x0002f4c2       0x22 ./Middlewares/Third_Party/FreeRTOS/Source/CMSIS_RTOS_V2/cmsis_os2.o
 .debug_macro   0x0002f4e4      0x1b0 ./Middlewares/Third_Party/FreeRTOS/Source/list.o
 .debug_macro   0x0002f694      0x247 ./Middlewares/Third_Party/FreeRTOS/Source/queue.o
 .debug_macro   0x0002f8db       0x8e ./Middlewares/Third_Party/FreeRTOS/Source/queue.o
 .debug_macro   0x0002f969      0x2db ./Middlewares/Third_Party/FreeRTOS/Source/tasks.o
 .debug_macro   0x0002fc44       0x17 ./Middlewares/Third_Party/FreeRTOS/Source/tasks.o
 .debug_macro   0x0002fc5b      0x1ff ./Middlewares/Third_Party/FreeRTOS/Source/timers.o
 .debug_macro   0x0002fe5a       0x9e ./Middlewares/Third_Party/FreeRTOS/Source/timers.o
 .debug_macro   0x0002fef8      0x3db ./Middlewares/Third_Party/FreeRTOS/Source/portable/GCC/ARM_CM33_NTZ/non_secure/port.o
 .debug_macro   0x000302d3      0x1b4 ./Middlewares/Third_Party/FreeRTOS/Source/portable/GCC/ARM_CM33_NTZ/non_secure/port.o
 .debug_macro   0x00030487       0xf8 ./Middlewares/Third_Party/FreeRTOS/Source/portable/GCC/ARM_CM33_NTZ/non_secure/portasm.o
 .debug_macro   0x0003057f      0x23f ./Middlewares/Third_Party/FreeRTOS/Source/portable/MemMang/heap_4.o

.debug_line     0x00000000    0x19ad5
 .debug_line    0x00000000      0xaf0 ./Core/Src/app_freertos.o
 .debug_line    0x00000af0      0x8e8 ./Core/Src/gpio.o
 .debug_line    0x000013d8      0x8e9 ./Core/Src/icache.o
 .debug_line    0x00001cc1      0xa05 ./Core/Src/main.o
 .debug_line    0x000026c6      0x8d0 ./Core/Src/stm32u5xx_hal_msp.o
 .debug_line    0x00002f96      0xa68 ./Core/Src/stm32u5xx_it.o
 .debug_line    0x000039fe      0x967 ./Core/Src/system_stm32u5xx.o
 .debug_line    0x00004365      0x985 ./Core/Src/usart.o
 .debug_line    0x00004cea       0x7b ./Core/Startup/startup_stm32u545retxq.o
 .debug_line    0x00004d65      0xd0c ./Drivers/STM32U5xx_HAL_Driver/Src/stm32u5xx_hal.o
 .debug_line    0x00005a71      0xeb6 ./Drivers/STM32U5xx_HAL_Driver/Src/stm32u5xx_hal_cortex.o
 .debug_line    0x00006927      0xe15 ./Drivers/STM32U5xx_HAL_Driver/Src/stm32u5xx_hal_gpio.o
 .debug_line    0x0000773c      0xb59 ./Drivers/STM32U5xx_HAL_Driver/Src/stm32u5xx_hal_icache.o
 .debug_line    0x00008295     0x115f ./Drivers/STM32U5xx_HAL_Driver/Src/stm32u5xx_hal_pwr_ex.o
 .debug_line    0x000093f4     0x16f3 ./Drivers/STM32U5xx_HAL_Driver/Src/stm32u5xx_hal_rcc.o
 .debug_line    0x0000aae7     0x229f ./Drivers/STM32U5xx_HAL_Driver/Src/stm32u5xx_hal_rcc_ex.o
 .debug_line    0x0000cd86     0x3726 ./Drivers/STM32U5xx_HAL_Driver/Src/stm32u5xx_hal_uart.o
 .debug_line    0x000104ac      0xe97 ./Drivers/STM32U5xx_HAL_Driver/Src/stm32u5xx_hal_uart_ex.o
 .debug_line    0x00011343     0x22ca ./Middlewares/Third_Party/FreeRTOS/Source/CMSIS_RTOS_V2/cmsis_os2.o
 .debug_line    0x0001360d      0x7c1 ./Middlewares/Third_Party/FreeRTOS/Source/list.o
 .debug_line    0x00013dce     0x15f9 ./Middlewares/Third_Party/FreeRTOS/Source/queue.o
 .debug_line    0x000153c7     0x1fe9 ./Middlewares/Third_Party/FreeRTOS/Source/tasks.o
 .debug_line    0x000173b0      0xdd5 ./Middlewares/Third_Party/FreeRTOS/Source/timers.o
 .debug_line    0x00018185      0x833 ./Middlewares/Third_Party/FreeRTOS/Source/portable/GCC/ARM_CM33_NTZ/non_secure/port.o
 .debug_line    0x000189b8      0x627 ./Middlewares/Third_Party/FreeRTOS/Source/portable/GCC/ARM_CM33_NTZ/non_secure/portasm.o
 .debug_line    0x00018fdf      0xaf6 ./Middlewares/Third_Party/FreeRTOS/Source/portable/MemMang/heap_4.o

.debug_str      0x00000000   0x12d400
 .debug_str     0x00000000   0x12d400 ./Core/Src/app_freertos.o
                             0x11e9dc (size before relaxing)
 .debug_str     0x0012d400   0x112df9 ./Core/Src/gpio.o
 .debug_str     0x0012d400   0x112b6d ./Core/Src/icache.o
 .debug_str     0x0012d400   0x1136f4 ./Core/Src/main.o
 .debug_str     0x0012d400   0x1133e1 ./Core/Src/stm32u5xx_hal_msp.o
 .debug_str     0x0012d400   0x11db3e ./Core/Src/stm32u5xx_it.o
 .debug_str     0x0012d400   0x112912 ./Core/Src/system_stm32u5xx.o
 .debug_str     0x0012d400   0x1137f4 ./Core/Src/usart.o
 .debug_str     0x0012d400       0xb9 ./Core/Startup/startup_stm32u545retxq.o
 .debug_str     0x0012d400   0x1136b1 ./Drivers/STM32U5xx_HAL_Driver/Src/stm32u5xx_hal.o
 .debug_str     0x0012d400   0x1134f2 ./Drivers/STM32U5xx_HAL_Driver/Src/stm32u5xx_hal_cortex.o
 .debug_str     0x0012d400   0x112937 ./Drivers/STM32U5xx_HAL_Driver/Src/stm32u5xx_hal_gpio.o
 .debug_str     0x0012d400   0x112c34 ./Drivers/STM32U5xx_HAL_Driver/Src/stm32u5xx_hal_icache.o
 .debug_str     0x0012d400   0x112fb2 ./Drivers/STM32U5xx_HAL_Driver/Src/stm32u5xx_hal_pwr_ex.o
 .debug_str     0x0012d400   0x113f77 ./Drivers/STM32U5xx_HAL_Driver/Src/stm32u5xx_hal_rcc.o
 .debug_str     0x0012d400   0x1150e5 ./Drivers/STM32U5xx_HAL_Driver/Src/stm32u5xx_hal_rcc_ex.o
 .debug_str     0x0012d400   0x1135d9 ./Drivers/STM32U5xx_HAL_Driver/Src/stm32u5xx_hal_uart.o
 .debug_str     0x0012d400   0x11308b ./Drivers/STM32U5xx_HAL_Driver/Src/stm32u5xx_hal_uart_ex.o
 .debug_str     0x0012d400   0x12119e ./Middlewares/Third_Party/FreeRTOS/Source/CMSIS_RTOS_V2/cmsis_os2.o
 .debug_str     0x0012d400    0x11122 ./Middlewares/Third_Party/FreeRTOS/Source/list.o
 .debug_str     0x0012d400    0x13d6f ./Middlewares/Third_Party/FreeRTOS/Source/queue.o
 .debug_str     0x0012d400    0x14c00 ./Middlewares/Third_Party/FreeRTOS/Source/tasks.o
 .debug_str     0x0012d400    0x141c4 ./Middlewares/Third_Party/FreeRTOS/Source/timers.o
 .debug_str     0x0012d400    0x11252 ./Middlewares/Third_Party/FreeRTOS/Source/portable/GCC/ARM_CM33_NTZ/non_secure/port.o
 .debug_str     0x0012d400     0xdce6 ./Middlewares/Third_Party/FreeRTOS/Source/portable/GCC/ARM_CM33_NTZ/non_secure/portasm.o
 .debug_str     0x0012d400    0x12c85 ./Middlewares/Third_Party/FreeRTOS/Source/portable/MemMang/heap_4.o

.comment        0x00000000       0x43
 .comment       0x00000000       0x43 ./Core/Src/app_freertos.o
                                 0x44 (size before relaxing)
 .comment       0x00000043       0x44 ./Core/Src/gpio.o
 .comment       0x00000043       0x44 ./Core/Src/icache.o
 .comment       0x00000043       0x44 ./Core/Src/main.o
 .comment       0x00000043       0x44 ./Core/Src/stm32u5xx_hal_msp.o
 .comment       0x00000043       0x44 ./Core/Src/stm32u5xx_it.o
 .comment       0x00000043       0x44 ./Core/Src/system_stm32u5xx.o
 .comment       0x00000043       0x44 ./Core/Src/usart.o
 .comment       0x00000043       0x44 ./Drivers/STM32U5xx_HAL_Driver/Src/stm32u5xx_hal.o
 .comment       0x00000043       0x44 ./Drivers/STM32U5xx_HAL_Driver/Src/stm32u5xx_hal_cortex.o
 .comment       0x00000043       0x44 ./Drivers/STM32U5xx_HAL_Driver/Src/stm32u5xx_hal_gpio.o
 .comment       0x00000043       0x44 ./Drivers/STM32U5xx_HAL_Driver/Src/stm32u5xx_hal_icache.o
 .comment       0x00000043       0x44 ./Drivers/STM32U5xx_HAL_Driver/Src/stm32u5xx_hal_pwr_ex.o
 .comment       0x00000043       0x44 ./Drivers/STM32U5xx_HAL_Driver/Src/stm32u5xx_hal_rcc.o
 .comment       0x00000043       0x44 ./Drivers/STM32U5xx_HAL_Driver/Src/stm32u5xx_hal_rcc_ex.o
 .comment       0x00000043       0x44 ./Drivers/STM32U5xx_HAL_Driver/Src/stm32u5xx_hal_uart.o
 .comment       0x00000043       0x44 ./Drivers/STM32U5xx_HAL_Driver/Src/stm32u5xx_hal_uart_ex.o
 .comment       0x00000043       0x44 ./Middlewares/Third_Party/FreeRTOS/Source/CMSIS_RTOS_V2/cmsis_os2.o
 .comment       0x00000043       0x44 ./Middlewares/Third_Party/FreeRTOS/Source/list.o
 .comment       0x00000043       0x44 ./Middlewares/Third_Party/FreeRTOS/Source/queue.o
 .comment       0x00000043       0x44 ./Middlewares/Third_Party/FreeRTOS/Source/tasks.o
 .comment       0x00000043       0x44 ./Middlewares/Third_Party/FreeRTOS/Source/timers.o
 .comment       0x00000043       0x44 ./Middlewares/Third_Party/FreeRTOS/Source/portable/GCC/ARM_CM33_NTZ/non_secure/port.o
 .comment       0x00000043       0x44 ./Middlewares/Third_Party/FreeRTOS/Source/portable/GCC/ARM_CM33_NTZ/non_secure/portasm.o
 .comment       0x00000043       0x44 ./Middlewares/Third_Party/FreeRTOS/Source/portable/MemMang/heap_4.o

.debug_frame    0x00000000     0x562c
 .debug_frame   0x00000000       0x90 ./Core/Src/app_freertos.o
 .debug_frame   0x00000090       0x34 ./Core/Src/gpio.o
 .debug_frame   0x000000c4       0x2c ./Core/Src/icache.o
 .debug_frame   0x000000f0       0x8c ./Core/Src/main.o
 .debug_frame   0x0000017c       0x34 ./Core/Src/stm32u5xx_hal_msp.o
 .debug_frame   0x000001b0       0xa8 ./Core/Src/stm32u5xx_it.o
 .debug_frame   0x00000258       0x58 ./Core/Src/system_stm32u5xx.o
 .debug_frame   0x000002b0       0x78 ./Core/Src/usart.o
 .debug_frame   0x00000328      0x500 ./Drivers/STM32U5xx_HAL_Driver/Src/stm32u5xx_hal.o
 .debug_frame   0x00000828      0x560 ./Drivers/STM32U5xx_HAL_Driver/Src/stm32u5xx_hal_cortex.o
 .debug_frame   0x00000d88      0x1ec ./Drivers/STM32U5xx_HAL_Driver/Src/stm32u5xx_hal_gpio.o
 .debug_frame   0x00000f74      0x298 ./Drivers/STM32U5xx_HAL_Driver/Src/stm32u5xx_hal_icache.o
 .debug_frame   0x0000120c      0x7cc ./Drivers/STM32U5xx_HAL_Driver/Src/stm32u5xx_hal_pwr_ex.o
 .debug_frame   0x000019d8      0x288 ./Drivers/STM32U5xx_HAL_Driver/Src/stm32u5xx_hal_rcc.o
 .debug_frame   0x00001c60      0x5f4 ./Drivers/STM32U5xx_HAL_Driver/Src/stm32u5xx_hal_rcc_ex.o
 .debug_frame   0x00002254      0xa8c ./Drivers/STM32U5xx_HAL_Driver/Src/stm32u5xx_hal_uart.o
 .debug_frame   0x00002ce0      0x310 ./Drivers/STM32U5xx_HAL_Driver/Src/stm32u5xx_hal_uart_ex.o
 .debug_frame   0x00002ff0      0xb68 ./Middlewares/Third_Party/FreeRTOS/Source/CMSIS_RTOS_V2/cmsis_os2.o
 .debug_frame   0x00003b58       0xd8 ./Middlewares/Third_Party/FreeRTOS/Source/list.o
 .debug_frame   0x00003c30      0x644 ./Middlewares/Third_Party/FreeRTOS/Source/queue.o
 .debug_frame   0x00004274      0xa80 ./Middlewares/Third_Party/FreeRTOS/Source/tasks.o
 .debug_frame   0x00004cf4      0x48c ./Middlewares/Third_Party/FreeRTOS/Source/timers.o
 .debug_frame   0x00005180      0x1a8 ./Middlewares/Third_Party/FreeRTOS/Source/portable/GCC/ARM_CM33_NTZ/non_secure/port.o
 .debug_frame   0x00005328       0xa0 ./Middlewares/Third_Party/FreeRTOS/Source/portable/GCC/ARM_CM33_NTZ/non_secure/portasm.o
 .debug_frame   0x000053c8      0x18c ./Middlewares/Third_Party/FreeRTOS/Source/portable/MemMang/heap_4.o
 .debug_frame   0x00005554       0x20 C:/ST/STM32CubeIDE_1.19.0/STM32CubeIDE/plugins/com.st.stm32cube.ide.mcu.externaltools.gnu-tools-for-stm32.13.3.rel1.win32_1.0.0.202411081344/tools/bin/../lib/gcc/arm-none-eabi/13.3.1/../../../../arm-none-eabi/lib/thumb/v8-m.main+fp/hard\libc_nano.a(libc_a-memset.o)
 .debug_frame   0x00005574       0x2c C:/ST/STM32CubeIDE_1.19.0/STM32CubeIDE/plugins/com.st.stm32cube.ide.mcu.externaltools.gnu-tools-for-stm32.13.3.rel1.win32_1.0.0.202411081344/tools/bin/../lib/gcc/arm-none-eabi/13.3.1/../../../../arm-none-eabi/lib/thumb/v8-m.main+fp/hard\libc_nano.a(libc_a-init.o)
 .debug_frame   0x000055a0       0x28 C:/ST/STM32CubeIDE_1.19.0/STM32CubeIDE/plugins/com.st.stm32cube.ide.mcu.externaltools.gnu-tools-for-stm32.13.3.rel1.win32_1.0.0.202411081344/tools/bin/../lib/gcc/arm-none-eabi/13.3.1/../../../../arm-none-eabi/lib/thumb/v8-m.main+fp/hard\libc_nano.a(libc_a-memcpy-stub.o)
 .debug_frame   0x000055c8       0x2c C:/ST/STM32CubeIDE_1.19.0/STM32CubeIDE/plugins/com.st.stm32cube.ide.mcu.externaltools.gnu-tools-for-stm32.13.3.rel1.win32_1.0.0.202411081344/tools/bin/../lib/gcc/arm-none-eabi/13.3.1/thumb/v8-m.main+fp/hard\libgcc.a(_aeabi_uldivmod.o)
 .debug_frame   0x000055f4       0x38 C:/ST/STM32CubeIDE_1.19.0/STM32CubeIDE/plugins/com.st.stm32cube.ide.mcu.externaltools.gnu-tools-for-stm32.13.3.rel1.win32_1.0.0.202411081344/tools/bin/../lib/gcc/arm-none-eabi/13.3.1/thumb/v8-m.main+fp/hard\libgcc.a(_udivmoddi4.o)

.debug_line_str
                0x00000000       0x9d
 .debug_line_str
                0x00000000       0x9d ./Core/Startup/startup_stm32u545retxq.o
